protenix_v2 rep 6: 83 ligands, 5 samples, 4 per job
  r6[1] 5AW,6AW,7AW,80K -> e4725b0e-f36a-44f4-a963-499d312e994b
  r6[2] 8AW,A1A06,A1A07,A1A08 -> cf26ffa2-6332-4cfe-844e-7ceca14f6e26
  r6[3] A1A4K,A1A4S,A1A4T,A1A4U -> 01af76ea-9c63-43b3-a301-fa3064e4addc
  r6[4] A1A4V,A1APA,A1ASO,A1ASP -> 4d0b78f6-ef1d-4be5-95d3-79f8fc85fe32
  r6[5] A1ASQ,A1ASR,A1ASS,A1AST -> 3cd90c30-f98e-42e9-bf4f-e24e2ff1102e
  r6[6] A1ASU,A1ASV,A1BNX,A1CIW -> 3def933b-d868-4bd0-bb12-d1eca82f864a
  r6[7] CFF,CL6,D0R,D7J -> cc6d42f3-fbb7-4ac9-9485-7a59013f67cd
  r6[8] D7M,D7Y,D81,DEJ -> ac1ee08b-7145-48b7-9914-95d271ab4dc4
  r6[9] DEV,DJ1,ERY,FZV -> 34343a7f-7737-4195-976d-db7b4e5e147f
  r6[10] G0D,G0J,G0M,G0V -> b2ab4ffb-b85b-4fbd-a828-ebfc21092565
  r6[11] G1J,J9K,KLN,MF8 -> c24c2f03-09ae-473c-bf14-6cab4553a7f3
  r6[12] MWS,MWV,MWY,MYT -> 45760795-af35-4601-a5f3-6fc8f12dc3f1
  r6[13] NH0,NI6,NJ0,NJO -> 583a6737-eea6-4791-86b2-ba4c3e4baf96
  r6[14] NXR,NYF,PG0,PG4 -> ecdec44a-da9b-496c-8d70-734579a5dfc0
  r6[15] PK9,PKT,QDJ,QDP -> 5c20bcee-4528-4028-9254-f8ecffdda2ee
  r6[16] QDV,QDY,QE4,QEA -> b829abe8-a9a5-453d-aec2-145f216e5e43
  r6[17] QEP,QES,RIT,T0K -> ac66e21c-bd1d-4e37-8df3-a2cd2e282f05
  r6[18] TCI,X5Y,X6J,X6S -> e1846afb-a6b4-40ac-8540-21ee9bd5c01c
  r6[19] X6V,X71,X74,X7D -> 6c1da00a-9227-4e73-9172-a2d7086c0154
  r6[20] X7J,X7M,X7P,Y83 -> 319bf45b-6c35-4fc4-b7f3-991941dbf8ea
  r6[21] YNV,Z8Z,Z9Z -> 83e34aec-bf69-4109-8b12-8f10b80e08ee
protenix_v2 rep 7: 87 ligands, 5 samples, 4 per job
  r7[1] 08J,08Y,1RD,2QH -> d11f2589-5aba-48d0-b65f-fa6c9a68dc94
  r7[2] 5AW,6AW,7AW,80K -> 4321ac6d-4849-40c3-bb31-92a391a324f2
  r7[3] 8AW,A1A06,A1A07,A1A08 -> 2f350ad0-7b1b-479d-9c73-7abdc07cd8f7
  r7[4] A1A4K,A1A4S,A1A4T,A1A4U -> d24c0305-356e-44e5-b4f2-d542af3dcbe6
  r7[5] A1A4V,A1APA,A1ASO,A1ASP -> 065ad263-99d9-489c-ab2c-b1db00ff7fc9
  r7[6] A1ASQ,A1ASR,A1ASS,A1AST -> 54067ecc-ab8b-4c11-a3dd-a6079b155777
  r7[7] A1ASU,A1ASV,A1BNX,A1CIW -> 471fe675-4e71-4775-a555-c9453a26c6b6
  r7[8] CFF,CL6,D0R,D7J -> 41db4e6d-8b86-4602-b5ba-18788e919ace
  r7[9] D7M,D7Y,D81,DEJ -> d577f735-be87-4b74-af41-cca944265f94
  r7[10] DEV,DJ1,ERY,FZV -> dc51e93d-64a7-4e56-99cd-5c20eea02e11
  r7[11] G0D,G0J,G0M,G0V -> 7aef7d97-142e-4624-aa0f-ac70eb8e83e0
  r7[12] G1J,J9K,KLN,MF8 -> b0523797-273c-453a-b4a8-7ff0eb93137d
  r7[13] MWS,MWV,MWY,MYT -> 5544cd8d-4b11-46ec-a4b7-2a351afeb9cf
  r7[14] NH0,NI6,NJ0,NJO -> 48129f8b-f27d-4f6d-859e-2ba9f86e2e7a
  r7[15] NXR,NYF,PG0,PG4 -> 168ad765-2578-4dbc-8bbd-8e18ea511c03
  r7[16] PK9,PKT,QDJ,QDP -> abfa1786-0582-414a-82da-5278c24b4b5c
  r7[17] QDV,QDY,QE4,QEA -> 846dbcbe-2c18-4346-a096-b893726ff5fc
  r7[18] QEP,QES,RIT,T0K -> 660b73fb-1f79-4829-add7-55ff7fba6fdc
  r7[19] TCI,X5Y,X6J,X6S -> 3ce1122f-5e04-4c34-a5d1-621d4d9d1725
  r7[20] X6V,X71,X74,X7D -> 51a8baae-ca5d-4346-9a7e-34290cb39d83
  r7[21] X7J,X7M,X7P,Y83 -> 710fc29c-10ae-401d-ac24-ef675e37b04c
  r7[22] YNV,Z8Z,Z9Z -> 000ce29b-7fc1-493f-8d5d-484c9eb40882
protenix_v2 rep 8: 87 ligands, 5 samples, 4 per job
  r8[1] 08J,08Y,1RD,2QH -> 5ad43abf-828a-4aa5-a3e7-4580a185e80d
  r8[2] 5AW,6AW,7AW,80K -> f308e2e7-fc4a-46f7-8080-e6983a9261d9
  r8[3] 8AW,A1A06,A1A07,A1A08 -> 37478507-a112-4102-9bcf-2ce22ff17bb2
  r8[4] A1A4K,A1A4S,A1A4T,A1A4U -> f5f36de0-c8c9-4a05-9ba3-a8a451c7dc6b
  r8[5] A1A4V,A1APA,A1ASO,A1ASP -> f00307b8-b6fd-4fbc-a07a-2028db566fd8
  r8[6] A1ASQ,A1ASR,A1ASS,A1AST -> d5e0d472-772b-49d6-a97e-afd84d78556d
  r8[7] A1ASU,A1ASV,A1BNX,A1CIW -> fef749c9-aac6-41c7-b9fc-fe8033aef0ef
  r8[8] CFF,CL6,D0R,D7J -> 72eccacd-7544-4b5b-a1c0-e15d0a514a4e
  r8[9] D7M,D7Y,D81,DEJ -> ce359223-dd07-48f0-8570-00f09476d515
  r8[10] DEV,DJ1,ERY,FZV -> 9884e1e4-2b6d-4aff-b206-1d666e9f364f
  r8[11] G0D,G0J,G0M,G0V -> fac9392a-a32c-425f-b632-baec2305c02e
  r8[12] G1J,J9K,KLN,MF8 -> 8f456439-228e-4918-96f2-852c2a349f30
  r8[13] MWS,MWV,MWY,MYT -> a49909c0-d90f-4388-9285-135c1f5c66e7
  r8[14] NH0,NI6,NJ0,NJO -> a0c83e1f-6fde-444e-9255-c5b2ab0f03c3
  r8[15] NXR,NYF,PG0,PG4 -> 8498b5fe-4de2-4ef2-8673-48cda408f832
  r8[16] PK9,PKT,QDJ,QDP -> 714fba1f-bb3e-4328-a883-36ccd539c0f5
  r8[17] QDV,QDY,QE4,QEA -> db88ce98-45e7-4a60-ac41-9c38a576e20f
  r8[18] QEP,QES,RIT,T0K -> c6768017-ba9c-4d62-a196-509aab4e5fc6
  r8[19] TCI,X5Y,X6J,X6S -> ddb9a52c-d46d-4cf2-b6ef-e5286170578d
  r8[20] X6V,X71,X74,X7D -> 7cc0a2bf-b932-410e-be63-768a9e1083c1
  r8[21] X7J,X7M,X7P,Y83 -> eef43934-0708-42b7-8284-e994e22613b6
  r8[22] YNV,Z8Z,Z9Z -> e6bf28e5-bdb3-46fc-b3ec-ed9af9001268
protenix_v2 rep 9: 87 ligands, 5 samples, 4 per job
  r9[1] 08J,08Y,1RD,2QH -> bdb0ff1c-c361-4457-9969-d5236db22a5d
  r9[2] 5AW,6AW,7AW,80K -> 9db239cc-b3a3-44a8-8975-43073791672e
  r9[3] 8AW,A1A06,A1A07,A1A08 -> 2314128e-3bdf-491b-aca2-dcb9478f9f13
  r9[4] A1A4K,A1A4S,A1A4T,A1A4U -> 9e8c36be-9be8-4810-8707-6419d8b1f5d0
  r9[5] A1A4V,A1APA,A1ASO,A1ASP -> 355dca13-ae75-4594-a825-bfa357b6b4af
  r9[6] A1ASQ,A1ASR,A1ASS,A1AST -> 2f4aada6-c399-487e-b879-3414ed1ef1b5
  r9[7] A1ASU,A1ASV,A1BNX,A1CIW -> b76dac1c-ef27-4d8d-89a5-04bfaad8eba7
  r9[8] CFF,CL6,D0R,D7J -> d53728dd-9066-4d65-aa16-e9a0be2f51e5
  r9[9] D7M,D7Y,D81,DEJ -> dcf5d6bf-0dc4-42a9-8477-adc958cbd3aa
  r9[10] DEV,DJ1,ERY,FZV -> 137d645d-8cb6-46f0-b5f6-bdfd801f0d64
  r9[11] G0D,G0J,G0M,G0V -> fcfba5b1-3585-487d-bcf2-51d09be971ae
  r9[12] G1J,J9K,KLN,MF8 -> 18e1a8e2-9abd-445c-89ec-5200db939cee
  r9[13] MWS,MWV,MWY,MYT -> f2ac42e2-0200-4147-8e1f-fb6e4e1d5682
  r9[14] NH0,NI6,NJ0,NJO -> 729c12cf-3396-49e4-8b8d-cc149815ee89
  r9[15] NXR,NYF,PG0,PG4 -> db393479-4a4a-4bc7-aa86-e30483257466
  r9[16] PK9,PKT,QDJ,QDP -> b1e0a661-5745-45de-88ab-f788b03ebf7a
  r9[17] QDV,QDY,QE4,QEA -> ea67dc11-f399-4b13-a12b-d2b6c21cdbb4
  r9[18] QEP,QES,RIT,T0K -> acfc2ccd-99a1-4650-b380-ef456767bfc3
  r9[19] TCI,X5Y,X6J,X6S -> a9e5cc73-c953-4c40-aea2-68e5be4c02c6
  r9[20] X6V,X71,X74,X7D -> 99a481be-9330-48f1-80ea-75285e3708bc
  r9[21] X7J,X7M,X7P,Y83 -> d321496c-ec1b-46ff-b589-6c57e01a78d4
  r9[22] YNV,Z8Z,Z9Z -> cac68bb6-12af-4263-9b11-a34994e7d791
protenix_v2 rep 10: 87 ligands, 5 samples, 4 per job
  r10[1] 08J,08Y,1RD,2QH -> 552e4195-2b73-403c-9a71-e580bb364338
  r10[2] 5AW,6AW,7AW,80K -> 9385b83b-b5e8-4754-a0ac-b634082360a2
  r10[3] 8AW,A1A06,A1A07,A1A08 -> c9102261-7593-4bd8-98dd-43831f7317c9
  r10[4] A1A4K,A1A4S,A1A4T,A1A4U -> dbf7e5be-387e-4fb3-a7cc-764b2b01184a
  r10[5] A1A4V,A1APA,A1ASO,A1ASP -> e1a2a791-b727-4836-bd5f-663e1e5771c6
  r10[6] A1ASQ,A1ASR,A1ASS,A1AST -> 7daa1e9e-a454-4ced-afb0-941959423677
  r10[7] A1ASU,A1ASV,A1BNX,A1CIW -> 6c57bcf1-eed9-45c7-9d0c-a8c5971fee33
  r10[8] CFF,CL6,D0R,D7J -> ad587d0b-4342-4c9c-a017-5ecc2d7f2be9
  r10[9] D7M,D7Y,D81,DEJ -> 4884c503-8fb3-45ee-bf72-12f2c02709ed
  r10[10] DEV,DJ1,ERY,FZV -> 803f4aa5-f9fa-4253-b72f-c96f4485f708
  r10[11] G0D,G0J,G0M,G0V -> d8e51ce9-9c1b-4b1f-a250-f4b65e110ba2
  r10[12] G1J,J9K,KLN,MF8 -> e919f4af-5ebb-4fdb-9ada-bc3fa4dab5e6
  r10[13] MWS,MWV,MWY,MYT -> 2a995636-259e-42a9-ba50-e05279a2438c
  r10[14] NH0,NI6,NJ0,NJO -> 9a0922dd-76bb-4e21-b3f0-f77091216851
  r10[15] NXR,NYF,PG0,PG4 -> 5157f2c8-a7e8-4e83-9e0e-2e838fe0ef34
  r10[16] PK9,PKT,QDJ,QDP -> 61397f58-c8b5-44f1-b225-f4f33d3345f7
  r10[17] QDV,QDY,QE4,QEA -> 5963fc76-2b19-4c9b-80c8-54c4e719b055
  r10[18] QEP,QES,RIT,T0K -> 6a68a347-2e27-4631-a383-aba8648c8972
  r10[19] TCI,X5Y,X6J,X6S -> 7cd17646-8409-4609-b1bc-9d318ee2f79b
  r10[20] X6V,X71,X74,X7D -> 56e85de9-6c7d-47d4-8ae2-e05a3b354d4b
  r10[21] X7J,X7M,X7P,Y83 -> ab93211a-5d9f-4503-aeab-c46964a7f076
  r10[22] YNV,Z8Z,Z9Z -> a6bdbdec-41bc-4771-a98d-4cb468a9825c
protenix_v2 rep 11: 87 ligands, 5 samples, 4 per job
  r11[1] 08J,08Y,1RD,2QH -> c6054472-fffd-4035-b5cd-67ec6153168a
  r11[2] 5AW,6AW,7AW,80K -> fd868076-eafe-443a-bf95-fa1b8fae526f
  r11[3] 8AW,A1A06,A1A07,A1A08 -> 960402ec-77c0-4334-98df-8bc8e0746b2f
  r11[4] A1A4K,A1A4S,A1A4T,A1A4U -> 1bb403ca-cb42-4086-8066-c0aa8fc83b01
  r11[5] A1A4V,A1APA,A1ASO,A1ASP -> 786eddf7-efdc-4c68-8971-55dab9b95f72
  r11[6] A1ASQ,A1ASR,A1ASS,A1AST -> e57b4634-0149-41d4-9798-8d837e488744
  r11[7] A1ASU,A1ASV,A1BNX,A1CIW -> fe1a0c61-2389-47fb-b7a7-3712bdfd4496
  r11[8] CFF,CL6,D0R,D7J -> 97502442-ce06-47e0-b0e5-0faf9dc8406f
  r11[9] D7M,D7Y,D81,DEJ -> ba78f2f5-b6a7-4add-904d-f8d2d114099c
  r11[10] DEV,DJ1,ERY,FZV -> b62a4ad7-bf23-478a-89b3-299e09d30e26
  r11[11] G0D,G0J,G0M,G0V -> 722a77f3-aad8-4b8a-b046-8fbee46dd712
  r11[12] G1J,J9K,KLN,MF8 -> 65165100-b799-4c98-97a0-41145efbc1da
  r11[13] MWS,MWV,MWY,MYT -> c37da0ee-f25e-4b11-ad49-f29896095f6d
  r11[14] NH0,NI6,NJ0,NJO -> 839d97fe-903d-43a0-b115-8cb7029f27d3
  r11[15] NXR,NYF,PG0,PG4 -> 4a0e82c2-7104-4ccc-9bc2-173a98a9bc2a
  r11[16] PK9,PKT,QDJ,QDP -> d0b113a3-d3ba-4d91-8042-2d2338784ee4
  r11[17] QDV,QDY,QE4,QEA -> 458ff5e3-ece7-480f-9e43-5eacd28cb076
  r11[18] QEP,QES,RIT,T0K -> 9523cedb-ee85-4bbd-b867-80f84b1d86ba
  r11[19] TCI,X5Y,X6J,X6S -> 04cba84b-9618-48fb-941a-d24ae3b179f9
  r11[20] X6V,X71,X74,X7D -> 42de93a3-620a-41a1-8fe4-4d05e2ee02b2
  r11[21] X7J,X7M,X7P,Y83 -> e7dc55be-bc22-498e-8b71-b0afda19170b
  r11[22] YNV,Z8Z,Z9Z -> 2790974a-1877-49d1-8a97-7696fec102af
{
 "key": "op1/protenix_v2",
 "submitted_jobs": 131,
 "total_batches": 264
}
