rosettafold_3 rep 0: 87 ligands, 1 samples, 4 per job
  r0[1] 08J,08Y,1RD,2QH -> 4584e821-6e19-4c0f-9fa1-b4b7c291bc38
  r0[2] 5AW,6AW,7AW,80K -> ac31aebe-08e4-4e34-a485-c3b0c54f91cb
  r0[3] 8AW,A1A06,A1A07,A1A08 -> 76098cab-afd8-4f2b-848c-6a73d59f1b2d
  r0[4] A1A4K,A1A4S,A1A4T,A1A4U -> bbf12045-a1bd-4aed-be5a-3bf5260761bd
  r0[5] A1A4V,A1APA,A1ASO,A1ASP -> 17184663-69e3-4f20-a86d-c3928453a723
  r0[6] A1ASQ,A1ASR,A1ASS,A1AST -> 1ac20de1-b21e-44b5-adde-7abe12db9fbb
  r0[7] A1ASU,A1ASV,A1BNX,A1CIW -> 2dd3676f-3ca1-464a-999b-1be6bfb7d146
  r0[8] CFF,CL6,D0R,D7J -> 1b271ac7-bc17-421a-bf8f-5859027b0e4f
  r0[9] D7M,D7Y,D81,DEJ -> a0889ebe-1a8a-4682-851d-ef748b7141e9
  r0[10] DEV,DJ1,ERY,FZV -> 708efe5b-eff9-4011-a896-0fcc25e986fd
  r0[11] G0D,G0J,G0M,G0V -> 298820a1-685a-4acf-a4b3-b43137b77713
  r0[12] G1J,J9K,KLN,MF8 -> 4c9841d0-5357-4872-92d7-d8c751c09114
  r0[13] MWS,MWV,MWY,MYT -> 5a1140fd-966c-418b-bc31-4d1808509d61
  r0[14] NH0,NI6,NJ0,NJO -> dff7fdb3-1591-46db-8b40-4440eff00e0e
  r0[15] NXR,NYF,PG0,PG4 -> 44052307-5ddb-490c-9c1f-bed163440175
  r0[16] PK9,PKT,QDJ,QDP -> 57acc1b4-a70b-4f56-ac69-bc09cd0ffacf
  r0[17] QDV,QDY,QE4,QEA -> 07612148-a568-46c3-ab19-5a83c91e050f
  r0[18] QEP,QES,RIT,T0K -> b03dd38d-b852-4201-aafe-e3c3a21dfa11
  r0[19] TCI,X5Y,X6J,X6S -> eec34647-7cc3-4a37-8c26-3fbde1b47847
  r0[20] X6V,X71,X74,X7D -> dcf8060e-565b-4680-8a0f-810266c7ea5c
  r0[21] X7J,X7M,X7P,Y83 -> 993c62e7-07a6-474e-8aaf-bad264c43168
  r0[22] YNV,Z8Z,Z9Z -> 2e5bbfcd-8779-4a66-89bb-588a9802c786
rosettafold_3 rep 1: 87 ligands, 1 samples, 4 per job
  r1[1] 08J,08Y,1RD,2QH -> 2f2962e1-774a-4882-b9e4-dcad3b7c146c
  r1[2] 5AW,6AW,7AW,80K -> 7a2215c7-434b-4125-9e7b-fc43c8334d9b
  r1[3] 8AW,A1A06,A1A07,A1A08 -> 2a636d10-10a8-4b68-a593-9d646a17f86a
  r1[4] A1A4K,A1A4S,A1A4T,A1A4U -> df40e586-d9c1-47be-8e01-4fdce6501796
  r1[5] A1A4V,A1APA,A1ASO,A1ASP -> 42b9ebd0-83ea-4d7f-9eae-f37819c857b2
  r1[6] A1ASQ,A1ASR,A1ASS,A1AST -> 36b7c0ae-df4f-427f-9938-e7a121bec621
  r1[7] A1ASU,A1ASV,A1BNX,A1CIW -> 37df1649-b8d6-42da-af6c-79ff7970050d
  r1[8] CFF,CL6,D0R,D7J -> 12048036-7729-4a2e-92c6-f40a194415cf
  r1[9] D7M,D7Y,D81,DEJ -> 6bed0193-ec5c-49a4-a5f3-d06cd198997d
  r1[10] DEV,DJ1,ERY,FZV -> c70ced47-75d1-46aa-9fdc-c5621aa09a11
  r1[11] G0D,G0J,G0M,G0V -> 15c2413a-9c1e-45ff-8276-18bae0aebd7d
  r1[12] G1J,J9K,KLN,MF8 -> cb293e5c-4aa9-4f6b-b7fc-342e3b09f304
  r1[13] MWS,MWV,MWY,MYT -> afe7b338-a784-4adc-b4d3-aa52de537259
  r1[14] NH0,NI6,NJ0,NJO -> 8e93b65e-8ca6-4c44-a67a-10c5eb4ce984
  r1[15] NXR,NYF,PG0,PG4 -> b68e0a69-22c0-47d0-8763-94ae5b20de4f
  r1[16] PK9,PKT,QDJ,QDP -> 5cd184fa-698b-4f5c-87b5-95ad7eb8180b
  r1[17] QDV,QDY,QE4,QEA -> d3849ac5-b963-4f7a-8dd2-8e245830cc37
  r1[18] QEP,QES,RIT,T0K -> 0dd15478-2a68-43af-8e7c-da2de1f277a3
  r1[19] TCI,X5Y,X6J,X6S -> 56bc53a8-725f-48f1-b65b-3824017ba2b5
  r1[20] X6V,X71,X74,X7D -> 76425702-663d-4e63-b1c6-ee79519dec0f
  r1[21] X7J,X7M,X7P,Y83 -> 259e32c6-62f8-4e06-bbe2-0c75fbea68d4
  r1[22] YNV,Z8Z,Z9Z -> 4c08cbfa-fa90-40f7-a66e-0f5cd51716c7
rosettafold_3 rep 2: 87 ligands, 1 samples, 4 per job
  r2[1] 08J,08Y,1RD,2QH -> 75af7aac-cd15-4cef-a074-63f7ac224cee
  r2[2] 5AW,6AW,7AW,80K -> 49e518cc-e0c9-4935-a07f-cd89b8022e8b
  r2[3] 8AW,A1A06,A1A07,A1A08 -> be1124cb-3277-44bd-88ad-94a5e872adc8
  r2[4] A1A4K,A1A4S,A1A4T,A1A4U -> 3c246ff7-da12-4962-9e63-54576a921cb9
  r2[5] A1A4V,A1APA,A1ASO,A1ASP -> 8276edce-e8dd-4008-ad59-66df178854eb
  r2[6] A1ASQ,A1ASR,A1ASS,A1AST -> 03ec426f-d12e-4b58-8126-25504cbf87f3
  r2[7] A1ASU,A1ASV,A1BNX,A1CIW -> 7b855db7-9490-42e6-8860-b70d35e1de36
  r2[8] CFF,CL6,D0R,D7J -> 92402fab-af24-4699-a6c2-54b198b6de3c
  r2[9] D7M,D7Y,D81,DEJ -> 75b2c6ba-925a-40f3-9a7a-d93ec28a225b
  r2[10] DEV,DJ1,ERY,FZV -> 024b6361-4089-4739-89e2-c7e36483c7a9
  r2[11] G0D,G0J,G0M,G0V -> f51897ac-8107-4022-831a-553aa25bb651
  r2[12] G1J,J9K,KLN,MF8 -> a3eb63a6-3894-445c-8a03-e8873831cbbc
  r2[13] MWS,MWV,MWY,MYT -> 0aac2eea-8349-4ab2-9e83-296a397a68f2
  r2[14] NH0,NI6,NJ0,NJO -> 754f7774-e05a-4c3c-a78f-0a35dbcb52cf
  r2[15] NXR,NYF,PG0,PG4 -> 7ff227ea-98c6-4169-832b-5039f326a451
  r2[16] PK9,PKT,QDJ,QDP -> a8572c30-b42d-4642-aa2d-371502b49a87
  r2[17] QDV,QDY,QE4,QEA -> 824df7fa-6bab-47dd-af75-2654c6b163f3
  r2[18] QEP,QES,RIT,T0K -> 80e9f5a6-bc00-40b1-b6b9-d29ef8ffa5d9
  r2[19] TCI,X5Y,X6J,X6S -> 2e11032a-e83a-491f-a966-155030b2befe
  r2[20] X6V,X71,X74,X7D -> 33e608c9-d25e-42e8-8df0-4a1155c226b4
  r2[21] X7J,X7M,X7P,Y83 -> 74b67e16-bb27-4a6f-8f2d-f4cadec8a7a5
  r2[22] YNV,Z8Z,Z9Z -> 648dbf49-6f7a-468d-b090-2e10602dff47
rosettafold_3 rep 3: 87 ligands, 1 samples, 4 per job
  r3[1] 08J,08Y,1RD,2QH -> 36bfe672-fbe7-48b7-8e74-49dbd4f47676
  r3[2] 5AW,6AW,7AW,80K -> 367f19ec-0d8e-40af-ab14-dfc62b8afaa6
  r3[3] 8AW,A1A06,A1A07,A1A08 -> 925a562d-6df6-449f-bda1-d16a363e4c6f
  r3[4] A1A4K,A1A4S,A1A4T,A1A4U -> 8dc46041-2a0e-491d-b944-b29eff8b0136
  r3[5] A1A4V,A1APA,A1ASO,A1ASP -> 7b5bced9-620d-4ba1-b520-2d1db3dfe8c1
  r3[6] A1ASQ,A1ASR,A1ASS,A1AST -> 6e93b5d1-e063-44e3-859c-cf94613aedbe
  r3[7] A1ASU,A1ASV,A1BNX,A1CIW -> 9af5a0af-adfb-461b-82e4-c7335a17638d
  r3[8] CFF,CL6,D0R,D7J -> 25d25269-7348-4a2c-b0aa-0b6333cf3ff7
  r3[9] D7M,D7Y,D81,DEJ -> b9fd8969-cca5-4873-9df0-6abf62d1d5bb
  r3[10] DEV,DJ1,ERY,FZV -> 907486c5-91bd-4c9c-9f28-4da217af1ebe
  r3[11] G0D,G0J,G0M,G0V -> 11fbcba6-3cb5-4a13-853e-3deb2f034c31
  r3[12] G1J,J9K,KLN,MF8 -> a96e1607-c710-4a61-ab56-807b85f49a53
  r3[13] MWS,MWV,MWY,MYT -> 392e2c51-e0d0-4aa7-a488-1c2c1d9f125e
  r3[14] NH0,NI6,NJ0,NJO -> 5fb853c9-4149-4c27-9880-98159c70f369
  r3[15] NXR,NYF,PG0,PG4 -> 198d60fe-7c21-4f78-acf7-cf7d4cbcfa6f
  r3[16] PK9,PKT,QDJ,QDP -> 59e6f901-ef8b-4a19-99da-f320ac0137a6
  r3[17] QDV,QDY,QE4,QEA -> ad740132-24a1-41cd-a332-8a760597cb9f
  r3[18] QEP,QES,RIT,T0K -> 8354eaa9-513a-43c5-9671-dd18ace6791c
  r3[19] TCI,X5Y,X6J,X6S -> 5d7fb4ec-e105-4a57-9be1-55364e1c3906
  r3[20] X6V,X71,X74,X7D -> 33ba015b-c250-4169-9e42-a89d714a5d04
  r3[21] X7J,X7M,X7P,Y83 -> 83968f99-b8e1-441c-b5c6-d1710953a246
  r3[22] YNV,Z8Z,Z9Z -> 2d0188cf-0eb3-4f85-ae19-a957b52717e7
{
 "key": "op1/rosettafold_3",
 "submitted_jobs": 88,
 "total_batches": 88
}
