protenix_v2 rep 1: 87 ligands, 5 samples, 4 per job
  r1[1] 08J,08Y,1RD,2QH -> a8a836f5-a783-4115-8f73-db3cce3141e6
  r1[2] 5AW,6AW,7AW,80K -> ccbfa41a-9707-4f9c-9cce-a6328f6e51cd
  r1[3] 8AW,A1A06,A1A07,A1A08 -> a562dde0-5eab-452f-bf9e-db080ae4f160
  r1[4] A1A4K,A1A4S,A1A4T,A1A4U -> b768969b-6a4e-4b0f-b48d-c734ebf8953f
  r1[5] A1A4V,A1APA,A1ASO,A1ASP -> 1c9a6939-6f1a-43dc-95ee-7d8d20b79023
  r1[6] A1ASQ,A1ASR,A1ASS,A1AST -> 73bb6faf-3c56-4891-a19b-5e09475ed4d7
  r1[7] A1ASU,A1ASV,A1BNX,A1CIW -> 0d7d2201-f4a9-444f-aa98-ec415379ee96
  r1[8] CFF,CL6,D0R,D7J -> 5566298e-91b2-4f77-9679-772eb67829a3
  r1[9] D7M,D7Y,D81,DEJ -> 9f60e343-e911-4959-80e8-54ba19afc9ae
  r1[10] DEV,DJ1,ERY,FZV -> eff4a65a-98da-4d49-b45d-e08381f70d29
  r1[11] G0D,G0J,G0M,G0V -> 9382ab58-7d67-4714-97b9-f5cf5683d533
  r1[12] G1J,J9K,KLN,MF8 -> 9f9233fa-a9e8-40e7-bc7c-ec5530671045
  r1[13] MWS,MWV,MWY,MYT -> 59cb083b-92e5-4051-a789-9785a2bb171c
  r1[14] NH0,NI6,NJ0,NJO -> f4a43944-9af1-44e5-809b-b826d358b237
  r1[15] NXR,NYF,PG0,PG4 -> d813c2c9-17d6-49bd-a53e-ea90bce1ea30
  r1[16] PK9,PKT,QDJ,QDP -> b1e99bc0-075c-48ce-b160-90b1ce0806d4
  r1[17] QDV,QDY,QE4,QEA -> 023faa09-1f3a-4a46-854d-883e66ef75e1
  r1[18] QEP,QES,RIT,T0K -> 2a5cba47-207d-47a2-8fcc-473952698dc6
  r1[19] TCI,X5Y,X6J,X6S -> 6e68fcff-1e75-42d3-afd3-40b44edc6bef
  r1[20] X6V,X71,X74,X7D -> 1c37a044-df98-4e48-a09b-2cb473f8501f
  r1[21] X7J,X7M,X7P,Y83 -> 4ab4de56-912c-4d89-9b90-01303ee8bdfe
  r1[22] YNV,Z8Z,Z9Z -> 2760646a-3689-41a6-bfef-647707b05698
protenix_v2 rep 2: 87 ligands, 5 samples, 4 per job
  r2[1] 08J,08Y,1RD,2QH -> 1d71f386-0e6e-4d17-aad7-569c52f6d451
  r2[2] 5AW,6AW,7AW,80K -> 2fa02484-4b30-4705-8535-4f57b6ad5c79
  r2[3] 8AW,A1A06,A1A07,A1A08 -> 702d64ab-4b02-46bf-a465-0ac103b3bd1f
  r2[4] A1A4K,A1A4S,A1A4T,A1A4U -> 57d22d6b-4792-4fcb-bd37-c3cb498af3c9
  r2[5] A1A4V,A1APA,A1ASO,A1ASP -> b430fc74-4577-4fb1-a376-796ac6ddd88b
  r2[6] A1ASQ,A1ASR,A1ASS,A1AST -> b91f58c1-b033-44e6-92ca-0e2792484b61
  r2[7] A1ASU,A1ASV,A1BNX,A1CIW -> 6eef3dae-b373-4162-a443-9073ca0f8192
  r2[8] CFF,CL6,D0R,D7J -> 7b9ac793-72b0-4c60-98e2-d8b291d6a963
  r2[9] D7M,D7Y,D81,DEJ -> 8c824837-07b1-45b6-8e9f-6380a90fbe9d
  r2[10] DEV,DJ1,ERY,FZV -> 616dfbb7-bed2-4826-9bd3-496971b5f9aa
  r2[11] G0D,G0J,G0M,G0V -> 47aaf751-4178-4e73-ae7f-82822a30c9b4
  r2[12] G1J,J9K,KLN,MF8 -> fef5740f-0a86-4549-a972-e693c1a45d7d
  r2[13] MWS,MWV,MWY,MYT -> a30fce06-a6b5-4791-9884-d9dc64df3e8d
  r2[14] NH0,NI6,NJ0,NJO -> a68c2169-8035-4d48-a5b6-2b923c3f5dbf
  r2[15] NXR,NYF,PG0,PG4 -> 5676c6a2-aeb0-442c-974c-b7167ca1371e
  r2[16] PK9,PKT,QDJ,QDP -> a9a957e8-f810-4cce-bcfb-618ac2e20c7e
  r2[17] QDV,QDY,QE4,QEA -> 5eadca70-de6a-4958-ae27-00b29ef9d5c3
  r2[18] QEP,QES,RIT,T0K -> 351929f2-339a-424c-aee6-e028755a8571
