esmfold2 rep 0: 87 ligands, 1 samples, 4 per job
  r0[1] 08J,08Y,1RD,2QH -> 83714586-19ac-4a21-9579-f0efdc20d20b
  r0[2] 5AW,6AW,7AW,80K -> e6b8bfb6-fb86-40c3-8391-6870a6223a77
  r0[3] 8AW,A1A06,A1A07,A1A08 -> ae751c3a-14dd-4ea1-a401-e952fc39223f
  r0[4] A1A4K,A1A4S,A1A4T,A1A4U -> 041355b7-3cc1-452f-9960-da51e12b4113
  r0[5] A1A4V,A1APA,A1ASO,A1ASP -> 371424c2-3498-4825-bd5d-7dc75250f238
  r0[6] A1ASQ,A1ASR,A1ASS,A1AST -> bdf15fe8-0090-4694-90f0-a1fc50c4f373
  r0[7] A1ASU,A1ASV,A1BNX,A1CIW -> 8458a4fd-e6cb-4ce4-9960-21258f0c2265
  r0[8] CFF,CL6,D0R,D7J -> 71ff7644-fd9a-46e1-80b1-fcd75a6956bb
  r0[9] D7M,D7Y,D81,DEJ -> 648ab64e-2283-4e18-8821-ea5b0dee9abe
  r0[10] DEV,DJ1,ERY,FZV -> e76b3aa1-a16c-4128-9ba3-ea35aaa4b126
  r0[11] G0D,G0J,G0M,G0V -> 72ed0fb3-84b6-4173-8ef8-c5e1453b9ae7
  r0[12] G1J,J9K,KLN,MF8 -> 9a73cc4e-3e53-4384-881d-38c24455dae6
  r0[13] MWS,MWV,MWY,MYT -> 333701d2-51b0-4a10-8353-9719b9e6031f
  r0[14] NH0,NI6,NJ0,NJO -> 01da7765-432c-4b42-a168-e989096da088
  r0[15] NXR,NYF,PG0,PG4 -> 7dd7e4c2-eb56-46d9-8a02-369a8e907ca2
  r0[16] PK9,PKT,QDJ,QDP -> 295ad2d2-836c-4270-80bd-e03171f2481e
  r0[17] QDV,QDY,QE4,QEA -> a45fedba-b5bb-4526-bd64-808868450e43
  r0[18] QEP,QES,RIT,T0K -> 084942c2-9039-436e-be47-9c2bb44bbc32
  r0[19] TCI,X5Y,X6J,X6S -> a9f31eac-5347-4c3e-b755-0123fc43b0f7
  r0[20] X6V,X71,X74,X7D -> a7ef75f2-ed91-4695-8710-ae7e1fec0086
  r0[21] X7J,X7M,X7P,Y83 -> 84c33deb-e80d-40a1-9180-4a3eaf4c2f3e
  r0[22] YNV,Z8Z,Z9Z -> 24ac7cd6-4e76-463f-bb97-3520d9208c6b
esmfold2 rep 1: 87 ligands, 1 samples, 4 per job
  r1[1] 08J,08Y,1RD,2QH -> 4bc2d14e-2821-47d7-b2d6-c332eee94847
  r1[2] 5AW,6AW,7AW,80K -> 302f4c27-4444-40ed-a0a1-aed27fe4f2d9
  r1[3] 8AW,A1A06,A1A07,A1A08 -> 916772e4-9213-4b7e-9187-18e93a0dd92c
  r1[4] A1A4K,A1A4S,A1A4T,A1A4U -> d0f09436-b9e5-4d41-a569-632c6d1e0293
  r1[5] A1A4V,A1APA,A1ASO,A1ASP -> f4c495f0-87be-4010-8249-ac5581e5b466
  r1[6] A1ASQ,A1ASR,A1ASS,A1AST -> 6bb723ca-4518-4437-b8f4-f6d45e29f4f2
  r1[7] A1ASU,A1ASV,A1BNX,A1CIW -> 0327ef80-dd44-4bf8-a653-4b8d140b318c
  r1[8] CFF,CL6,D0R,D7J -> fd58f6aa-cb1d-40e0-b4a3-b5d61a8812cc
  r1[9] D7M,D7Y,D81,DEJ -> 873e4efa-f3d2-4d4c-862e-01e3e3c3f243
  r1[10] DEV,DJ1,ERY,FZV -> 4cce31e0-f05e-44ec-b878-56123407a391
  r1[11] G0D,G0J,G0M,G0V -> 1322303c-c18b-45e7-9aab-bff67022fd1c
  r1[12] G1J,J9K,KLN,MF8 -> 3d337bca-20ac-4c75-92f1-5239956e86fb
  r1[13] MWS,MWV,MWY,MYT -> e6888621-ecf6-444e-8854-a869a01914e3
  r1[14] NH0,NI6,NJ0,NJO -> 972fcef3-bf78-4df8-acfb-720dc3765726
  r1[15] NXR,NYF,PG0,PG4 -> b06cbd66-1ad9-4872-8150-14a2989e2687
  r1[16] PK9,PKT,QDJ,QDP -> f5d19506-9f5d-4631-aa87-c76f8d3b0e23
  r1[17] QDV,QDY,QE4,QEA -> e35b52bb-7f10-490b-8b16-2f47456fb52d
  r1[18] QEP,QES,RIT,T0K -> ea67d899-6e64-42d5-b142-6f153793adda
  r1[19] TCI,X5Y,X6J,X6S -> e4d98d2f-bd49-4eeb-831e-e15d46b1f6bd
  r1[20] X6V,X71,X74,X7D -> e6a44eaf-0b07-4491-9f93-8e61dc143b71
  r1[21] X7J,X7M,X7P,Y83 -> 126a8e67-66d6-4984-b62a-fe9f3648f584
  r1[22] YNV,Z8Z,Z9Z -> 1902c7eb-217a-4a61-868d-6f6c8c1eb2ff
esmfold2 rep 2: 87 ligands, 1 samples, 4 per job
  r2[1] 08J,08Y,1RD,2QH -> e36b44b9-c151-4755-abee-a7099819aaf5
  r2[2] 5AW,6AW,7AW,80K -> 236ee89c-3721-407d-a21c-c4aaeabee449
  r2[3] 8AW,A1A06,A1A07,A1A08 -> 92ed8498-bf7b-47d0-a424-ded85a881453
  r2[4] A1A4K,A1A4S,A1A4T,A1A4U -> 63401f99-bf9d-436a-a972-b51c7183f18f
  r2[5] A1A4V,A1APA,A1ASO,A1ASP -> c6f7e559-d606-42cc-8f6e-8a1497bb31e2
  r2[6] A1ASQ,A1ASR,A1ASS,A1AST -> 8c972db2-2e11-45a2-ad29-b074b1fdb8b6
  r2[7] A1ASU,A1ASV,A1BNX,A1CIW -> 3100be38-5f78-4e00-a251-317c9f6484be
  r2[8] CFF,CL6,D0R,D7J -> b3c90079-53ec-48a5-8119-7c0a12d4190e
  r2[9] D7M,D7Y,D81,DEJ -> a9ae4f30-26dc-4c62-a3a0-2cdb126d9972
  r2[10] DEV,DJ1,ERY,FZV -> 2ae9b79b-ab35-465a-bd3a-4483c7d87235
  r2[11] G0D,G0J,G0M,G0V -> 5997dc23-91c1-4264-a091-26c36d2974d7
  r2[12] G1J,J9K,KLN,MF8 -> f18f0181-04b9-4bee-82e4-6422eefefcf0
  r2[13] MWS,MWV,MWY,MYT -> 85e4407f-17e1-4aa3-b060-b1c8e2f2c608
  r2[14] NH0,NI6,NJ0,NJO -> 7ee00c78-3453-4dc3-a352-ca5874c29dbf
  r2[15] NXR,NYF,PG0,PG4 -> 576667c7-2063-4a5c-aa88-f5507629f8dc
  r2[16] PK9,PKT,QDJ,QDP -> f558da0a-7d10-4c91-bcb3-530486c9e5e7
  r2[17] QDV,QDY,QE4,QEA -> a90f9943-5f64-4a17-8dc9-705706b3df99
  r2[18] QEP,QES,RIT,T0K -> e9eb4f6f-98e0-445a-911c-68d4349121ae
  r2[19] TCI,X5Y,X6J,X6S -> c2dfd095-5098-4847-b43c-81a2308427e3
  r2[20] X6V,X71,X74,X7D -> 3b73e67a-79bd-45bd-8e25-5486c20700fc
  r2[21] X7J,X7M,X7P,Y83 -> 4c728352-7eba-4b9e-82cc-5f5ed28cb54b
  r2[22] YNV,Z8Z,Z9Z -> d18857f0-c995-45db-ae0d-1cd20a7dd095
esmfold2 rep 3: 87 ligands, 1 samples, 4 per job
  r3[1] 08J,08Y,1RD,2QH -> 9662a301-6bbb-437a-82b7-634e11a5324a
  r3[2] 5AW,6AW,7AW,80K -> 243542ed-8309-42c4-a2a6-aeff11c3c0de
  r3[3] 8AW,A1A06,A1A07,A1A08 -> 9f9bb182-7762-4701-a1db-173aa297741a
  r3[4] A1A4K,A1A4S,A1A4T,A1A4U -> 74b4b113-ad81-45eb-aada-9f76ac040ea2
  r3[5] A1A4V,A1APA,A1ASO,A1ASP -> f0bcd8b5-c632-4eef-a833-0bd405707b78
  r3[6] A1ASQ,A1ASR,A1ASS,A1AST -> f6b081df-cd0e-4f58-a1d8-8dc180c20a04
  r3[7] A1ASU,A1ASV,A1BNX,A1CIW -> 02275a44-5a3d-4704-9eb3-ba366908934f
  r3[8] CFF,CL6,D0R,D7J -> 03861201-351b-4638-b28e-7d72f5b4e769
  r3[9] D7M,D7Y,D81,DEJ -> 79ed39bf-26d0-4f71-82e4-dcaaed92bbc5
  r3[10] DEV,DJ1,ERY,FZV -> 46232bde-d568-4192-b998-20338c1f90b5
  r3[11] G0D,G0J,G0M,G0V -> fd10d7a4-00d1-4d14-8532-4ef13cca9962
  r3[12] G1J,J9K,KLN,MF8 -> bcc71d49-6478-4539-a012-b594434dc236
  r3[13] MWS,MWV,MWY,MYT -> 7cf6fe68-ab59-4686-ada7-970ec7857557
  r3[14] NH0,NI6,NJ0,NJO -> d964f806-4639-4389-94c0-fd395067830d
  r3[15] NXR,NYF,PG0,PG4 -> bcbc2eea-7833-4dea-8a3d-a72a792e210d
  r3[16] PK9,PKT,QDJ,QDP -> ec2013ce-bf1a-456f-a012-0bbeb5a18d89
  r3[17] QDV,QDY,QE4,QEA -> 22441f4c-f6d5-43fa-a707-e9d4fccbb516
  r3[18] QEP,QES,RIT,T0K -> 9c6414f7-1e93-47ae-9086-b59168e7cafe
  r3[19] TCI,X5Y,X6J,X6S -> fa7b44f8-25f3-4130-b25e-36bc2e1d3b37
  r3[20] X6V,X71,X74,X7D -> 6806bfbd-eab3-4f76-9b3d-156486a1eabf
  r3[21] X7J,X7M,X7P,Y83 -> 15394799-bb88-410b-b49e-00d887077f4d
  r3[22] YNV,Z8Z,Z9Z -> 7a187cfd-d75f-4d30-ae67-5b7795358bdc
{
 "key": "op1/esmfold2",
 "submitted_jobs": 88,
 "total_batches": 88
}
