185 of 185 targets have an MSA
skipping 24 pairs esmfold2 cannot fold
rep 0: 0 pairs to fold
rep 1: 0 pairs to fold
rep 2: 0 pairs to fold
rep 3: 0 pairs to fold
rep 4: 0 pairs to fold
rep 5: 0 pairs to fold
rep 6: 469 pairs to fold
  368_3c6d23e6 [36Y,CPZ] -> a0d2c7a0-f7a0-4841-adb0-b21305bc6c73
  368_3c6d23e6 [3SQ,36Y] -> 9452abc8-65f1-4085-9755-a5b766b9eec3
  388_7e6828a0 [A1MAI,L0O] -> 8f32bf5f-1fb9-4394-9dc4-032b4a742ca2
  388_7e6828a0 [A1MAJ] -> 7d4862f4-5f16-4b7d-8326-c69c5137c9be
  390_41f96d07 [A1EGF] -> ed8091dc-2cf5-4833-b88b-42011bcaef0b
  393_40400e22 [DAO] -> 935c6a69-d806-4061-ae2b-63a42176218b
  393_47d43e97 [DIF] -> a9504b33-5561-4423-a0a2-1e92ee235981
  393_7d481b62 [4IA] -> 2ecbd1d7-4dbd-4d48-b822-0c137a7ebcd4
  393_c3358fa1 [8QM,4IA] -> 3ea7bf62-1a22-4627-8fce-ff35e467e6bd
  393_c3358fa1 [EH1,81J] -> f12fa95e-a86d-4a2f-9bc2-49c62b739d02
  393_c3358fa1 [EJD,EJV] -> b849ec50-8ef7-46aa-800b-987dd0d99dd2
  393_c3358fa1 [HX1,81M] -> 307d99b0-167b-47da-a044-87357086793c
  393_c3358fa1 [QZP] -> b29e79a5-565d-4fb6-bdb1-c6bb5aea83bc
  394_ffc37182 [1ED] -> 59196315-b924-48b0-99da-ef3ae3893650
  395_f9cfd803 [TQU,QFD] -> dd6c9ce6-d2c5-45bf-8797-34a1df72e443
  395_f9cfd803 [KEQ,YTT] -> d9dd56ef-c9c9-4720-a78b-0b9576687946
  395_f9cfd803 [1GB,YTT] -> 71d5ec2a-f375-47cb-a3f4-d79a7916df41
  395_f9cfd803 [YTT,1G7] -> 4272fec5-c4da-4735-88f6-284c709075ce
  396_475f6489 [ID3] -> 7e5385a5-68b4-4193-ade4-d31889c2082d
  396_672140e8 [9KE,9KB] -> a394e5fa-32bc-45d8-a2e7-cc3ed4bd07b2
  396_672140e8 [69M,TZM] -> 6d5a3626-87a3-4548-8edb-76b31832f988
  396_672140e8 [GGJ,69W] -> 4badc841-2a9f-495e-915b-8a98c07eb29d
  396_672140e8 [TPF,MQN] -> 45e7c817-bf37-459a-8f76-96cb8b8b73a4
  396_672140e8 [69S,KEQ] -> 4dafc023-a29b-41d2-9768-da11491ef974
  396_672140e8 [KEZ,Q47] -> 37d81ac8-ebdf-4a03-89b4-dda574dba418
  396_672140e8 [KEH,N5Z] -> b77aac97-a0fc-401e-a986-9e2eefc6b813
  396_672140e8 [N5W,KEB] -> d53397f5-72c1-4be1-8287-9c534c526fac
  396_672140e8 [KEW,ULZ] -> 3c7814d2-f462-425e-a956-f32712fb4d1c
  396_672140e8 [OUC,KE5] -> 104baaf2-b3f7-4982-8d1a-45f0d479ccb1
  396_672140e8 [N55,R2H] -> a56057be-2938-48b5-a00b-284f07d9775c
  396_672140e8 [KE2,YTT] -> 11daa0ef-db98-409a-aa27-fbaaeaf104d7
  396_6abe88bf [EV1] -> c14e7d65-f432-4df9-be2f-ac2b9593fa66
  396_9ca07298 [4UH] -> 07f3033f-f50e-4661-abcf-37290db169a6
  398_712f2bbf [5YG,ENK] -> c7635747-d7b4-4910-90cd-6001c5645a9d
  398_712f2bbf [DQE,PG4] -> fdc9353e-d0a4-4df6-b081-7d23b09bce31
  398_712f2bbf [EIQ] -> a75d7cf2-e2ec-409b-897d-79279b736200
  399_d04da719 [EMZ] -> cf7cd571-34f3-4ae1-af72-2963238ae191
  400_3b97c392 [STR] -> c22fbc21-5123-4ca4-94f1-8372b1e3e25e
  400_77edf82b [ASD] -> 3d9698f8-c748-4291-b0c2-a4f1d8b18498
  400_dff94071 [STR] -> 9bd8420a-fef5-4d2b-8af1-7f6ffaf9b7ba
  401_a9170273 [RRM] -> 4f51bf59-492a-490f-a6b6-6891805e5963
  401_b00cace2 [RRM] -> e99700f1-8188-4891-b989-166559e96399
  403_b29b1ed4 [DEB] -> 0d90b211-67b5-49c8-8754-23677aee5ec7
  403_b3a2f553 [KTN] -> 82fbbedd-7265-4499-9a74-943dbcc4292a
  403_e7509160 [KTN,9AP] -> 17e060cc-40dd-4ec3-8292-46a5397efad0
  403_e7509160 [ASD,DEB] -> 238bbaeb-f689-41e3-8cde-377330c8cad0
  404_7fe08af5 [DEB] -> e7280583-5a66-4303-9388-b3d48b512abf
  404_a7f52c3e [DEB] -> 8c56d424-9fa7-495f-a63d-200423ac1761
  404_da66167c [DEB] -> 29ecd1a0-0634-4e1e-bec0-046015ca5ac3
  405_04029c87 [K2B] -> ddac4b5c-d734-42d6-845a-1be835dad85c
  405_90b62d6a [GWM] -> f74ed95a-dd2b-4c82-b460-2749873dc62c
  406_a7c41b23 [FLV] -> 13c33f7c-d754-4490-a16b-4aae6c39af19
  407_496a34be [FLV] -> 27a9e8d6-baaf-4852-b834-4a1d87586c5d
  407_6f94dcc0 [NQ] -> bfd28a36-8074-4ca2-ab81-a5468b51d9a2
  407_79f598c9 [K2B,C3S] -> 0d0213ae-5d26-4a40-a7a1-9f3fba83d967
  409_7ea29415 [NQ8] -> ab966b48-7d22-4853-91ad-6334574f8ef0
  410_33697e28 [5R0] -> 594557f9-f091-4e5e-910c-c7eac74113f2
  410_420f8942 [YJE,UB7] -> 41fa5c6e-f413-40cf-a56e-f66f4cba6122
  410_824c8e4c [EJD,PQS] -> da79520a-6470-44d7-9440-0464b6a95d18
  410_824c8e4c [IRJ,M4F] -> d98fceb9-b811-4895-bc7d-cf3054ea464a
  410_824c8e4c [81M] -> b6be208e-c9e1-4cf0-906c-1889d15497e9
  410_83d6f89c [5R0] -> ff7bbe19-a95f-40c8-91ce-52ae395959c6
  410_b64fbb1a [ASD,STR] -> 2f9f3853-9bf6-4b75-b9de-e880bfdeacec
  410_b64fbb1a [PLO,TES] -> eca5b070-e426-496c-aab3-7de55022c3e9
  410_bc4a20dd [PQM,PQP] -> a49f8f50-7feb-43d1-9fbb-063022a27745
  410_bc4a20dd [LVC,L4I] -> 6eb33452-ff70-470b-8abc-c93dc5319b7f
  410_bc4a20dd [M4F,L3K] -> 0d87492a-76ac-4a45-9c6a-3441923a129e
  410_bc4a20dd [OW7,8ZU] -> a6c0197f-d327-4dd4-9969-f44c162f6e49
  410_bc4a20dd [TWO,8ZU] -> 01da45e1-fca7-4a05-a801-2b9c9507b5ed
  410_bc4a20dd [K3Z,QDB] -> 88f87a3b-beec-4c81-a16e-0dfd151f0300
  410_bc4a20dd [1F1,ZRS] -> b7646632-0c33-4c5b-ac18-68387b440b50
  410_bc4a20dd [LVK,KQR] -> 9bfb4950-f7ff-400f-9561-145a3ff47947
  410_bc4a20dd [VLG,PQS] -> a76d3f29-9eaf-4d2d-b75b-68f608ca2b0e
  410_bc4a20dd [KQF,Z7Z] -> 1a3a5bb0-a8f1-40d1-9891-b8c8cb5e59a5
  410_bc4a20dd [JO4,JO4] -> c481676a-a72a-4091-92aa-0abc6ed69661
  410_bc4a20dd [FIV,JO4] -> 3a0612df-f629-48c3-b7f5-e4a3014ec633
  410_bc4a20dd [JO4] -> 10d79a24-e046-48e3-a537-299056a11f5c
  410_f7949552 [EH1,Z7Z] -> cf5d5e57-70da-421b-bdcd-c760dddd4996
  410_f7949552 [8ZU] -> 9e97ddc7-4241-455c-8949-6a66c9df1d24
  411_4ad73dbc [MYR] -> 323d8374-b8dc-4e41-8d31-ce54afd44af3
  411_af24ac3c [ERB] -> e53d8950-ab7e-4807-8720-418c9637cf5d
  411_e3e8183c [KLN,CL6] -> 547bad59-97df-4883-aba3-d96acb71b7d0
  411_e3e8183c [EY5] -> 94f20103-b92c-45e6-91fb-ef44bb10f694
  413_9c5d7a9c [226] -> af0b4534-bd9b-446b-b96a-77abdf84dfbb
  413_9f4eac9a [II2,II4] -> 78226343-22f8-43aa-90af-bad2dcc5680e
  414_1ba62fe9 [UYM] -> 02ef42ba-7e6f-4224-ab50-c00c30d7e5bc
  414_63852e7b [ECN] -> 06da9609-f5b8-42a5-bf6e-bec58563d410
  414_949a8532 [KKK,6XF] -> 90fbc819-1d38-409c-bd32-63f93f5c2e98
  416_8845d560 [PLM] -> 638905b6-60d8-4629-9835-c81c5c4e5449
  417_0e6cd8b9 [PAM] -> f5943223-a633-4ab1-94a1-ef4e11caeee3
  417_e0528f9e [DQE] -> e151bab7-257e-49a7-8634-f43a92810a75
  418_8d7c0f49 [E93] -> 2047880b-3376-4221-9d50-b5361b36f52d
  418_b02dd5c4 [ECL,D12] -> a80417f5-bce2-4d42-b32c-f523447c4a3b
  418_cdc79ec5 [PAM] -> 0965769a-a87d-4b28-aab6-e77e0b66cf2d
  418_d6145562 [I6Y,JK9] -> 1f2c19e0-f405-4a57-ac5f-2b449fbaed31
  418_d6145562 [JFI,5YG] -> ba5b6fea-a4ba-4ee2-8eb5-a9aac7783f51
  418_d6145562 [EIQ,JV3] -> 43b011cf-7533-4149-80b4-5503846bef72
  418_d6145562 [JUR,A1H47] -> c5237153-aeb0-4091-8166-4843a69f0bbb
  418_d6145562 [2QC,HIH] -> ad2fd87f-6a3b-42fb-ae25-3a8e7c2e1476
  418_d6145562 [KB9,JFC] -> 1aa90833-7be6-4e90-96be-6fbf606ec024
  418_eb9ea735 [3QO,K2B] -> 11d7ea80-5a33-4a4f-b626-5e17c0bd4710
  419_2ab9350e [DXJ] -> 063e8b65-ea34-4e04-8c9d-9adba9bb794b
  420_545c0f8c [L6X] -> 3dd0afca-e515-4f7e-b122-c878ba7128d8
  420_6f493f38 [TES] -> 803b7b5e-d70e-47b8-be7c-ffbd2d6c443e
  421_0306eb73 [MYR] -> d3f3d5cb-862c-4c3e-9567-593cb2913ad5
  421_446a58b4 [CAH] -> b9b1d94c-c316-4289-af2c-65028afb1078
  421_838aa221 [CAH] -> b7393223-4380-4cc6-965f-3ce70832cafc
  423_69bac218 [0GV] -> fb87f2d4-b4f1-434d-b5a4-817e6dc2f701
  425_918da379 [PAM] -> 0da39c31-8deb-4be0-9fe8-50f97baa4256
  429_3c548ba6 [PLM] -> f3a1cf1b-7960-4ebe-a588-52c78dd7600e
  429_42e1ecdf [TES] -> 0e112bf4-ede3-4842-bdc6-863fae542a22
  429_d4604a8c [TES] -> ce9246fa-fe8e-421c-bdc6-e3e918e7c62b
  432_82bbf621 [DCR] -> fdc9e537-17c4-4a5d-99af-c3df133556f5
  433_1a485928 [FOF] -> 5e2b032f-d7cb-47f5-9646-b1fc54514dbc
  435_2f9ec93d [B9L,B9O] -> 20209490-93f0-4e19-8119-cb3b14f62ddf
  435_2f9ec93d [B9L] -> d9e65d37-4e01-4f0a-8502-2d7d4b490c10
  435_330d7a26 [M65,M65] -> 66f71467-a0ee-4aa2-b379-7e8e3466f6cf
  435_330d7a26 [VGJ,M9B] -> 1651e5ab-fe59-45d4-97b9-bf37c10d4031
  435_330d7a26 [VD3,RWZ] -> a546a85b-0a1c-450f-ab8b-399bb0e35bf6
  435_b1170faa [M8N,K2B] -> 98e6c7ff-2d76-4d3e-90c7-337357bd584d
  437_6f9809c9 [CAH] -> a72b8eea-6eac-4665-b519-c04ee6ac0835
  439_20b8b15f [Y7R] -> 5fd10434-4695-4aa3-999d-0fa604b83aef
  440_fd3539ea [K2B] -> f9fe8a68-717b-42b8-86f1-4727f6cdfcb8
  441_9f5ce965 [NE4,NE4] -> e38966c3-bafb-49a8-8983-f95b3f4fbb1d
  441_fdb186c9 [9LF] -> 0813e2c7-85cc-47b0-b756-a78a7fa5e263
  443_05636834 [VFV] -> af08d1ca-7a48-43f8-911b-f6042041c435
  444_2f85a59c [REA] -> 0464c7a0-7dec-4620-9e26-423a4b585f54
  446_68e6f289 [VFV,PJM] -> 014b109a-e60f-471b-9b46-59a468a639f9
  448_7a54e61e [VFV,VNT] -> 811fd6c3-fc07-4501-a166-a7db2e996b53
  450_9c481af8 [VNI] -> 584748e4-5171-4279-ab5e-06b4621d4381
  450_e1393289 [16A] -> da7f8268-716a-4774-94e9-56204c1cb7e0
  453_31297a04 [LNP] -> 3b1003f7-b267-4bec-9bbb-fd24554d0590
  453_3fc5a1f6 [TPF] -> 41d62153-31ab-4932-bb33-3d74c80a76e3
  454_40de364f [JKF] -> 1b1624b4-505f-49e8-a795-a32ebc7d60d4
  454_6f07a0ed [LAN] -> 2bfa15c7-3634-4afc-8804-11f059e43945
  455_0c860b28 [CII] -> b1edad29-c40b-4cf4-96d5-d9bc0a000846
  455_48438573 [CMW,CM9] -> dfa6762a-336a-4eb5-add6-36474cc4a5b7
  455_48438573 [CM6,1CM] -> 5a0ff0d8-fdc7-4820-a480-78789dbd2943
  455_bf9cfaeb [FW6,88L] -> e9c29252-7a22-4095-b642-10a6ecd6b20a
  455_d4843705 [TPF] -> ca2cece1-664e-4e9f-ae16-79571502703c
  456_8d7b7719 [CLR] -> 5ba67a20-439c-425f-a3ea-c69b6887f5ca
  456_c9a58f1b [BTB] -> 90bdfb71-a84d-4a89-833e-7d55b5ed4fe5
  457_0da0339b [9RL] -> a58e114a-266c-4108-8279-eaf203c5a1d5
  458_683cba10 [WQR] -> 50834359-1a29-421d-a490-652ebf43cf9c
  458_c4bcedc3 [VNF,POZ] -> 40d6d2c4-32f4-44a1-aa57-f9f525f8db9d
  460_0f25ea19 [CL6] -> b037f0fc-d4b5-41ae-8754-77475b22d268
  460_2af8865f [LFD,LFS] -> 96484fdd-4d22-4019-85ea-0cc2958fa848
  460_2af8865f [LFT,VT1] -> 4c092b0f-766d-418a-bb7b-ab4c78a0d312
  460_2af8865f [UDO,UDD] -> faba9db7-ce8b-4240-b963-276c3914462a
  461_217b532e [NEE] -> f0586ca9-79dc-4045-a5fb-9e0086c12897
  461_b17f2608 [ECL,ECN] -> 5ca5cb2e-073a-458e-bb79-bd05abbc2f95
  461_b17f2608 [KKK] -> dd311b66-9e65-45b7-ba5c-9cc5848487b9
  463_2621ae02 [LSN] -> 1ce11271-0a98-4773-a3d7-3c40014bd414
  464_4dc0771e [TPF] -> 39ba63c5-6e0f-494a-ba5b-2fa7fcb5823b
  467_6a91af88 [26N,TW5] -> c786ca94-a056-44be-b798-5da607af39e0
  467_acd53678 [5PS,J5Y] -> dd0fbbb3-bc3c-4b11-9885-be2e19392bab
  467_acd53678 [TU1,WVH] -> e5f193ad-548e-4e94-9a90-d56b771860d6
  467_acd53678 [25S] -> 62069ddc-5f64-4488-a140-fe648d093b35
  469_ec879091 [18I] -> af19aa15-2172-4b1e-b762-0101412a564e
  470_03aefc00 [T9H] -> c1f3984f-fe42-4c02-a290-c370b644e469
  470_4634f49c [VNI,VOR] -> 8c2b9203-c18b-49f5-9cbd-c5e42e6e2924
  471_d4280bc5 [2DC] -> 9b6781ff-476e-48de-a74c-b9149359e4da
  473_4b734b6b [TPF,TPF] -> 93c0ea44-7f0c-4cd4-9c62-4f7fe25b0d9d
  473_6790f922 [DMZ,DIF] -> 4fbb5dd1-2766-4e70-89b3-07762848378a
  473_82bdfad8 [LSN] -> 83b131e8-5655-4328-a6e9-5c8328e1168a
  473_ca85e740 [VT2] -> 3d125df2-3544-40e2-91f7-14f2fa9f94da
  474_5043b011 [05D,YCG] -> 4c83fc7e-9bc8-42e2-9b84-b8b12df84cfa
  474_5043b011 [A1BZC,0I1] -> 7c8f6fe1-c019-401d-a7ba-9530c4c80cfc
  474_5043b011 [YCJ,A1BY9] -> 0fe7a30a-7919-4bfc-a9cc-4c7ceb353d05
  474_5043b011 [A1BZE,04Y] -> b6a66550-49f9-40fc-adce-2604dd40a16b
  474_5043b011 [YBS,A1BZA] -> be9b8e91-be52-4b0e-93d4-5816aef8e9e5
  474_5043b011 [A1BZD,A1BZB] -> 32639c26-8a9c-4b1a-ad00-af8c40ad9317
  475_07812ca9 [2QJ] -> 68138be7-db21-4ee9-826c-63b31b2aa5c3
  475_74349f57 [X2N] -> 5051fe10-52e0-4439-90c1-761470e17b59
  475_83a489fa [TPF] -> a0b72703-bebf-4eb8-9977-a1316e878736
  475_c96c5508 [U51] -> b4647bcc-482f-413c-8b80-b739374d0c4d
  476_042e6596 [9PL,OID] -> fc7f62b1-45bf-4690-8e7b-287009abe671
  476_042e6596 [LC4,OIO] -> 79f04e74-fbb8-4be3-9701-67f56c114ca1
  476_1c30957d [LSN] -> be1059bc-964a-48d7-af71-53eef3a0b408
  476_1eccdb5d [PB2,PB2] -> f87d46f9-66cc-4abb-9996-02f43b20889f
  476_1eccdb5d [TMI,06X] -> 98ba7fad-6b63-48d1-ab6a-f769f5dbc842
  476_1eccdb5d [CPZ,CGE] -> b2dd8f9f-836a-462b-a135-1547bb5f1ac5
  476_1eccdb5d [TB2,TIC] -> 971f31c9-f99c-4214-bc94-1c44b9e637ad
  476_1eccdb5d [0BV,8PR] -> b2b0fe20-d8d4-42ac-be85-9cd294854254
  476_5965a73b [CPZ] -> c059b2f4-9df7-4ed2-a130-1079db473d76
  476_5b1c057d [LSN] -> ac7d68c4-9094-401c-8ca5-fe310896422e
  476_7621de71 [CPZ] -> 68ba4f9d-242b-426d-a6c7-781c0f7e689d
  476_7cf5aebf [LSN] -> 2d04cf51-72cd-47be-ad3e-13fd800b2dc5
  476_84104a34 [9PL,D2G] -> 29f4bd6b-f0d5-4265-a033-da59f9f5b661
  476_84104a34 [D3G,D4G] -> c8d4e570-a628-4948-af9d-27c4e44b9bdd
  476_84104a34 [D1G,NCT] -> 97e8ef85-c32a-4b22-a666-388a56833766
  476_84104a34 [8MO] -> 7d064022-ec55-4a7c-aa6b-b7782506814f
  476_8c5622dc [LSN] -> ecbbc13d-4ca7-4018-93ee-135a3dcef4bc
  476_9dbeadc0 [9PL,N4E] -> e0c7b1c9-d955-4d72-b49d-c02daa7adb5f
  476_aca4f268 [0QA,9PL] -> 1c2da820-7fb8-4403-82fd-e95ef717e282
  476_aca4f268 [0QA,NCT] -> e62ecd27-2d0f-4b9a-9fcb-e632667071c4
  476_ec577891 [06X,3QU] -> 0eedf1c5-54c9-461a-94ab-8bfbcb1ccc81
  476_ec577891 [3QO,CPZ] -> b441e3b3-a63d-4a5c-bb63-1b4e8547b78e
  476_ec577891 [9ZJ] -> ab2abf53-7098-48ca-8b15-05620b95ea09
  476_f7fff33f [MTK,9CR] -> ff7045df-a1c4-4757-b370-15a5e40dc6ff
  476_f7fff33f [225] -> 4abb9b01-e86c-4145-a0af-a06afa736767
  477_39eada44 [0XV] -> 9674f47c-9d0a-4ce7-9b57-31470a450075
  477_a506c224 [LFV] -> a34b9c5f-f8c5-462c-83a6-632d3915eb5d
  477_f6ac8610 [6RJ,XI1] -> 84d8717e-eb45-44d5-a0a0-3b22f837311f
  477_f6ac8610 [FLP,6YF] -> 3370a76b-5d42-4633-adc9-372c8ae35e6c
  478_6eb03748 [32M] -> 1063e1d7-7db5-458b-b6db-2dd78f819421
  478_9f6a0c23 [1CI] -> 9b0078e5-febe-4a2a-9f94-4ec40a858d0a
  479_7301ea5f [V2H,VD3] -> 253889f1-767d-458d-9ec1-5de9a5ab48a8
  479_af4ae158 [PN0] -> 925008c2-f793-4616-9f86-c07b492fe061
  479_cf53e4c3 [CGE] -> d60daf7a-becb-4299-a58b-403b8a145f2c
  479_f5b99101 [SI6,PN0] -> e97dbf9c-cfcf-4a9a-b4e1-7b4f0ca1409f
  479_f5b99101 [PN0,SI5] -> bf1b9e2c-7a2a-4c44-962a-fa6598b916c2
  479_f5b99101 [AJN] -> 2cf352e3-9fff-47a5-b72c-4c0a547853f5
  480_0010cf69 [CL6,RIT] -> d0b3c884-00c7-4bc6-9cd6-da6c1bc539bc
  480_0010cf69 [A1BNX,MWY] -> 2f8eb951-5a8a-4e74-b445-f0b3538987d3
  481_4e319598 [XRD] -> 619252ea-d7c1-42ac-941e-a805e067876d
  481_e03083a2 [D2V] -> ece6fc95-5c0a-45c7-bb35-ba7f9b4fb394
  482_3314a5f9 [STR] -> fe7d830e-d440-459a-87ad-cedad0ee4a8f
  482_89b551e9 [CPS] -> a7791abc-73c4-41e3-b5e1-e52a757dd76b
  483_4a1aae09 [0T3,1CA] -> 0b327d47-9f6b-4df8-a87f-2e487cc0ed4f
  484_08f22cf5 [YSY] -> ad068298-9246-4559-ae2a-1f8073a77895
  484_16b493d6 [JD7] -> be486a5c-471f-47e7-a169-248611f61b22
  484_a14ea32d [2QH] -> 52227e87-2538-4647-9fb4-0f3ddf25d12d
  485_3260576c [DVE] -> 4a1d5db7-69ca-41f3-a82b-0f863b0ac979
  485_6cd5c2fe [KLN,RIT] -> b4b3450f-3203-43fc-bbca-9bf620d7f8f2
  485_6cd5c2fe [MYT,ERY] -> 371a9d07-f6ba-4a9a-9f50-5ab22d248561
  486_62b873ed [YNV] -> c3942129-a347-427f-a239-56e6a23046f6
  486_c05cda03 [ZWY] -> 7005363b-8236-48ca-b9b0-8a0b3d5b5587
  486_ee37fc5f [HC9] -> b296f685-8350-45c6-9710-26747a1fa3fc
  486_f605e37d [CL6,A1ASQ] -> a450dd2e-be90-46f0-85a5-7d32be4cd2b0
  486_f605e37d [A1ASU,A1ASV] -> fd03c656-b8d7-4e3b-8080-5c74b7fc9945
  486_f605e37d [A1ASP,A1ASS] -> 71defa56-b0fb-46bc-9340-dd1fa5fc7f45
  486_f605e37d [A1ASO,A1ASR] -> 25e2bec8-c1e7-4b9d-adba-ffb42b5936f1
  486_fe430384 [MYT] -> b2116d21-055f-4581-8cc1-8a886c39588f
  487_32859637 [A1A4S,7AW] -> c8a40890-eafd-4866-b5fb-2b57d9c2ecb3
  487_32859637 [NH0,X7D] -> f603b734-dcb4-4390-b8e8-bf9efd750d20
  487_32859637 [X6S,NI6] -> 0d908d2e-b4ec-4142-b95d-f88b6867943f
  487_32859637 [X6V,Z8Z] -> 37f1b274-c76b-4a24-b0e1-cea24ba95b57
  487_32859637 [NJO,6AW] -> 8a64179e-57bd-405e-afed-0cd0796df764
  487_32859637 [D0R,X5Y] -> 917e8796-b414-40cd-972e-fbd79eebef2d
  487_32859637 [X71,J9K] -> 1b144cc0-e444-47b9-bb8f-6d5e3a75f2be
  487_32859637 [A1A07,D81] -> bd1c18aa-0965-4bb9-a77a-f281d5e310f8
  487_32859637 [Z9Z,A1APA] -> e0fce34b-ab58-4922-afbd-dfcd41932077
  487_32859637 [A1A4T,RIT] -> 2ef55b1d-9905-478e-a706-85d15976b678
  487_32859637 [1RD,X7M] -> a770ba30-9311-4d32-b593-9c18cd4b5b7f
  487_32859637 [A1A08,A1A4V] -> 13bb96dc-120d-4739-ba7c-ff9a01da8b85
  487_32859637 [A1A06,X7P] -> 0c688e17-1b40-4799-9679-c013c2824ae2
  487_32859637 [QEP,A1A4U] -> addf33f1-bd40-462f-b181-9a82e1a44874
  487_32859637 [A1A4K,G1J] -> ab160232-8c4b-49a3-afdf-da88015b024c
  487_32859637 [80K,X6J] -> 57ee3366-a6ae-4254-b921-a8ea87d86260
  487_32859637 [G0D,D7M] -> d934e46e-3e33-4348-96ad-347317913652
  487_32859637 [DEJ,D7Y] -> 9cd0ce5b-34f6-412c-9024-41c749db41a0
  487_32859637 [O39,NJ0] -> 8fc33b5b-19ae-4055-8847-bbf1290c7a6d
  487_32859637 [QDP,MYT] -> e89afc1a-72c1-4a01-bb26-5ad8a98954cd
  487_32859637 [FZV,QEA] -> 3702c8d5-2611-43d4-9586-af559ad4b18f
  487_32859637 [QES,5AW] -> 8d94bbad-385b-4b5e-b05d-35721a7b74cf
  487_32859637 [QE4,DJ1] -> 10e30352-4553-4087-a87c-4c6a4809c850
  487_32859637 [DEV,G0D] -> d8a7f1b5-cc4f-4994-8a9d-6a0fe0f355db
  487_32859637 [QDV,QDJ] -> fc2e3790-9255-44c9-a159-7b0b0515c6c1
  487_32859637 [G0J,FZV] -> eaffb36b-5af5-4ca9-9973-1e974e585d25
  487_32859637 [QDY,08J] -> 107dd831-4800-4968-b476-47fd673ae303
  487_32859637 [CFF,08Y] -> 626af91a-b578-446b-b19c-a379408a8a2b
  487_32859637 [MWY,A1CIW] -> 2bd467bd-1f3b-40bc-8164-6e26864a0e83
  487_32859637 [MWS] -> 562dbc01-a2ec-483e-a542-e86cbd2fbe16
  487_3996026d [TPF] -> c2426aea-52c3-4fb1-a2dc-ca4a4dae1595
  487_6d9fa596 [PG4] -> e5cbd7b0-c00e-46a9-9900-07a76eac5a69
  487_8538537b [X74,X7J] -> 13d76e12-f133-4b1f-8c10-a22606f53c34
  487_8538537b [NXR,NYF] -> 5687552d-b6ae-4eb6-8f6a-334af7c9ad08
  487_932e3608 [HC9,HCD] -> 6ab8f8bf-8ceb-40cd-b450-1c4d3cda7ed1
  487_932e3608 [CLR] -> 9a339bfa-ca76-40fc-97a9-89840a4cbafb
  487_ecbf61ae [RIT,08Y] -> 2b03dd5d-153b-4868-9a74-8657494e4717
  487_f5412e3a [PK9,PK9] -> 3237e1c6-1a51-4f3d-bafd-6230e91e5856
  489_c3fc2428 [YHM] -> fa0a10d9-1acb-4ca2-98ba-79449f6de871
  489_d6dd2913 [QHC,O4T] -> 92fec2b3-d8fa-4984-ae55-65fef71c00e5
  489_d6dd2913 [O4W] -> 0a9bb988-e7d0-448e-a54a-5a3f3c8761b3
  490_6a8e1ea2 [X2N,VT1] -> 2c1ad16d-b547-4d05-bee9-c6c52c21a9b9
  491_3c76f070 [UCZ] -> b5015d41-2799-418c-8b21-12aac3822490
  491_57ef6006 [HJJ,Q4M] -> 387fc1e5-1fb7-487b-982c-b58f2f51d4e6
  491_57ef6006 [Q4P,BHF] -> 054dfb91-b951-4d25-9eef-2620c63dba8a
  491_57ef6006 [AQ4,KUV] -> bc503745-e5e0-45d5-8eac-f378ce8bcc12
  491_ec153e60 [0GV,K2B] -> d2eabedc-8c50-4f4e-a67b-d39d96029d94
  492_9ba7e278 [OLA] -> 1de30829-be2f-47b3-974d-3bc86c25b647
  494_df1f3120 [XPK,3NR] -> df3ba2e0-1a36-4913-89f0-fb84395c3ffb
  494_df1f3120 [UDJ] -> 0a3e3e88-d88a-4b4d-ba8a-b920e1e9bdbd
  495_3cc65aad [BHF] -> 799ad7c4-f8d4-4d53-8a1a-6147fe8b9bcf
  495_4b188212 [243,T25] -> 226566d4-7d84-4d53-8bab-4714baa04fc7
  495_90353ec6 [243,T24] -> 25a36c3b-826f-4ea2-a47a-3a298e3757d6
  495_90353ec6 [T25] -> bf6c217f-fb54-45c4-a7d1-acd9b6829465
  497_9e5b0951 [V16] -> 956a1382-2d7a-45e5-8d53-7c48f5399a18
  498_b2766aaa [MXD] -> adabea4a-72df-40e5-ae0a-d6027bb67ed8
  503_f3121c0f [ASD,ASD] -> 7d8e8b25-5f7d-4c35-964e-2731f96c3a3e
  503_f3121c0f [ASD,TES] -> 981e0769-f53c-40c6-bc6d-193ac9526c11
  503_f3121c0f [ASD,ASD] -> c1040229-5fe0-426e-a393-ca27a0803ed1
  503_f3121c0f [ASD] -> eca818d9-ab29-4bed-a271-8488bf08b721
  509_e452cdaf [AER] -> a93b3a61-8e4d-44d5-8877-4744ce574f4a
  515_00bd6347 [1YN] -> b2c67916-88ff-4764-9bf2-dee4caec1d10
  536_e0febc59 [81H,LAN] -> dc54eaa5-68aa-4ba7-8f6e-acf8be90b5f8
  537_fdcdbc81 [1YN] -> 2a0bfc01-1f30-4288-800d-34b37551eb60
  539_5aebb388 [SKX,A1AB6] -> 8d3479cd-c194-4fc0-9381-33da0bc7a908
  539_5aebb388 [1YN] -> c19f070e-00d6-44b1-8126-40a4143563a3
  539_5f23ede7 [VOR,1YN] -> 7109be93-6c56-4e9c-acf4-47eeb7b332b0
  539_7cd83d49 [VOR] -> 5c5bc161-b421-461b-93c2-c1c460c4fd86
  539_91e1b8cc [VOR] -> 9a9d6442-9d15-4e54-be3e-5fd3af701872
  551_c92602dd [LAN,JDJ] -> 4399b4e4-5604-413d-b443-3917b81f808f
rep 7: 469 pairs to fold
  368_3c6d23e6 [36Y,CPZ] -> cbd05ecd-041b-4774-993d-8fa5f7feabb6
  368_3c6d23e6 [3SQ,36Y] -> 999afa54-ec6c-4af6-98ea-3bb7bdfe6df0
  388_7e6828a0 [A1MAI,L0O] -> 50bfb14b-e966-494d-beed-b352c97fe1e9
  388_7e6828a0 [A1MAJ] -> 2bbe6870-dc6a-4956-ad9f-47dd25812229
  390_41f96d07 [A1EGF] -> 4a90a2d0-fa01-4591-861e-989378173f0a
  393_40400e22 [DAO] -> 2f0dd35a-728b-4791-9f0f-aee25fcc0ae6
  393_47d43e97 [DIF] -> d3dd1439-fb40-4283-9693-d210e64d8281
  393_7d481b62 [4IA] -> 15b53e43-7f90-4aa8-8ae2-891b50dbea45
  393_c3358fa1 [8QM,4IA] -> bcc7b138-a319-4dca-9472-492be4db9140
  393_c3358fa1 [EH1,81J] -> 10703ad4-20d3-484d-9940-56863ffaf5a2
  393_c3358fa1 [EJD,EJV] -> 1f8de07e-5fe7-4806-b439-cd364caaf160
  393_c3358fa1 [HX1,81M] -> 55763731-1ce4-442d-b526-1558940334c0
  393_c3358fa1 [QZP] -> 4394197b-26e6-428a-859e-47ac75f619d4
  394_ffc37182 [1ED] -> 0dd0ae03-149b-4068-91df-09301031df67
  395_f9cfd803 [TQU,QFD] -> d320302a-5fd6-42c4-a4eb-17e9ea9b5412
  395_f9cfd803 [KEQ,YTT] -> 7ec332a6-6e94-4d39-a45f-bd3ce6e14762
  395_f9cfd803 [1GB,YTT] -> 4c9740ec-87cc-4e03-bc5f-50e06321e4dc
  395_f9cfd803 [YTT,1G7] -> 2e3cba14-c976-428e-ae73-bdd09cb060f7
  396_475f6489 [ID3] -> 40e0fa79-a428-4162-8663-ccb7593095db
  396_672140e8 [9KE,9KB] -> 09afd939-69b3-4ba1-851c-a54f9a6cb203
  396_672140e8 [69M,TZM] -> 7d371b99-fcfa-4878-b2ac-057f9defe445
  396_672140e8 [GGJ,69W] -> e0212ce6-4a87-4c28-8524-7c4cb6b8c7ef
  396_672140e8 [TPF,MQN] -> 7947dbd7-c992-454e-a0c0-a3941e6d0eca
  396_672140e8 [69S,KEQ] -> 55a2b6c7-d8d3-4614-ad8f-cafc09275a3e
  396_672140e8 [KEZ,Q47] -> 58cfb589-cfcb-4448-bd4a-f3d26b8c72b3
  396_672140e8 [KEH,N5Z] -> e7a169a2-7d86-4023-94a1-da89152aec9e
  396_672140e8 [N5W,KEB] -> bc5f7d09-c973-48a9-9918-dc90add71e08
  396_672140e8 [KEW,ULZ] -> 70bf0d8d-4bd6-4df4-8539-224733d06804
  396_672140e8 [OUC,KE5] -> 7ecb20a7-fc06-4d1c-98e5-4b83539176fd
  396_672140e8 [N55,R2H] -> f3d17ee2-c767-4cc9-b18d-4d8f106ebe3b
  396_672140e8 [KE2,YTT] -> b7841364-694c-40c3-a3eb-bcd096715b3d
  396_6abe88bf [EV1] -> 7470e175-db91-4d75-a460-9c45439934be
  396_9ca07298 [4UH] -> 5143d380-d771-42e0-a7a9-cb2816c03fb3
  398_712f2bbf [5YG,ENK] -> 262e96c9-8d69-4a33-9b0b-e65d6bbeffc0
  398_712f2bbf [DQE,PG4] -> dfc8c84c-595a-4fdd-8c6f-bc4cbd3f2a1e
  398_712f2bbf [EIQ] -> 2f4ffff2-096b-40b0-9d68-8606c33e4d0a
  399_d04da719 [EMZ] -> 4cb63c19-d967-48d1-992c-5d4c133c88d4
  400_3b97c392 [STR] -> 204f258f-85f6-48df-9033-631f736e74c7
  400_77edf82b [ASD] -> 439fc324-6ad9-483d-8f8a-86830113841d
  400_dff94071 [STR] -> c50c1a19-01bb-4a6e-89e2-76caf84e22b6
  401_a9170273 [RRM] -> 486066a1-ff6c-4684-b63a-920ac67ccf8c
  401_b00cace2 [RRM] -> b466fb43-b099-435d-86c4-dbb8c34f55ac
  403_b29b1ed4 [DEB] -> b16119b6-d09f-445f-a874-233e096017f1
  403_b3a2f553 [KTN] -> ab6fc80b-285c-46a1-bf0c-5b1d1cff3113
  403_e7509160 [KTN,9AP] -> 7f75848f-36f1-4247-a87c-3340d8cdbe40
  403_e7509160 [ASD,DEB] -> 9947d853-1ea4-4b3b-9120-134028931b05
  404_7fe08af5 [DEB] -> d52f8bf1-9e83-4aa3-8ac9-071d92ff6c12
  404_a7f52c3e [DEB] -> 28f2f1b5-a403-4a78-b342-b61934fc29ce
  404_da66167c [DEB] -> 91f566b8-90c5-4be4-8864-b534efaec9c6
  405_04029c87 [K2B] -> 2394e2d2-19a8-4c76-b91f-f15cfefa91e7
  405_90b62d6a [GWM] -> 0d402ef4-3cbf-4f02-9b2f-c2aadd0418e0
  406_a7c41b23 [FLV] -> 3e6f1bca-6f56-45b3-82f7-100d87ee2e7c
  407_496a34be [FLV] -> 926c43d9-2c7e-4868-a362-fdab175094a0
  407_6f94dcc0 [NQ] -> 9595355c-a950-4ea8-93bf-b39da876fdc0
  407_79f598c9 [K2B,C3S] -> d73bff8d-46d9-4517-82cf-e99e76b93ec3
  409_7ea29415 [NQ8] -> 0c012743-3d2e-4de2-abe3-ee74067fe1bd
  410_33697e28 [5R0] -> 34565833-858c-4508-94c6-07c6b037e137
  410_420f8942 [YJE,UB7] -> c9ad9f4a-0fec-4eae-bfa0-b2337ba0033d
  410_824c8e4c [EJD,PQS] -> 769a9a4c-70e4-4711-9434-a17310d1eb91
  410_824c8e4c [IRJ,M4F] -> 5a088e9c-801b-4b7b-9d3e-3f3ca9e205f3
  410_824c8e4c [81M] -> 8856d605-595a-4c83-b94a-b9a1846ca8cd
  410_83d6f89c [5R0] -> 4008b897-2d4a-4b6f-a4e0-c91a4f106c33
  410_b64fbb1a [ASD,STR] -> 8766882e-d384-4c0f-bb80-a46d20ad1dc8
  410_b64fbb1a [PLO,TES] -> 235a19fe-803c-4528-b050-c28e6e1488e2
  410_bc4a20dd [PQM,PQP] -> f2412a69-b4fe-4a47-9851-2bab0723d876
  410_bc4a20dd [LVC,L4I] -> 74ab1dd0-a932-4570-ad47-349610332879
  410_bc4a20dd [M4F,L3K] -> c4a46e76-fd5c-49e0-88ca-b7764bd9c155
  410_bc4a20dd [OW7,8ZU] -> 36e85bc5-b52a-4882-a64e-a9f15211f9fc
  410_bc4a20dd [TWO,8ZU] -> fb39829a-b14b-473a-9c46-9e2c9396e3f6
  410_bc4a20dd [K3Z,QDB] -> 4d4264ba-a1a3-456a-841b-afe3a6af5d74
  410_bc4a20dd [1F1,ZRS] -> 6019e149-df07-4220-8c35-aa8d0b9466a9
  410_bc4a20dd [LVK,KQR] -> a589c349-66e4-4e85-b4a8-9a5577165f35
  410_bc4a20dd [VLG,PQS] -> 9b686c64-d928-4c67-81d1-dc23d2a62b8c
  410_bc4a20dd [KQF,Z7Z] -> 8d355b07-164f-42d0-a385-ac624d3f71c2
  410_bc4a20dd [JO4,JO4] -> 55814f28-ea0d-4918-8145-11fe6e6df6a9
  410_bc4a20dd [FIV,JO4] -> 03f1ea28-b591-42c4-8c98-260c508bfa94
  410_bc4a20dd [JO4] -> 0720bb1d-679c-4468-854c-9b190c807737
  410_f7949552 [EH1,Z7Z] -> 729b57fc-72bb-44c3-bb6c-2b0565c5fb9d
  410_f7949552 [8ZU] -> a2884d44-4a8f-48f9-b273-121a570e7b08
  411_4ad73dbc [MYR] -> 620103c5-cf46-40f7-8ad9-1e6ae37b2ebf
  411_af24ac3c [ERB] -> dee3c987-8595-4d33-ac48-15baf9fab9e7
  411_e3e8183c [KLN,CL6] -> bad6b4c0-1830-4889-aabd-e03db7d384e3
  411_e3e8183c [EY5] -> 9b933d5c-6558-4678-a9bc-ca64317c96a6
  413_9c5d7a9c [226] -> 64f79581-f607-4069-b2f0-4d08dcab1d37
  413_9f4eac9a [II2,II4] -> ad6212bb-ff1a-46b9-8fa1-4a6fcb8231a7
  414_1ba62fe9 [UYM] -> 28d9bb6e-ad16-4120-a3e1-c3ffe50e9581
  414_63852e7b [ECN] -> eeaf9239-39f9-45de-b5fb-d266240d3bf4
  414_949a8532 [KKK,6XF] -> d7ff2a17-3f95-48b2-abc9-0b803e3cdee8
  416_8845d560 [PLM] -> b7e67e98-9cd7-4d13-b70e-edcde79b7109
  417_0e6cd8b9 [PAM] -> e4ab5d2b-9996-44d8-8ef1-4de2988057bb
  417_e0528f9e [DQE] -> d755452b-ad5d-4798-a468-c72f81c68ee4
  418_8d7c0f49 [E93] -> 6648c02a-8d73-40b0-a8c5-a1b01149f5c5
  418_b02dd5c4 [ECL,D12] -> 5187c4e3-dcf9-4ec5-89fb-6aa404981294
  418_cdc79ec5 [PAM] -> bef23cc2-b83c-4438-a8e6-cd89b5f45498
  418_d6145562 [I6Y,JK9] -> bfd41b75-ad0f-4c49-b0f0-7a6f6aeb6321
  418_d6145562 [JFI,5YG] -> b4ce14de-b752-4533-a5be-fbbedadad06c
  418_d6145562 [EIQ,JV3] -> d1955e73-1128-4914-8c54-ffd321ba880f
  418_d6145562 [JUR,A1H47] -> 18f61785-9263-4378-aa6a-06b6bdeb4404
  418_d6145562 [2QC,HIH] -> 118e6c8f-a1d5-4f64-89de-7fe99513ee6c
  418_d6145562 [KB9,JFC] -> 24f83a59-7089-4d96-b183-f3637d019221
  418_eb9ea735 [3QO,K2B] -> b784a4ea-b804-4280-8551-a37675943cad
  419_2ab9350e [DXJ] -> f755bf03-5e3a-4ce9-90aa-69e33649eca3
  420_545c0f8c [L6X] -> 695cefa5-cf88-4a4a-9312-2547fa072688
  420_6f493f38 [TES] -> cc1a435d-b849-467b-9a77-c5dc232ba76c
  421_0306eb73 [MYR] -> 0cdd3ff3-c923-4970-88b8-b0863ad7cc44
  421_446a58b4 [CAH] -> d5d4913e-082c-4bd2-a1c1-9ba8b69b216b
  421_838aa221 [CAH] -> fe06f5a6-be1d-46aa-aaa9-ad5805c64c43
  423_69bac218 [0GV] -> 7382da13-b6bf-4fc1-9949-4216ee2b220d
  425_918da379 [PAM] -> 61ff2311-8588-439e-be4f-c745060f966f
  429_3c548ba6 [PLM] -> 554aa69e-a5a1-4397-920d-953b3b0ab35a
  429_42e1ecdf [TES] -> e4ae398f-ce15-43de-af05-4cafb1e6f9f0
  429_d4604a8c [TES] -> 4c30b813-14c8-42c0-80f8-53f58e986980
  432_82bbf621 [DCR] -> 6d3ca2cc-f217-48eb-8e4c-ec23185ae003
  433_1a485928 [FOF] -> 0d7906cd-d355-4af8-b1d4-22022c91c4b3
  435_2f9ec93d [B9L,B9O] -> 71dce15f-becc-45c9-b1b3-39c2332c0f54
  435_2f9ec93d [B9L] -> bb6c3438-9715-4f5d-9f33-2c65dbf6622f
  435_330d7a26 [M65,M65] -> e882f6b0-10d2-400f-aaf5-7c340789d6fa
  435_330d7a26 [VGJ,M9B] -> 64dbfb28-23a6-4c0a-b82a-93ad9fcef1ee
  435_330d7a26 [VD3,RWZ] -> bc51a8fd-d8aa-400d-9927-2e05e7e47858
  435_b1170faa [M8N,K2B] -> f441029c-3b09-47b3-a65f-1043577cb142
  437_6f9809c9 [CAH] -> 26a2ebdf-b467-4e28-baa5-a3dc9e975f54
  439_20b8b15f [Y7R] -> d27f920d-7ea6-4291-9f4d-8dcb1bca35fd
  440_fd3539ea [K2B] -> 1cc35805-acf8-44a2-a4cd-c72764f3c39b
  441_9f5ce965 [NE4,NE4] -> dd971eb1-a5c2-469e-8a2b-19e4367ed1d9
  441_fdb186c9 [9LF] -> 18b09836-c891-4894-b846-7e324696f884
  443_05636834 [VFV] -> ffac3437-6452-4e68-a785-d303ed540374
  444_2f85a59c [REA] -> 770e2ebd-67b4-4038-9cdf-965d70cab678
  446_68e6f289 [VFV,PJM] -> 7eb55fbe-0c7f-4167-aab4-3a9e578d1854
  448_7a54e61e [VFV,VNT] -> d8f7fa9e-f817-4367-a1b8-97c27e5c7326
  450_9c481af8 [VNI] -> d92fecf5-f3c8-4933-a450-b87c111e5e5d
  450_e1393289 [16A] -> 26dae0cb-57f6-4e7c-81bf-05639efad694
  453_31297a04 [LNP] -> 74c418f0-22fc-4d02-807d-4d57974646de
  453_3fc5a1f6 [TPF] -> b1a0cf3a-c6b1-4ebb-8462-74f02da923b6
  454_40de364f [JKF] -> c6d4b791-6a80-4050-88d4-a056ca2696dc
  454_6f07a0ed [LAN] -> 82c491f5-752e-4364-aeb1-b7d8b7840a72
  455_0c860b28 [CII] -> 906be86b-9a5c-47fc-9f59-f769da81f93d
  455_48438573 [CMW,CM9] -> d280ede5-d9ea-424a-8c39-0b1c3417e2e3
  455_48438573 [CM6,1CM] -> a641b965-a347-4faa-9d97-fc2a07dac830
  455_bf9cfaeb [FW6,88L] -> e2389066-c795-4652-9628-cb27ab699fc7
  455_d4843705 [TPF] -> 26f5c0d6-bce3-4333-8cb8-1f55a89c4e17
  456_8d7b7719 [CLR] -> 3d39c179-29e0-49ed-a3c9-b1007fd7dea7
  456_c9a58f1b [BTB] -> 106de138-0a61-43e6-9537-d34d4cb28633
  457_0da0339b [9RL] -> 8072e0b5-1341-493a-a188-2c2d0ddcc645
  458_683cba10 [WQR] -> 6e7a9d52-b5fb-4807-a05e-b54c6246c7fd
  458_c4bcedc3 [VNF,POZ] -> f90a696a-ea17-44c3-ade2-f9aa834e9e45
  460_0f25ea19 [CL6] -> c01cfdb3-27ff-4477-876a-456512e5ffd5
  460_2af8865f [LFD,LFS] -> 15e70bb0-8472-493c-93a6-d2093fdcda02
  460_2af8865f [LFT,VT1] -> 7c35bf3c-bef9-406b-adaf-41b669ebfc0e
  460_2af8865f [UDO,UDD] -> 3ef22bbc-073f-4624-90b6-a11292c50e7e
  461_217b532e [NEE] -> 9508660c-4906-4ace-b6aa-7d606501acd3
  461_b17f2608 [ECL,ECN] -> 6d511b83-bb7d-4965-ad18-2e43791bb8df
  461_b17f2608 [KKK] -> 48984f2a-9318-4aa7-9384-9e15a420b8a0
  463_2621ae02 [LSN] -> d0f8dad4-f3e4-4951-9a69-194530dd86de
  464_4dc0771e [TPF] -> 05690ac9-b387-45cf-a146-7efe85565583
  467_6a91af88 [26N,TW5] -> ad2b8059-8a08-4435-8ac9-a86798f56871
  467_acd53678 [5PS,J5Y] -> fa40c7f6-addd-4275-a251-9caebd4a76fe
  467_acd53678 [TU1,WVH] -> a1b411f6-d89e-4d15-9dcb-0c2f95bb8b4c
  467_acd53678 [25S] -> 035ab0a0-681e-4781-a43d-93387502075c
  469_ec879091 [18I] -> e4b6f8f6-d5b8-480d-917b-7eb66a33b7a9
  470_03aefc00 [T9H] -> 2a42665b-ab4a-4b93-aa1d-b63eb337d7b7
  470_4634f49c [VNI,VOR] -> ada9b494-ec5b-415a-b689-b899639b8da2
  471_d4280bc5 [2DC] -> 83d9b558-4865-49a3-9d88-7f842cab590e
  473_4b734b6b [TPF,TPF] -> 0c6dac18-3beb-4df4-af73-2b64d690a554
  473_6790f922 [DMZ,DIF] -> 3b375cf1-8b51-4251-b261-52bd6a3bf9e8
  473_82bdfad8 [LSN] -> 8026fedd-c937-4fa9-a947-57858ee8d529
  473_ca85e740 [VT2] -> 8a03851b-67b1-4272-beb4-7b990e5c5585
  474_5043b011 [05D,YCG] -> e3511a7a-9997-4c84-b1b5-b874e3ff3ed5
  474_5043b011 [A1BZC,0I1] -> 30649616-c813-4047-8b12-9924ec600e40
  474_5043b011 [YCJ,A1BY9] -> 169ce574-2349-440a-8cd3-13d594f64edf
  474_5043b011 [A1BZE,04Y] -> 40297581-769c-4eb5-b446-d5c7dde73de4
  474_5043b011 [YBS,A1BZA] -> afe7003a-ba45-4557-b1f5-362bffe1eb0c
  474_5043b011 [A1BZD,A1BZB] -> fab4c31d-f39a-4db0-a743-16ab7ef4ff16
  475_07812ca9 [2QJ] -> d6582628-ccc7-4717-a03d-d886d6af2516
  475_74349f57 [X2N] -> 81bf92c2-5808-4a63-8a40-b58a8bab7e74
  475_83a489fa [TPF] -> 8e457cc8-0ffd-4f47-b4b5-f1fa3a2e86cf
  475_c96c5508 [U51] -> 81712203-70b3-4a4e-8139-737dba71ad8f
  476_042e6596 [9PL,OID] -> bf520395-e59f-481d-a83a-331b72a9196a
  476_042e6596 [LC4,OIO] -> 6384697d-8b3d-4c5b-8e64-b03d56bfd378
  476_1c30957d [LSN] -> 7d128bfc-b27b-460c-ac47-4c781b0976e1
  476_1eccdb5d [PB2,PB2] -> 5b991039-000a-4c97-a32e-6cf1c45158d1
  476_1eccdb5d [TMI,06X] -> c995f9f2-9d97-466f-afe0-c2b2a66d9fe6
  476_1eccdb5d [CPZ,CGE] -> b691984e-8afc-4cf5-9f0c-a20a94d54f98
  476_1eccdb5d [TB2,TIC] -> 69a3ec9d-56bf-4122-8f2d-3ae92eefc50e
  476_1eccdb5d [0BV,8PR] -> a4a228f0-25ed-493d-baa1-c573b43d93b1
  476_5965a73b [CPZ] -> 538385b1-5b4d-40d0-91dc-3d7a8cee62b6
  476_5b1c057d [LSN] -> 375e7994-b302-49d7-9154-988e12bc3081
  476_7621de71 [CPZ] -> 400374c8-45b9-4975-af62-c1fc9e857c85
  476_7cf5aebf [LSN] -> b5fe8fa3-25fb-452e-9bdf-09ee93c0c3d4
  476_84104a34 [9PL,D2G] -> 3a55cb37-2749-4227-b459-d9af0c0ded00
  476_84104a34 [D3G,D4G] -> 1ddc79a6-dd3b-47f1-9861-2079adb7f502
  476_84104a34 [D1G,NCT] -> b945e3a1-3108-41d4-8121-67ee014b385b
  476_84104a34 [8MO] -> 874ecd82-e4f1-4d90-93aa-bb4ef12db889
  476_8c5622dc [LSN] -> 3da94f62-dbd0-42c9-b7f2-c4714121ff7b
  476_9dbeadc0 [9PL,N4E] -> 8f90b811-8971-42d9-8745-0d35d0503597
  476_aca4f268 [0QA,9PL] -> 8a0d468b-5f55-453e-a84b-57e460dd0856
  476_aca4f268 [0QA,NCT] -> 822c0577-330e-4c72-a6a2-2e4801c94346
  476_ec577891 [06X,3QU] -> dcf411be-60e1-48bb-a74b-60b3b7ed2d4a
  476_ec577891 [3QO,CPZ] -> e37c5956-3e9f-48be-88d3-b53e4c73b6d3
  476_ec577891 [9ZJ] -> 987d165c-557a-433c-b795-2721d20ee8e2
  476_f7fff33f [MTK,9CR] -> 329ab976-b222-4364-ba2e-a4bbcf5003d3
  476_f7fff33f [225] -> 9ab5bc9f-c729-4fc9-ae37-73d82ad29a4b
  477_39eada44 [0XV] -> 495a59c9-fcf1-4bf2-913b-e3ff1e61ab71
  477_a506c224 [LFV] -> 5a1c0520-ec28-4299-9691-85e86f8c625c
  477_f6ac8610 [6RJ,XI1] -> 153a4de1-a123-4b22-aa52-6ed6ef21efff
  477_f6ac8610 [FLP,6YF] -> 3af72e67-7a4a-42a5-b293-69b2521a2251
  478_6eb03748 [32M] -> f9daa808-9ed8-4bed-953f-490b770a688e
  478_9f6a0c23 [1CI] -> 962956b2-1f88-4ecf-a37b-c2b29d56a1ff
  479_7301ea5f [V2H,VD3] -> 6c80787a-da1a-41a2-a9b3-49de4607be94
  479_af4ae158 [PN0] -> ab119fdc-3b9b-4f34-8cec-ddbc8a03b5a5
  479_cf53e4c3 [CGE] -> 4cde220c-e896-4d6d-9a59-560776b3d03a
  479_f5b99101 [SI6,PN0] -> d371bb6a-5e87-4b04-9563-c93135517c07
  479_f5b99101 [PN0,SI5] -> 1df0ce9b-ce06-47ca-96e2-3d9887484b33
  479_f5b99101 [AJN] -> c14d92dc-0e54-48e7-b426-61ef7a2a8a5d
  480_0010cf69 [CL6,RIT] -> 4b590a3f-2f51-4622-ab05-acf167e01fa3
  480_0010cf69 [A1BNX,MWY] -> ad1a48cb-5d86-4501-b315-428063936e11
  481_4e319598 [XRD] -> 2f871cfe-ade8-43e8-8ad2-2f444401b890
  481_e03083a2 [D2V] -> 5f6fa2d7-27da-49a5-9363-a82df45e2f16
  482_3314a5f9 [STR] -> 34191894-516f-42c5-8728-a46576a46ca2
  482_89b551e9 [CPS] -> 4e1e5d80-2e67-436e-9840-b035fa985569
  483_4a1aae09 [0T3,1CA] -> 531513c3-7c6b-4ae2-80c2-db5a6881e3db
  484_08f22cf5 [YSY] -> 48640985-1434-43dc-b980-979d5396b575
  484_16b493d6 [JD7] -> 63bcff79-462e-4db5-b1e7-bc96a1d0dfac
  484_a14ea32d [2QH] -> 61b46f7f-9f26-4688-8fa4-3990a6786b88
  485_3260576c [DVE] -> 0b7161c3-61b7-48fe-8167-f257ae6677b4
  485_6cd5c2fe [KLN,RIT] -> 377dd7cc-da3e-42eb-bb26-043989971903
  485_6cd5c2fe [MYT,ERY] -> 11b2d338-1568-461f-b0a0-bdca8728b829
  486_62b873ed [YNV] -> 253ffa81-956e-491a-a4a3-a1001e9c7d81
  486_c05cda03 [ZWY] -> bccbabc4-b043-4df9-a7d9-ffc2292c4103
  486_ee37fc5f [HC9] -> 67515d4c-02f3-4093-bf12-d4144730be83
  486_f605e37d [CL6,A1ASQ] -> b592bb90-6b95-4067-ade5-58ddd2a7a169
  486_f605e37d [A1ASU,A1ASV] -> b1d56fed-b121-4f52-a792-73b401c6d827
  486_f605e37d [A1ASP,A1ASS] -> 44d518ec-a48d-47cf-8954-c7e3fa18c8d3
  486_f605e37d [A1ASO,A1ASR] -> e766df26-065e-4759-82db-ece2cb23ad0a
  486_fe430384 [MYT] -> 75825e82-0c35-44a8-9d77-efec6d5840d8
  487_32859637 [A1A4S,7AW] -> 2e1f65b2-3399-42fb-b2c8-0b1af43204ac
  487_32859637 [NH0,X7D] -> ed8140ec-8a8e-4bbb-bc80-b021bce81fd9
  487_32859637 [X6S,NI6] -> 5b2cf52d-d85b-4e2b-9d06-a2443a95016a
  487_32859637 [X6V,Z8Z] -> 73d83d8c-2fd3-4099-8b42-a489e921c26e
  487_32859637 [NJO,6AW] -> 1317811c-126e-4083-8802-11378ed04306
  487_32859637 [D0R,X5Y] -> c077c9fa-b9fb-4bc2-9fd0-4d4bd0bcbb85
  487_32859637 [X71,J9K] -> 800f688e-a0fe-4329-8bd9-d14d194e8cd9
  487_32859637 [A1A07,D81] -> 4227ea68-01e3-441c-b5c0-26a4f5e51255
  487_32859637 [Z9Z,A1APA] -> a57e2847-af47-49b2-9977-8060eb0edefe
  487_32859637 [A1A4T,RIT] -> 63b906f7-f974-4840-8c55-628744aa1b44
  487_32859637 [1RD,X7M] -> c10c1746-11c3-43aa-8e57-d0b130e2ec98
  487_32859637 [A1A08,A1A4V] -> c8e02c6e-b76b-4b5e-b298-2c93b3ee53bb
  487_32859637 [A1A06,X7P] -> 198e3c4f-2710-474b-af38-ef7b90f5e71e
  487_32859637 [QEP,A1A4U] -> 68099fa4-9ef6-481c-a8b9-775efe14cff1
  487_32859637 [A1A4K,G1J] -> 1f0c6579-9585-4995-a530-420c15ca8ccf
  487_32859637 [80K,X6J] -> e2dcd3f7-7de0-4398-884c-3fcf8010272e
  487_32859637 [G0D,D7M] -> f12d89ce-656f-4465-ad02-fe3b49896bc0
  487_32859637 [DEJ,D7Y] -> 1bb847cf-e77e-41c0-8d26-9797a31797d8
  487_32859637 [O39,NJ0] -> ec660452-48ad-4651-9b47-109d79b05ba4
  487_32859637 [QDP,MYT] -> bfb59087-7358-4d36-be65-8e06922bf9aa
  487_32859637 [FZV,QEA] -> 5f720fea-68a5-4ba2-864b-3ccc802a68e4
  487_32859637 [QES,5AW] -> 8d149444-56af-41eb-9fbc-3ce970c85568
  487_32859637 [QE4,DJ1] -> 7c61229d-5d59-412c-8408-7f9ba5a50a59
  487_32859637 [DEV,G0D] -> 5a8544fe-c5b5-41eb-86fb-56bee3a5af4d
  487_32859637 [QDV,QDJ] -> 29ef18f3-f09e-48c9-9448-20718c7e049b
  487_32859637 [G0J,FZV] -> 0c01d588-321b-4116-8d3a-ba6231a85768
  487_32859637 [QDY,08J] -> 0cffb658-573c-466e-b30b-feba9e74e7df
  487_32859637 [CFF,08Y] -> 301cb4b7-6324-4e4c-b157-35e9636e33a4
  487_32859637 [MWY,A1CIW] -> 6f73035e-4a0f-475d-9332-bad3f327dcc7
  487_32859637 [MWS] -> 954352e9-d837-4758-a37a-77e585ea5290
  487_3996026d [TPF] -> 550262a7-9c95-47d8-b0fb-a72ebc0e3491
  487_6d9fa596 [PG4] -> e40fcda8-84bd-42f2-ba58-3768c3e2d7e4
  487_8538537b [X74,X7J] -> 4c2b35b0-6d34-4f9c-871a-bc8a394fa61a
  487_8538537b [NXR,NYF] -> de3c7fa9-6ad0-4bd0-a3d8-939360c6221f
  487_932e3608 [HC9,HCD] -> 6fb1b188-f95d-4add-a44f-f27240a448d1
  487_932e3608 [CLR] -> a9444b7f-6421-46e2-add6-fc68c52c2ff1
  487_ecbf61ae [RIT,08Y] -> 16e41c44-1db6-4837-b429-c00a09397446
  487_f5412e3a [PK9,PK9] -> a4d19c74-4e2d-4404-be97-e327439f6042
  489_c3fc2428 [YHM] -> 8f5049c7-1fe5-48aa-9ff5-aa1e8eed720e
  489_d6dd2913 [QHC,O4T] -> c2f59ddc-51c5-4488-9cec-a87149f397d2
  489_d6dd2913 [O4W] -> 9014a4f7-4e78-4226-bcc6-90e593d74b68
  490_6a8e1ea2 [X2N,VT1] -> 00199108-e0ff-4cba-a373-476555ee6998
  491_3c76f070 [UCZ] -> be35d236-1e4a-4fed-bc9f-bfbd2a3b1fa8
  491_57ef6006 [HJJ,Q4M] -> 183ac202-6574-43ba-a78f-14431b8cff3b
  491_57ef6006 [Q4P,BHF] -> 0dc1daa9-7ec9-4c0f-a234-ff5c2913ae0b
  491_57ef6006 [AQ4,KUV] -> f41d434d-8b7e-49d0-b46f-7b128bfd7051
  491_ec153e60 [0GV,K2B] -> 865866bb-4062-436b-b3b2-356283b940f8
  492_9ba7e278 [OLA] -> e308c146-bffb-480e-9d30-250cdcb2507f
  494_df1f3120 [XPK,3NR] -> 7e909aac-d293-4754-80bd-b07f0220353b
  494_df1f3120 [UDJ] -> 897819b9-17d8-4e49-8d93-f25a23b64621
  495_3cc65aad [BHF] -> f8b78aef-72bf-4966-83c4-619141842ca0
  495_4b188212 [243,T25] -> ff7e6833-f4f0-4493-ba1f-cb2acc9d4bb7
  495_90353ec6 [243,T24] -> e9968719-2445-4977-ba26-cc859f02f14b
  495_90353ec6 [T25] -> 783ca99b-fc14-4d18-b08c-9a54878d3584
  497_9e5b0951 [V16] -> 273b250d-bde5-4b4b-ae97-2cc34f894d4c
  498_b2766aaa [MXD] -> d382ac67-4f27-4514-8ab7-d4a832ea8a5e
  503_f3121c0f [ASD,ASD] -> 2046eda7-1298-49b2-9ded-406fc224474e
  503_f3121c0f [ASD,TES] -> 163d0830-1417-4439-ac79-7d892bd92196
  503_f3121c0f [ASD,ASD] -> 6b1f3de2-db04-4eaa-a3a8-b62ea45a1fd5
  503_f3121c0f [ASD] -> 9970489f-2387-484d-82cd-3fa0a3c5fb5e
  509_e452cdaf [AER] -> 2cda44ba-ae27-4dac-b73b-b21e3382de8d
  515_00bd6347 [1YN] -> a74f1e98-7c27-401f-b507-eb8dd30d0d2b
  536_e0febc59 [81H,LAN] -> 812d5be4-239f-4316-b00e-5a5f7336e148
  537_fdcdbc81 FAIL PermissionError: [WinError 5] Access is denied: 'D:\\Users\\ashenoy00000\\.windsurf\\OpenADMET-cyp-structure\\data\\processed\\p450_universe\\campaign.json.tmp23852' -> 'D:\\Use
  539_5aebb388 [SKX,A1AB6] -> 5842dc4c-4aae-422c-9b68-0c1eae22ca89
  539_5aebb388 [1YN] -> 67ed1795-3ba3-4e66-b925-6594429ae0f9
  539_5f23ede7 [VOR,1YN] -> ba6374be-51a2-4a74-a9c8-fa4ad2443185
  539_7cd83d49 [VOR] -> 3adbe532-3f00-4fdb-8a4c-bf01087aef5e
  539_91e1b8cc [VOR] -> 76a4bb8a-e197-42cf-8cea-2d2d6554eed1
  551_c92602dd [LAN,JDJ] -> 6b21f05c-acbb-4407-bb27-e107ac6ab6bc
rep 8: 469 pairs to fold
  368_3c6d23e6 [36Y,CPZ] -> d32ed6a6-407e-41aa-9168-61aaa7d0744f
  368_3c6d23e6 [3SQ,36Y] -> 32f4135f-bbfb-4fe8-bacc-faa474b0bd4c
  388_7e6828a0 [A1MAI,L0O] -> bc89e36d-1731-4347-9039-852710db55b1
  388_7e6828a0 [A1MAJ] -> 2af66e1a-b5e1-4296-9963-8595b0f63fa2
  390_41f96d07 [A1EGF] -> 448a2c86-9695-40ba-b4a9-654d35996ff3
  393_40400e22 [DAO] -> 79b37f64-b557-45a9-aa6f-ad35b083d4bb
  393_47d43e97 [DIF] -> 1ed4173d-80be-4557-bf95-c1ea40f7a16d
  393_7d481b62 [4IA] -> eb45e076-948d-4aef-9a62-e3cb07647e36
  393_c3358fa1 [8QM,4IA] -> 1ea1443c-b7dc-4346-946b-b2aac2c3a4ba
  393_c3358fa1 [EH1,81J] -> c3872089-9d09-4a88-87cc-9011e3b8a104
  393_c3358fa1 [EJD,EJV] -> 63a49b43-74c7-48ed-a9fd-d6d474b968f7
  393_c3358fa1 [HX1,81M] -> e30f4fc2-cd1e-4591-a2f8-0c793c7f235b
  393_c3358fa1 [QZP] -> 77fc08e7-6980-4e0d-b1f6-6726146d6dec
  394_ffc37182 [1ED] -> 84912e9f-ac51-4b06-b13f-a663af54af7d
  395_f9cfd803 [TQU,QFD] -> acd983a2-3c50-40e7-b9c5-2ebc205dfcd5
  395_f9cfd803 [KEQ,YTT] -> 1ab7a2e1-7a61-4911-aa5e-69c1fc939309
  395_f9cfd803 [1GB,YTT] -> 076f8cb7-9d33-4c89-9f7d-4f3d0029989d
  395_f9cfd803 [YTT,1G7] -> 4c5b7efc-ae67-4855-a8cc-021f3ef477d1
  396_475f6489 [ID3] -> 0f9683d3-e099-4fe0-89ed-df94ddff63ec
  396_672140e8 [9KE,9KB] -> 548e5034-d48f-49ae-b703-38713729c847
  396_672140e8 [69M,TZM] -> 4ad19789-2217-46f7-a60b-2e18b34f2ae1
  396_672140e8 [GGJ,69W] -> a98d7fcc-4951-4445-be59-69dc61cc8080
  396_672140e8 [TPF,MQN] -> 7b1a09a1-2a23-4fa6-add9-c067cada1dd8
  396_672140e8 [69S,KEQ] -> 6e2af7d0-e137-4f10-a17b-bd2ec1249bfe
  396_672140e8 [KEZ,Q47] -> de8dc213-1bf5-4531-8bb8-835abe32c967
  396_672140e8 [KEH,N5Z] -> c079630c-e767-48b6-9928-3b35915b69e0
  396_672140e8 [N5W,KEB] -> 08340bbe-6e80-443d-ade4-4278027431b2
  396_672140e8 [KEW,ULZ] -> df5659b8-6d36-426b-a309-8166be1037ec
  396_672140e8 [OUC,KE5] -> 7ed4c04b-3c4b-4880-9e8b-c29d0026669b
  396_672140e8 [N55,R2H] -> 21354b4f-c626-4e03-8771-1670d8c48f22
  396_672140e8 [KE2,YTT] -> eeb7018b-e227-48f6-b762-3724d5042eed
  396_6abe88bf [EV1] -> 3e40b79f-bc0f-4210-9e24-c3cf288bf0bc
  396_9ca07298 [4UH] -> a5354ff3-2a73-46be-bc39-77c33839087c
  398_712f2bbf [5YG,ENK] -> f9920b85-80b3-4af1-b41c-cb3782a264ef
  398_712f2bbf [DQE,PG4] -> 88b3e127-dd6e-4c4d-b1ba-26ac52ed9168
  398_712f2bbf [EIQ] -> 8dbcfa1e-be10-4bf8-9354-f2846f096468
  399_d04da719 [EMZ] -> d4be81d7-64d7-449c-8bba-1d4acd487ada
  400_3b97c392 [STR] -> e80a4b00-3068-4821-a369-4ce915752086
  400_77edf82b [ASD] -> 3fe58aec-ecac-45b4-b77e-10b6ad094cab
  400_dff94071 [STR] -> d391daba-8ec6-40f9-990f-cf5e43a79817
  401_a9170273 [RRM] -> 21e082a7-d478-4f69-a0dd-5314510de8e6
  401_b00cace2 [RRM] -> 9c9e6c62-23b0-4c8d-b01f-15df92a9e299
  403_b29b1ed4 [DEB] -> b98e0960-8762-48e8-a515-02e8dcef2188
  403_b3a2f553 [KTN] -> 2e35ec44-77c9-4c24-8924-7f9c7d17b853
