185 MSA searches to submit (0 already)
  [1/185] 469_82832808 (Q385E8) -> 5e44fb4f-da89-4f67-8ee8-b70ab6f7f85f
  [2/185] 487_42541749 (P08684) -> 4fb8a0ca-ac44-4ad9-9555-1cdd79be72ab
  [3/185] 483_26972841 (P19099) -> e0642971-2f53-4986-a428-513f83865b2a
  [4/185] 475_42443555 (F1RE08) -> 545d9247-2e6e-498a-bce0-820182db9ed0
  [5/185] 368_26175933 (Q55080) -> 47fe6a13-aa65-49ce-8043-8314cb0fde1b
  [6/185] 476_15479076 (P00178) -> 5db0d52d-c6fb-4ae3-aa0b-5b9e4a27340b
  [7/185] 453_59341475 (A2TEF2) -> faa1570b-1574-4a40-a94f-2b03e61acb0f
  [8/185] 458_87389139 (Q7Z1V1) -> 9f256ccc-0b5c-471d-a076-bbd2a0347492
  [9/185] 467_45162406 (Q7Z1V1) -> 36391fe2-bc72-43ea-82b0-cf25f4ca848c
  [10/185] 475_93135770 (Q385E8) -> 5c7fba1f-b890-4e14-9ab8-ba2155cee6db
  [11/185] 480_01273267 (P20815) -> 7591ff0d-e083-42e8-9185-dc77c559aa82
  [12/185] 476_53001056 (P00178) -> 925eff08-dde5-4cc4-92a2-0b982f7ceed4
  [13/185] 474_94225488 (Q9Y6A2) -> acd16d45-9408-48fc-9b21-5ca698114f7c
  [14/185] 486_83785719 (P08684) -> 6bfa3c22-1e49-46df-b0de-6805d980eb13
  [15/185] 448_09683115 (Q385E8) -> 8c90d1a7-cbcf-4d05-a696-91b89c7db34f
  [16/185] 411_22128020 (P48635) -> 8faec929-bc79-47c3-ac37-ab3e48dadfc3
  [17/185] 487_50736917 (P08684) -> 3e8e4046-ee04-4947-a4b4-80ec11925cbb
  [18/185] 509_09883227 (A0A8M1PIC7) -> 0219f3bd-1c21-4820-bf38-3a2551d95f54
  [19/185] 489_50595844 (P19099) -> c2a8dee9-c96e-4041-87dd-e6a42eaab265
  [20/185] 475_87794241 (Q385E8) -> 2845cd09-d833-4eb9-880c-3a45bb005e0a
  [21/185] 479_12255075 (P10635) -> a19d0b87-3781-4ed7-9918-4d5e23bb338b
  [22/185] 450_70554066 (Q385E8) -> 3e3696f8-02ff-4efd-afaf-e9e31afd9ade
  [23/185] 414_61586889 (P9WPN8) -> 80400a2c-10ee-4a4d-b423-a7f39d35f4be
  [24/185] 539_05448820 (P10614) -> 94d988d1-17ab-40d5-a934-c3114b9dc636
  [25/185] 497_74819010 (P15128) -> e9b74b38-3152-4634-b82a-cad6d04e9555
  [26/185] 470_10696413 (E9QY26) -> f919d655-dc8f-4b98-90d0-fa0dc55f966d
  [27/185] 460_68340557 (Q7Z1V1) -> e62d607e-6c15-4fb9-a88f-1f15c0c6d847
  [28/185] 477_13141894 (E9QY26) -> fba6b879-61dc-419b-b6b9-73d44ff1ee22
  [29/185] 446_45455517 (Q16850) -> 315530c2-5e9f-47fa-a557-3b1f026dcc8a
  [30/185] 435_27720291 (P9WPP3) -> 73dd627a-6130-44dc-a764-675cfb63073e
  [31/185] 443_06606000 (Q16850) -> 070915df-a355-424a-a661-a8277ab5a486
  [32/185] 515_36529438 (P50859) -> b26e3a1f-7144-407e-99af-3635e3d3a0db
  [33/185] 476_08100980 (P11509) -> fd693a98-2802-4048-9d55-442e2daf34bd
  [34/185] 461_45712881 (Q7Z1V1) -> d8b4a9fc-da11-4513-b136-c22c03c26fd6
  [35/185] 403_16565141 (Q00441) -> 08f911e7-7e7b-4068-af61-278fc5f09e89
  [36/185] 476_76631642 (Q16696) -> bda02298-05c8-421e-bfb7-ca3a98616d75
  [37/185] 467_18611088 (Q7Z1V1) -> d6228c4f-2edb-4400-8598-17506493bc00
  [38/185] 454_34388878 (Q385E8) -> ea6f8cfa-20d9-4b96-9d03-bcfc7cfee8da
  [39/185] 473_78786605 (Q7Z1V1) -> a0496a0c-45ce-406d-bc4c-b6b6c59d524a
  [40/185] 396_11954938 (P9WPP7) -> 44f06d08-cf08-47af-b0f7-a2dab0530428
  [41/185] 485_31491168 (P08684) -> 62671bbd-64c4-453a-8c40-8ca39ee550c9
  [42/185] 418_38467065 (P9WPL5) -> 0b9eca6f-5e19-4cd2-bc40-21896f241cd4
  [43/185] 490_87611883 (P10613) -> 8ed18957-ccb4-47e6-9dd4-daf9acc5bfe4
  [44/185] 487_17814476 (P08684) -> 8bd0e235-050e-439e-9249-73908a81caae
  [45/185] 461_95116047 (Q16850) -> 9614caec-dacb-479b-b5b2-8a84162f6c42
  [46/185] 486_44500991 (P15538) -> c029996c-5b23-402f-bb49-c31f9c0f9a72
  [47/185] 470_93436853 (Q7Z1V1) -> 8064e5f1-5ee7-4749-9c65-45fb032d7c98
  [48/185] 413_95539177 (P9WPN5) -> cf27d58c-6953-45da-82b5-9975a0d4069b
  [49/185] 398_78816062 (P9WPL5) -> c8900651-2de4-45f0-967e-ae837cb9304e
  [50/185] 435_18285809 (P9WPP3) -> e82ae501-0ff8-4fc2-abbf-ebe4c3a438fd
  [51/185] 460_17940903 (L8GJB3) -> 9315eb4d-3fd1-4dfa-956c-c943bb5c7998
  [52/185] 418_65840958 (A0R5U2) -> d01d5493-9c35-4c47-a722-4e82dba2a0c7
  [53/185] 455_90736667 (P9WPP9) -> 1dfe8a16-e6e6-4c7c-8afc-5063c4734c4c
  [54/185] 418_16196669 (P9WPP1) -> 4f68af16-76c2-4e49-87df-afda2b00a854
  [55/185] 494_73978306 (P05093) -> d208e5a1-ab66-464b-ac1b-d725132701cb
  [56/185] 388_40379517 (I7HHD0) -> d6b5f94c-4eed-4af1-b3d8-2027c8c841e8
  [57/185] 473_59537568 (E9QY26) -> 14fcad37-2516-4087-9f27-5341a83f46c0
  [58/185] 478_92498857 (P00178) -> 7bbcaf13-10e4-4ccf-b0d8-2400414c3395
  [59/185] 536_61104082 (P10614) -> 49a81813-8e92-480d-b1ed-91286b2bd350
  [60/185] 539_43509245 (P10614) -> b8b6dcf8-7102-4c93-8247-4ef13ee7e0bd
  [61/185] 464_54158486 (Q7Z1V1) -> 46b38b86-3e46-4bb5-9d72-f69e271979b4
  [62/185] 498_36011863 (Q16647) -> 601d9d50-5676-4f2c-96c3-35beb38ee93c
  [63/185] 476_53291049 (P05181) -> de60d9cd-d19e-468e-b588-797e3e09b93c
  [64/185] 537_28446052 (P10613) -> 45148487-cf1a-4f99-be34-90883f279640
  [65/185] 476_25098972 (P00178) -> 778c522e-ac0f-4c34-99d8-724e953a9935
  [66/185] 539_69890795 (P10614) -> c957fba6-f83f-4895-841d-b2dee21124a5
  [67/185] 410_06225999 (Q2IU02) -> 15b9f2b1-b75f-41eb-a37a-417f1da27582
  [68/185] 487_55472967 (P08684) -> 0d08e59f-5be5-4e06-82e7-1b47468fcc61
  [69/185] 455_78600109 (P9WPP9) -> 46682b87-f509-40ba-82f2-b36c06f309cf
  [70/185] 539_61801732 (P10614) -> f4b04e27-ed0d-4a5e-a2bc-fe2917220208
  [71/185] 476_65481634 (P20813) -> 5583f8de-b549-4b31-ba55-70768f6d0b14
  [72/185] 477_84302284 (P11712) -> 4ab2b60a-3017-4c07-9e40-a048598ab48c
  [73/185] 491_93325816 (O64989) -> 79de810c-fd85-46bc-bc6a-a3829d6ef595
  [74/185] 403_77595131 (Q00441) -> 788a08ee-2983-4636-86a5-90d0e5b0a5c5
  [75/185] 479_12548936 (P10635) -> cec15d42-0a4a-4959-ba9a-f01539c594bb
  [76/185] 435_56762283 (A0A1M4Y7D5) -> dc085e2d-b101-468f-b7bb-1dc8e4d84812
  [77/185] 486_72361718 (P00189) -> c797d853-d7de-45d3-bee9-ece7e202e4f0
  [78/185] 455_22183588 (P9WPP9) -> 7d6e5e39-b4b6-4dd6-bdf9-8c6fd5852340
  [79/185] 484_74897873 (P19099) -> b927677b-d90b-4386-93c7-14c1453706a4
  [80/185] 484_80500470 (P15538) -> 7d541bb3-d22a-4db4-b155-a5f9df4233c1
  [81/185] 487_67566904 (P08684) -> 61f7e5a1-c1d9-4e63-8e4c-62fe111c7c97
  [82/185] 417_75407497 (P9WPP1) -> 1a645da5-990a-40d8-9810-7ed4c6d64757
  [83/185] 395_84124646 (P9WPP7) -> 07ad5086-f3b3-4a6d-9f39-b16134469fe2
  [84/185] 457_48175493 (O64989) -> 03935ae9-dad6-4fa8-bce2-3fc510682846
  [85/185] 476_56951033 (P11509) -> 651b7a90-fbee-4157-93ba-c91d47b65b48
  [86/185] 487_14822953 (P05108) -> 4ad7328a-9244-477b-9553-12b8e6087e5e
  [87/185] 489_19147301 (Q9UNU6) -> 33dc066f-61f3-4e01-9918-5c24e6d93bbb
  [88/185] 484_72394304 (P08684) -> a6b42be2-7922-4394-9c1e-2d71120c7adc
  [89/185] 437_69711376 (Q2GB12) -> f0aedcf3-c401-4598-9bb2-dd2424df8361
  [90/185] 414_17455252 (P9WPN5) -> f552207e-88ce-4809-8d0f-f467d2f7341d
  [91/185] 413_09470160 (Q9KZF5) -> 05340b9f-5e81-4d25-b0e5-0ec675e04fba
  [92/185] 478_76612334 (P00178) -> bed3bd86-0f94-4fcd-a46d-fa7e4801aed5
  [93/185] 421_99534866 (Q2GB12) -> 7e8ee770-1a3d-4c4a-acfb-29351ea1ebde
  [94/185] 425_26508552 (O31440) -> 0a3b656a-b00b-4da7-9173-57936f174948
  [95/185] 421_81869193 (Q2GB12) -> 6d8fc44a-0b16-4815-aaa6-4f86f5d02b79
  [96/185] 432_60324112 (A0A1M7CBV6) -> 68727fc1-e205-4422-8261-258939dc34e6
  [97/185] 396_37205941 (Q93NX6) -> dec074eb-993a-4971-8b50-0fe3217107d8
  [98/185] 390_26731689 (A0A239NBQ6) -> 902eea75-10a1-4e4d-8f00-a4ae74f6122f
  [99/185] 471_79457484 (P05108) -> 37a4b613-80c9-4668-8196-675c78b69f1c
  [100/185] 458_04821664 (Q16850) -> 357b45e4-67d5-4a08-991a-1ef5bf2ece9e
  [101/185] 495_03754296 (Q96242) -> bb79ffbb-746f-41a5-a3fb-72e51b6f6a43
  [102/185] 476_31370385 (P11712) -> f16959dc-53c8-4065-b3e5-8d8a82e63069
  [103/185] 410_97610250 (Q2IU02) -> 2b6f4d3a-809f-45f1-83a5-9f7690fe48a0
  [104/185] 416_42292206 (O31440) -> bb20653f-8d08-4bc7-9b69-1b2837df84cf
  [105/185] 495_91129584 (Q96242) -> d6058fc6-cd41-476e-bcb0-c1f872c42efb
  [106/185] 453_04954676 (Q385E8) -> 02177632-a8a0-4312-aa6f-b14e00a0927f
  [107/185] 393_81440143 (Q2IU02) -> 12e409f1-0b8c-4fdd-8300-c4cc876f22f6
  [108/185] 455_98880870 (Q8NSW2) -> 0fcacfa8-00ef-4039-b230-5888760d0974
  [109/185] 410_76733044 (Q2IU02) -> b13f8ee0-0b7c-48c7-8e0c-3abdf41d3850
  [110/185] 486_00301166 (P08684) -> b53d4ec3-57b5-4e53-82bd-f2c07a63025c
  [111/185] 503_72428231 (P11511) -> ad0ede91-b9db-4ca7-9042-c1e78608d1aa
  [112/185] 393_77790770 (Q2IU02) -> c9840c62-fc9b-42a9-a732-e077d8217410
  [113/185] 407_37852216 (Q9FCA6) -> a2472e7d-6b34-4a72-b35a-5d578e0987f7
  [114/185] 418_33473524 (O31440) -> a5d7c9f2-725c-456c-88d0-635e181cdc5c
  [115/185] 410_47262286 (Q2IU02) -> fd0a0da0-7c64-4bc8-9d53-f650f188cf02
  [116/185] 485_88434742 (Q7Z1V1) -> db20b40c-237b-4e9f-9ea7-f03f9d0b24c4
  [117/185] 407_72299461 (A0R4Q6) -> 350a9d5c-8362-4687-9afe-b3408d2c6a8e
  [118/185] 411_08894618 (A9ERX9) -> 1da8c1a2-22f1-432c-b07e-46c641325810
  [119/185] 491_03086744 (P04798) -> 7b4aa226-2c70-470e-a9cf-6143bad8b0b1
  [120/185] 410_72950719 (Q2IU02) -> da0e3bb0-527d-4cde-ae48-06fcbc307073
  [121/185] 482_50922829 (P08686) -> f65aa560-cd48-4aef-9ea4-b2c45c8548e2
  [122/185] 486_34163754 (P24462) -> 46d3ca92-2447-4024-9e5e-f8931fd1e526
  [123/185] 405_88943539 (B2HI07) -> fc507b2f-ec8c-4624-a49e-a1d2a30149b5
  [124/185] 429_68670770 (Q5YNS8) -> 43c62265-ffa2-48be-8fb7-bd407ee2de21
  [125/185] 491_98339657 (P22680) -> 32f8c9b0-c36a-435d-b27b-c0fcf4922b92
  [126/185] 456_41149309 (O64989) -> f915c976-1d2e-4246-a71a-55f9e5674ded
  [127/185] 551_85200579 (Q603T8) -> 36217e91-b727-48bf-a7c9-9efe23e9ab5e
  [128/185] 454_46914481 (Q16850) -> da5c9f48-7717-446e-a82b-15dc367fad65
  [129/185] 400_75961887 (A9FDB7) -> c7dff475-54a0-49bc-9e78-e951357099aa
  [130/185] 393_20689203 (Q82LM3) -> 16c7a2b4-6479-4dfc-af02-42d1bbecdd68
  [131/185] 410_29402192 (Q5YNS8) -> 9c72e294-9f4d-4acb-bb54-c0abbf275c63
  [132/185] 476_08549327 (P10632) -> b88d5f9f-3b49-48f2-8c6b-f79df46a125f
  [133/185] 400_01438157 (A9FDB7) -> 7c4bf558-d0f0-4ae5-9ac9-56286e3bc9c5
  [134/185] 423_55044074 (B2HHT9) -> bc9cd495-88b9-4de8-a2f4-01b699458e65
  [135/185] 410_88088495 (Q2IU02) -> f29dcf97-c9c7-4c41-8edd-1f3390f36f89
  [136/185] 481_68572668 (P20815) -> 64b4674e-cc23-4153-b67a-f4f6bc49d601
  [137/185] 429_32783855 (Q5YNS8) -> c03021d6-7517-4800-a4f2-0e508c170e79
  [138/185] 420_17146117 (Q2IU02) -> 946ecd7b-0aa3-471b-93da-d7c73a576bd3
  [139/185] 399_78189694 (G0L713) -> c43c3836-26e1-4f3f-8c05-ac22048f42e2
  [140/185] 473_61448673 (P00179) -> 150a643f-7e33-45e4-b58a-eebc591150ee
  [141/185] 441_22348785 (A0A0M2KDV0) -> 6703c118-ad88-41d3-bfd1-71c31b6c2d45
  [142/185] 440_46310485 (P9WPP1) -> 5795af40-aee7-4eb4-b2d0-b24ff6ce66ba
  [143/185] 409_02572148 (Q5YNS8) -> b041ae7c-d13c-4d72-b378-d660b30dc6be
  [144/185] 419_68864432 (B2HMF7) -> 877aeecb-6295-4a31-bfc2-f17d6990e94b
  [145/185] 433_35440585 (B2HHT9) -> fe1f0aef-c6c1-45ca-bed2-4a3046bf204f
  [146/185] 429_26656886 (A0A1Y1RQ53) -> 76cfae9b-ce5b-433f-b280-10c38648a626
  [147/185] 444_58626551 (Q59990) -> e02a15d9-990a-40a6-be98-bfeb8c442477
  [148/185] 401_67658057 (G1UDU7) -> 876ad72c-4684-4ae5-a528-a8290f1332d4
  [149/185] 456_78883180 (B2HH81) -> 044f1ff3-551e-4d87-a05c-2db3bb7ab563
  [150/185] 401_98880072 (G1UDU7) -> 504d7c39-3325-492e-ae79-0d0a332f0f6b
  [151/185] 406_18155942 (Q9FCA6) -> b4797007-a88f-4d7a-8258-03af12166c7b
  [152/185] 404_28576235 (Q00441) -> 7439c88d-309c-45ec-86ab-385c28e5b014
  [153/185] 477_99819222 (P33261) -> 9fbfb114-3e3b-4fb9-bee0-24e198018f34
  [154/185] 404_17968920 (Q00441) -> 34299818-b48f-49bd-9743-67728eaf7675
  [155/185] 404_09632623 (Q00441) -> ccc65ca7-d32a-413b-83dd-ddda8808769c
  [156/185] 420_43391989 (Q82GL5) -> ff119c47-90ec-40c4-bc64-6368b6b18fa0
  [157/185] 492_28923421 (Q82D73) -> 287e317f-cdf3-4b73-ae60-a0783f63b812
  [158/185] 407_96889387 (Q9FCA6) -> 0fbd72fd-c7e2-4c5c-9407-53f910fbaded
  [159/185] 405_64008162 (Q8NSW2) -> 91c077b3-b3be-4081-9458-a097ea3dcfa8
  [160/185] 403_42646791 (Q00441) -> 6eda0189-ade1-499a-9f6a-d8825188bb03
  [161/185] 463_43794010 (P11712) -> 2a1e71c3-2d66-44f3-9c91-87a8dc7d689f
  [162/185] 400_23780259 (Q82GL5) -> 06a75957-415e-4c31-b01f-f8c2b6699dff
  [163/185] 476_13354492 (P11712) -> f1eda89e-db03-4a2a-80cf-7f8dc0494cc2
  [164/185] 414_20650947 (A0A918H2T3) -> 945f4d7b-b667-42ab-a3d5-a73fbc6b096b
  [165/185] 495_89995169 (P05177) -> 629932e5-8ca9-4780-9c3c-ba8f0ec4a60f
  [166/185] 396_50594520 (A0A160P685) -> 7d627efc-7046-4b5f-ae1e-b8fd1aa96759
  [167/185] 421_06250933 (I3DZK9) -> 9eb4b96c-1621-44ff-bd26-9eb4cbf07a22
  [168/185] 393_54611256 (Q825I8) -> 7795cf86-f25d-4911-939c-58d024ddbab2
  [169/185] 473_09137422 (P11712) -> fda02663-de6a-4109-b80a-5b7b99f1a3cd
  [170/185] 481_66379539 (Q6VVX0) -> 9686df71-7f72-458b-a807-8770b610bc95
  [171/185] 476_58777400 (P11712) -> 7c76a1fd-91ef-4579-8d67-a14715070ec3
  [172/185] 476_84274529 (P11712) -> dd90975c-3cad-4314-9e43-2901882d340d
  [173/185] 411_64950647 (P48635) -> 778b2ed7-46ca-496e-bd53-5dc42ab0c52a
  [174/185] 417_61387859 (O31440) -> e7c4a3e4-db01-4613-8a37-3ee224a6233c
  [175/185] 479_78691744 (Q6VVX0) -> 4c3cfbd5-6f0a-49c0-82b0-47edacb0c684
  [176/185] 487_86088203 (P08684) -> 4cf93c85-19c3-48f6-ac92-1ca61e248b49
  [177/185] 439_72964912 (B2HHT9) -> ea3c013c-9b7e-452c-999c-65b838f2e2f3
  [178/185] 482_49655428 (Q09128) -> c40dc5d3-d2ac-40da-8693-6723d008beb4
  [179/185] 394_44026506 (P9WPP7) -> 5a1f3497-1e8c-4e94-87dd-0d1421bb292c
  [180/185] 479_36631318 (P00178) -> dc409f3b-661d-4fdf-ab30-c831d91f42ee
  [181/185] 396_19800408 (Q2G637) -> 3298020d-6fff-4768-a001-0f0c07440039
  [182/185] 450_49602780 (Q603T8) -> e5167548-1937-4cdc-a6c5-b4e956d798d7
  [183/185] 441_34789355 (A0A0H3CVZ6) -> e2b8a6a0-231a-44d6-bb12-0ca8f3c106c5
  [184/185] 475_25505463 (P11712) -> e8c17e07-a281-4e5a-8cef-649aba8313b1
  [185/185] 418_13654113 (P9WPP1) -> ba8e66c1-4dc5-44a9-af28-617faf05419f
{
  "submitted": 185,
  "total": 185
}
