28 of 185 targets have an MSA
rep 0: 24 pairs to fold
  487_32859637 [X1O] -> 6a8371a4-29dc-4d2b-8de4-fe4e613a024f
  487_32859637 [X4E] -> e49af3de-dcbf-4279-b1b0-212ea1e0da65
  487_32859637 [X2Q] -> 006b3c3a-6b3f-4ae5-bcff-cc7ac4812b81
  487_32859637 [WZN] -> 2e80da77-fb14-457d-af18-fbd040a445ca
  487_32859637 [X1I] -> 09fa1b10-b778-49c8-ad82-dfd84567dfc1
  487_32859637 [X2Q] -> 6d1a8c31-0d87-42a9-8cda-8ecde0edcd71
  487_32859637 [X1C] -> eb0b3ec3-93c6-4ec4-a687-a6e36d5676b7
  487_32859637 [8AW] -> 90005d51-b9c0-4d51-806b-c6fd5a5dd78f
  487_32859637 [PKT] -> 57777575-64b2-46cc-b712-f8228d9deb77
  487_32859637 [T0K] -> fa10333c-91aa-432a-aeaf-5863955a52fe
  487_32859637 [O3L] -> 5713124c-8762-4ea0-a4ea-68c417842987
  487_32859637 [X0E] -> ab408236-1a59-4248-a08d-036d34fd3641
  487_32859637 [X2B] -> d324d74b-0fd7-44bb-9144-b05df41ebd1a
  487_32859637 [G0V] -> adb965ed-9107-48de-a1c1-0f76e43dffa7
  487_32859637 [D7J] -> 3881ba03-100c-4754-9bb3-c8495c5a8950
  487_32859637 [Y83] -> ba18fb1d-a322-41c2-aa6e-93e7968c64e4
  487_32859637 [G1D] -> cd48d483-6bb6-4a7b-8b63-2b36aadb6a65
  487_32859637 [G0Y] -> 25a5df40-837c-4571-b9bb-e6ce9ce8f7b5
  487_32859637 [G0M] -> 5efbe59b-79e1-4f4e-ad94-cb1ce9e65ed3
  487_32859637 [WZN] -> b29713a3-fec8-4032-9ad8-de9e145bc5a6
  487_32859637 [CFF] -> f12cee2b-ffe4-415b-b7b6-169bb755f1f8
  487_32859637 [MWV] -> bba5e6f4-a191-494a-b709-d4f503e1aeb6
  487_32859637 [X8S] -> 11d9ba77-6c42-47dd-9924-d51a91b280ef
  487_32859637 [TCI] -> c1707533-4950-4288-9e23-595f164168a2
{
  "jobs_submitted": 24,
  "total_jobs": 363
}
