24 of 185 targets have an MSA
rep 0: 178 pairs to fold
  368_3c6d23e6 [36Y,CPZ,3SQ,36Y] -> 00445ad1-db2a-4e7d-a365-d4e012941f66
  403_e7509160 [KTN,9AP,ASD,DEB] -> 5507fe5f-d38b-4ae5-9041-755171d5e412
  410_bc4a20dd [PQM,PQP,LVC,L4I] -> 35c275ad-2b44-475b-af58-c88fb14b92d8
  410_bc4a20dd [M4F,L3K,OW7,8ZU] -> 7f13c76b-cc55-4245-95af-63c0b8dc4906
  410_bc4a20dd [TWO,8ZU,K3Z,QDB] -> ba62f753-86bb-4fbb-94e8-ac2973cee2b9
  410_bc4a20dd [1F1,ZRS,LVK,KQR] -> 627426c1-1619-4f88-8973-a58a14e8c824
  410_bc4a20dd [VLG,PQS,KQF,Z7Z] -> 2813132e-a35e-4ba6-97ec-ddb814c79d26
  410_bc4a20dd [JO4,JO4,FIV,JO4] -> fd30b691-41da-4b2d-bb3d-73b3bd282c52
  410_bc4a20dd [JO4] -> b6cffa9b-21d8-41a1-b40d-088a289537db
  411_e3e8183c [KLN,CL6,EY5] -> 40036ecb-c0cb-48df-b9b5-c2f8f7d245c6
  417_0e6cd8b9 [PAM] -> 682d67dd-c5fe-43ad-a581-760a0e578640
  448_7a54e61e [VFV,VNT] -> acd8e8d5-6cba-470f-8bac-df03a3e8ebe9
  453_3fc5a1f6 [TPF] -> e8a8e4b7-c5cd-4c9c-847b-02d7ac0e2356
  455_d4843705 [TPF] -> 97191692-01bf-47b8-b310-16851b627a1f
  458_c4bcedc3 [VNF,POZ] -> 04abaa69-0dae-4715-bfff-5c81380f7c63
  467_acd53678 [5PS,J5Y,TU1,WVH] -> 0fdb8306-53ce-49ad-ad86-82ef77f6ddfb
  467_acd53678 [25S] -> 5ffd79d9-f455-40ec-8179-a3b5c157c803
  469_ec879091 [18I] -> 57d0d981-5105-4ea6-8d94-7c65cbee4ee1
  473_ca85e740 [VT2] -> 8e116b0f-4929-46a6-a9ce-4e471a24fc10
  474_5043b011 [05D,YCG,A1BZC,0I1] -> ee187732-3ac3-4966-b77c-5602c0c613bd
  474_5043b011 [YCJ,A1BY9,A1BZE,04Y] -> c66d16b4-d20c-45fc-9431-6834178623be
  474_5043b011 [YBS,A1BZA,A1BZD,A1BZB] -> 32b4ee11-ae5f-40ba-9299-dd6c0e9d1265
  475_74349f57 [X2N] -> f6e6c558-7587-4927-9b10-1f38382bfbb4
  475_c96c5508 [U51] -> 3564b33a-79a5-434e-bd2a-7d817ac17530
  476_1eccdb5d [PB2,PB2,TMI,06X] -> 7c5fcbf2-ec78-42dd-bcba-4536810e3706
  476_1eccdb5d [CPZ,CGE,TB2,TIC] -> 57082926-b324-4611-91ce-2fe29e6dce27
  476_1eccdb5d [0BV,8PR] -> c32f6d6c-cef4-4358-89c3-5ca87e4d7470
  476_7621de71 [CPZ] -> 55727f82-8b6a-4e41-88dc-7f848b6ef438
  480_0010cf69 [CL6,RIT,A1BNX,MWY] -> a4e5e78b-41e1-4b26-a960-a74b578e6753
  483_4a1aae09 [0T3,1CA] -> 388c624b-7897-4825-96e4-5eab8b4dbb13
  486_f605e37d [CL6,A1ASQ,A1ASU,A1ASV] -> 42d6a8e7-4f6f-4272-b86e-0dbfc30b36a7
  486_f605e37d [A1ASP,A1ASS,A1ASO,A1ASR] -> 433ae895-314e-417e-9a4b-c3d3231b50b5
  487_32859637 [X1O,X4E,X2Q,WZN] -> 621244ce-fa11-42a6-b2f7-493f0594d667
  487_32859637 [X1I,X2Q,X1C,8AW] -> e5111ddc-89a5-4bdb-9e20-38c18cee6094
  487_32859637 [PKT,T0K,O3L,X0E] -> e8d5a631-dd26-46a1-be38-812c5c1ffeaa
  487_32859637 [A1A4S,7AW,NH0,X7D] -> e4c0e61c-3896-446b-bf44-a734983045f5
  487_32859637 [X6S,NI6,X6V,Z8Z] -> 2e28f13b-01d1-4708-b6bb-a691f7f90dba
  487_32859637 [NJO,6AW,D0R,X5Y] -> a3a89213-c29c-47e5-b06f-97648aa0020c
  487_32859637 [X71,J9K,A1A07,D81] -> ab2e419b-b2da-4629-8f18-726eb0311528
  487_32859637 [Z9Z,A1APA,A1A4T,RIT] -> 85a82b47-8c15-4813-b0eb-d1b8d437fc01
  487_32859637 [1RD,X7M,A1A08,A1A4V] -> ead57175-ff11-479f-aaf8-9bdaf45eb673
  487_32859637 [A1A06,X7P,QEP,A1A4U] -> 88850c79-6699-415b-a864-9d3a07d8defe
  487_32859637 [X2B,G0V,D7J,Y83] -> 88e0e487-705a-4800-8be8-644321a7dd4a
  487_32859637 [A1A4K,G1J,80K,X6J] -> 757fb3c6-2536-4ad8-b1e6-a3fe9823dc1a
  487_32859637 [G1D,G0Y,G0M,WZN] -> 06983b81-3fec-40cf-921f-5ed9eb5870a0
  487_32859637 [G0D,D7M,DEJ,D7Y] -> a7a799ec-3bed-411a-b293-084014455521
  487_32859637 [O39,NJ0,QDP,MYT] -> 74b532b7-2b95-4817-b032-95e33939c4ae
  487_32859637 [FZV,QEA,QES,5AW] -> 568f257f-d408-4903-9317-66dde963bccd
  487_32859637 [QE4,DJ1,DEV,G0D] -> 54823e8e-3cef-4ab1-bf03-d84ff1975aff
  487_32859637 [QDV,QDJ,G0J,FZV] -> 5c713dad-ffb5-4749-b845-3858be41397c
rep 1: 178 pairs to fold
rep 2: 178 pairs to fold
rep 3: 178 pairs to fold
{
  "jobs_submitted": 50,
  "total_jobs": 122
}
