28 of 185 targets have an MSA
rep 0: 3 pairs to fold
  414_949a8532 [KKK,6XF] -> d6a947a3-4488-40f5-9a59-9e82a2fb56cc
  450_9c481af8 [VNI] -> 1987d482-ea66-45c9-af02-c835b13ad16e
rep 1: 159 pairs to fold
  410_bc4a20dd [JO4,JO4,FIV,JO4] -> 58103aa4-9fa8-4db8-abf1-545859a6cd86
  410_bc4a20dd [JO4] -> ea7a5a9a-f016-44c4-938e-c0173e1dce77
  411_e3e8183c [KLN,CL6,EY5] -> 94c48adb-311e-4254-87f6-2619ac6fe04b
  414_949a8532 [KKK,6XF] -> a2946acc-d2ee-4a7f-9c96-86af2421291d
  417_0e6cd8b9 [PAM] -> 21440835-3b24-4d89-8c33-27c559346b30
  448_7a54e61e [VFV,VNT] -> 43ef15a8-2712-4206-9e74-9610c1891a11
  450_9c481af8 [VNI] -> d391e8cb-9669-4ac4-a081-1393a8abc7d0
  453_3fc5a1f6 [TPF] -> 0d47ac37-b738-4e03-a52d-f7c407daf6b6
  455_d4843705 [TPF] -> 801a8c5b-0245-4410-a404-61d5e287fcc9
  458_c4bcedc3 [VNF,POZ] -> 63a719d1-67d4-491b-aaa8-cd938142a767
  467_acd53678 [5PS,J5Y,TU1,WVH] -> beec599d-b38f-4429-b3ae-648699471083
  467_acd53678 [25S] -> 6fa45bf6-5368-4de8-91f8-853f5ae09139
  469_ec879091 [18I] -> 7cfc2551-a887-40c4-ba4d-8aab53084e0b
  473_ca85e740 [VT2] -> f5412331-8f8e-4582-a5ab-2830db9732b9
  474_5043b011 [05D,YCG,A1BZC,0I1] -> dc088207-5143-4879-9bfa-4d302a6ff3a3
  474_5043b011 [YCJ,A1BY9,A1BZE,04Y] -> 311ee105-5ceb-4a1f-a87d-16585da3a954
  474_5043b011 [YBS,A1BZA,A1BZD,A1BZB] -> 80dec624-7725-4d94-941c-da681ebc2887
  475_74349f57 [X2N] -> 5bd37893-b5e5-4443-9ace-b04f91b00894
  475_83a489fa [TPF] -> 8f5dac6b-fd19-44c9-9df4-f4cef3cc9a8d
  475_c96c5508 [U51] -> 6ef0744b-afde-4303-b85a-ac21069708cf
  476_1eccdb5d [PB2,PB2,TMI,06X] -> 7b2bb039-ce9e-41f2-b711-0c8f0b2cb002
  476_1eccdb5d [CPZ,CGE,TB2,TIC] -> 6d34aa42-1cc3-4324-b30c-df5dff4fee0b
  476_1eccdb5d [0BV,8PR] -> a4822050-4771-4f8e-98d2-82a0ae12623c
  476_7621de71 [CPZ] -> 4b7a8807-b16a-49d3-a4df-00aeae520714
  479_f5b99101 [SI6,PN0,PN0,SI5] -> ae670f10-5782-4d53-b75d-7af3d68dfb17
  479_f5b99101 [AJN] -> 01c51619-5606-42bc-aee9-4b389d287d51
  480_0010cf69 [CL6,RIT,A1BNX,MWY] -> 6971ebf3-34bb-4a00-86be-d9fbec046714
  483_4a1aae09 [0T3,1CA] -> df2f2bbf-27ed-42d5-a9cc-f2f460584318
  486_f605e37d [CL6,A1ASQ,A1ASU,A1ASV] -> ba3858d6-743b-4473-88af-7d32176d0202
  486_f605e37d [A1ASP,A1ASS,A1ASO,A1ASR] -> ca7646da-753c-434a-ba91-e7d5551eabff
  487_32859637 [X1O,X4E,X2Q,WZN] -> bf2f19fd-37bb-4058-8bef-aa5c13d612cd
  487_32859637 [X1I,X2Q,X1C,8AW] -> 44076120-b542-479a-9381-5e94270fe917
  487_32859637 [PKT,T0K,O3L,X0E] -> 69b2a270-5cec-4d56-b4ae-4f5c5063f5d5
  487_32859637 [A1A4S,7AW,NH0,X7D] -> 86f0e3ff-c6e0-4595-a955-88df006f71b8
  487_32859637 [X6S,NI6,X6V,Z8Z] -> 0ec9b4fe-a8ef-4240-9bef-dc332f374621
  487_32859637 [NJO,6AW,D0R,X5Y] -> d6a8f27b-ecc9-49ae-9223-0ea83a5218e9
  487_32859637 [X71,J9K,A1A07,D81] -> 00b4b4b1-c6c8-4da9-892b-68f73b5aece3
  487_32859637 [Z9Z,A1APA,A1A4T,RIT] -> 718780b9-2752-486e-9881-cd273b10b3c2
  487_32859637 [1RD,X7M,A1A08,A1A4V] -> ab9e978b-12ac-4bbe-b804-4088ce378747
  487_32859637 [A1A06,X7P,QEP,A1A4U] -> 95b19724-45af-40bb-8afa-6436ae7cafc0
  487_32859637 [X2B,G0V,D7J,Y83] -> d2eb2bb4-f29c-4dc5-8513-ebc92f42d60a
  487_32859637 [A1A4K,G1J,80K,X6J] -> 2bf82922-cae6-4e16-93d1-c1c919e571b0
  487_32859637 [G1D,G0Y,G0M,WZN] -> b1d533dd-6a9b-4bda-9b02-cac09d3d300f
  487_32859637 [G0D,D7M,DEJ,D7Y] -> 100d47b9-7958-4c13-aa87-e4b0dd8e5707
  487_32859637 [O39,NJ0,QDP,MYT] -> 81630ac5-5ee5-4d56-b773-f474cb255f72
  487_32859637 [FZV,QEA,QES,5AW] -> 13a67e5d-63d4-4326-9a65-1405536fb8ce
  487_32859637 [QE4,DJ1,DEV,G0D] -> 74ba6956-7708-475f-bb13-eddba5405539
  487_32859637 [QDV,QDJ,G0J,FZV] -> cc7ade21-262e-43e4-9709-b5b6d9672190
  487_32859637 [QDY,08J,CFF,08Y] -> 75f8ad72-07fb-452c-8fa9-ec7eaa9a6079
  487_32859637 [CFF,MWV,X8S,TCI] -> af7e1053-8e09-48cc-866f-b2b9ea84fa08
  487_32859637 [MWY,A1CIW,MWS] -> c64109bb-634b-4304-bc3e-5f6272da1332
  487_ecbf61ae [RIT,08Y] -> 5ec2386b-0010-4b01-88df-f07091d1f3e6
  489_d6dd2913 [QHC,O4T,O4W] -> a31471d3-f5a4-4962-a54c-d5468f9cda89
  509_e452cdaf [AER] -> 9bd220e7-60e2-44d9-96e3-12676f03098d
rep 2: 187 pairs to fold
  368_3c6d23e6 [36Y,CPZ,3SQ,36Y] -> bdb28cd7-a89f-46b2-aafc-9338531a58f4
  403_e7509160 [KTN,9AP,ASD,DEB] -> dbdc72a6-6b33-4460-baaf-f24717e43741
  410_bc4a20dd [PQM,PQP,LVC,L4I] -> d7f540c1-029f-4f4d-a852-29b95e405163
  410_bc4a20dd [M4F,L3K,OW7,8ZU] -> 20db2ca2-df21-424c-a616-7d3b97389ac4
  410_bc4a20dd [TWO,8ZU,K3Z,QDB] -> 4875fad4-08bc-4ae6-85e4-169824b06749
  410_bc4a20dd [1F1,ZRS,LVK,KQR] -> c7e4edb3-c9d2-4ede-8be8-9b3908e5675b
  410_bc4a20dd [VLG,PQS,KQF,Z7Z] -> 3a0ba538-0dfb-4b4a-85ae-d4b80b743fbe
  410_bc4a20dd [JO4,JO4,FIV,JO4] -> 25019e46-f56f-458b-8ec6-65de797c30c6
  410_bc4a20dd [JO4] -> c1105c22-d7ad-45fd-9eb8-64d815a2474d
  411_e3e8183c [KLN,CL6,EY5] -> 374b50f2-bc58-4bbb-84aa-b73283842056
  414_949a8532 [KKK,6XF] -> d60eee06-1b6a-46b7-b069-0fe499eec38f
  417_0e6cd8b9 [PAM] -> a8e52a85-7afe-48f3-a5e2-ad08e911977a
  448_7a54e61e [VFV,VNT] -> 9812d0f3-a08f-41bd-a758-6294655b11cf
  450_9c481af8 [VNI] -> eaa099d9-6c77-4c8e-8550-aedfc41d1048
  453_3fc5a1f6 [TPF] -> bbfa083f-8609-44af-b9b5-f5c6eef4115f
  455_d4843705 [TPF] -> 834c06af-2e7f-4f6a-9ba6-a88a230492a9
  458_c4bcedc3 [VNF,POZ] -> 5a6e4509-0672-43b1-be44-75da238f47a5
  467_acd53678 [5PS,J5Y,TU1,WVH] -> 19b84f56-5ec3-4bdd-ba57-89160688ffbb
  467_acd53678 [25S] -> 27dba39d-65af-4329-bc5c-dfd51d6adff8
  469_ec879091 [18I] -> 92a344c0-f172-4b7b-8423-6bd1f8e32bab
  473_ca85e740 [VT2] -> 3cdbcd24-4acf-4634-b331-9167c6027b1f
  474_5043b011 [05D,YCG,A1BZC,0I1] -> 4c6e55c1-a651-4fca-af07-329d39ab6143
  474_5043b011 [YCJ,A1BY9,A1BZE,04Y] -> 60d2802a-c769-4610-a7e9-fd2f10826dd6
  474_5043b011 [YBS,A1BZA,A1BZD,A1BZB] -> 52bbd5ff-9f92-44aa-aee6-bb972eb1b5e1
  475_74349f57 [X2N] -> ad5a51cc-db99-4508-94fa-cce034fbf531
  475_83a489fa [TPF] -> a666476d-aba3-4ac9-9982-816f000fab69
  475_c96c5508 [U51] -> 39e3e493-ee43-4f66-8c7c-eb1e951342f8
  476_1eccdb5d [PB2,PB2,TMI,06X] -> 9a137c59-4fc5-4f57-bcd7-a0f9fc4e37dd
  476_1eccdb5d [CPZ,CGE,TB2,TIC] -> c78957b7-870f-4af2-9444-c60eb0e5a643
  476_1eccdb5d [0BV,8PR] -> a53045a3-0b87-4342-9366-8aef65faa3d1
  476_7621de71 [CPZ] -> 0ba43391-1443-46cc-a49e-8dda156342cf
  479_f5b99101 [SI6,PN0,PN0,SI5] -> 87a8073b-eb99-4c2d-b74c-5ffd5f811486
  479_f5b99101 [AJN] -> 3c3a2742-a808-454c-ae1f-c4e6ffdf3d2b
  480_0010cf69 [CL6,RIT,A1BNX,MWY] -> ce154789-435b-4af9-9740-8483d979b0b8
  483_4a1aae09 [0T3,1CA] -> 3617bc4d-2601-44b2-9d0b-5343fd458196
  486_f605e37d [CL6,A1ASQ,A1ASU,A1ASV] -> 8c1ac572-1178-4e0e-b716-5f1f86619331
  486_f605e37d [A1ASP,A1ASS,A1ASO,A1ASR] -> 6c759113-b900-4c4a-89fc-d3d70c78aee9
  487_32859637 [X1O,X4E,X2Q,WZN] -> 91a180c9-59be-42da-abfe-6a90667f2782
  487_32859637 [X1I,X2Q,X1C,8AW] -> c70f6d8d-5728-42ba-b9df-1ed64460732f
  487_32859637 [PKT,T0K,O3L,X0E] -> 0833749e-d9d3-4371-9111-eb5b10e4f832
  487_32859637 [A1A4S,7AW,NH0,X7D] -> 26a4269a-d0a3-4a03-9077-5a0330ef1610
  487_32859637 [X6S,NI6,X6V,Z8Z] -> 4209e36d-cc95-4aaf-a4b2-dfb23bd8904d
  487_32859637 [NJO,6AW,D0R,X5Y] -> 5e267adb-2f88-438e-9bdb-c3da7433099a
  487_32859637 [X71,J9K,A1A07,D81] -> 968c0fd2-f459-4c29-b3ee-09bb203296f5
  487_32859637 [Z9Z,A1APA,A1A4T,RIT] -> eabc71c2-620b-4876-826c-de653c9b6ba5
  487_32859637 [1RD,X7M,A1A08,A1A4V] -> 4596d610-3244-4f84-aeed-eca3e7b4da0d
  487_32859637 [A1A06,X7P,QEP,A1A4U] -> 699dda93-7e74-4a1e-9ae5-b2f8805662aa
  487_32859637 [X2B,G0V,D7J,Y83] -> 9527d368-f343-47cc-bff2-f941f3f1aa86
  487_32859637 [A1A4K,G1J,80K,X6J] -> 606a2d4a-1fb6-4350-8656-4d01901e0051
  487_32859637 [G1D,G0Y,G0M,WZN] -> d042d90c-531a-450d-b2fa-a6534331be82
  487_32859637 [G0D,D7M,DEJ,D7Y] -> 1bfedf55-b012-4619-b253-5d657708498b
  487_32859637 [O39,NJ0,QDP,MYT] -> c33f9931-8d08-4f76-a202-59b4f15fc643
  487_32859637 [FZV,QEA,QES,5AW] -> ab35faf0-5404-4211-a92e-b8a8883ffd19
  487_32859637 [QE4,DJ1,DEV,G0D] -> a388e6b5-dcc4-4564-971e-32757c44d7d2
  487_32859637 [QDV,QDJ,G0J,FZV] -> c53908ac-0a4f-4224-b665-9723988f8f3b
  487_32859637 [QDY,08J,CFF,08Y] -> 33a28a9c-cc2c-4101-90f7-7e5c8d0b366f
  487_32859637 [CFF,MWV,X8S,TCI] -> 03874b7f-eac2-4667-bbd0-3848acb305f7
  487_32859637 [MWY,A1CIW,MWS] -> 3ff15dd8-a22e-4b3c-b361-411f223ab847
  487_ecbf61ae [RIT,08Y] -> e40c8601-a014-4207-9771-e45513b77caf
  489_d6dd2913 [QHC,O4T,O4W] -> 665aba86-a56e-4ac4-8473-351299a1c320
  509_e452cdaf [AER] -> 50756ca6-263f-4322-91ac-1c25b9b91af1
rep 3: 187 pairs to fold
  368_3c6d23e6 [36Y,CPZ,3SQ,36Y] -> 7443fea9-e9e8-4977-bfdb-8bb69e90fa7c
  403_e7509160 [KTN,9AP,ASD,DEB] -> 41638d16-bbb3-4cfb-abc6-21b962f720c6
  410_bc4a20dd [PQM,PQP,LVC,L4I] -> b9c54bdb-edfd-49c7-b855-8aa9d34724e0
  410_bc4a20dd [M4F,L3K,OW7,8ZU] -> 3cfd6b37-8131-40ee-aa28-069febc8b114
  410_bc4a20dd [TWO,8ZU,K3Z,QDB] -> 3bceffc8-e8d0-4bbf-9ba2-8f036146ed8f
  410_bc4a20dd [1F1,ZRS,LVK,KQR] -> 56daccc3-d357-4e88-a281-384279a84dc2
  410_bc4a20dd [VLG,PQS,KQF,Z7Z] -> f24db83f-a839-492c-b1f5-06083c1a3a47
  410_bc4a20dd [JO4,JO4,FIV,JO4] -> dd5c519e-75da-4bb0-abc5-6d4bed157e3f
  410_bc4a20dd [JO4] -> 5703f68d-36ba-4a16-b433-0deca471bcd1
  411_e3e8183c [KLN,CL6,EY5] -> 78b6a8e5-124d-4960-b350-e77b89b450c3
  414_949a8532 [KKK,6XF] -> b2efc046-277e-4463-b74e-4052b7b7738b
  417_0e6cd8b9 [PAM] -> 2d113294-2741-43f9-ab99-5119bd48ce51
  448_7a54e61e [VFV,VNT] -> 2f1576bb-6b9b-4c7c-a672-507439ab19e0
  450_9c481af8 [VNI] -> d48163f5-2d28-412f-8be1-c4fa17496df6
  453_3fc5a1f6 [TPF] -> e8225ed0-fcc5-4099-8419-ecc43bb0427e
  455_d4843705 [TPF] -> 74808dff-990b-4798-bec2-78707855d3fa
  458_c4bcedc3 [VNF,POZ] -> cb101919-30a9-468e-bd50-36369e030859
  467_acd53678 [5PS,J5Y,TU1,WVH] -> 8f3545fe-3dbc-49c9-ab4f-b577558fb8f3
  467_acd53678 [25S] -> feef0385-dfb8-4168-8690-920e533f0646
  469_ec879091 [18I] -> 6ae4ba1b-6e58-464f-a209-5bd540d425f0
  473_ca85e740 [VT2] -> f2e7550a-7c09-4c2a-b724-f899440d90fd
  474_5043b011 [05D,YCG,A1BZC,0I1] -> e8da1040-8e98-405f-9311-29f33b6e36b1
  474_5043b011 [YCJ,A1BY9,A1BZE,04Y] -> 152d0393-eb16-4051-a179-35e932139823
  474_5043b011 [YBS,A1BZA,A1BZD,A1BZB] -> c8fefefe-99ee-40a9-8e91-3eff002335f9
  475_74349f57 [X2N] -> 44038c3a-36fa-4d60-9f2c-948f843ab6e5
  475_83a489fa [TPF] -> f51a9772-6796-45ea-b490-18b3c92b069e
  475_c96c5508 [U51] -> 5262270e-ee96-4393-bdac-d4a65c91549e
  476_1eccdb5d [PB2,PB2,TMI,06X] -> 740cae2d-4ac7-426b-9b93-434fcf23478a
  476_1eccdb5d [CPZ,CGE,TB2,TIC] -> 9a69d3ae-eb6e-4943-bb92-c9d79bc75753
  476_1eccdb5d [0BV,8PR] -> 05732bdf-cdda-479b-bc33-ea92aa396ca6
  476_7621de71 [CPZ] -> 9801324a-8a46-46ef-9679-efc4cfa226a1
  479_f5b99101 [SI6,PN0,PN0,SI5] -> 03919b18-f6c3-48dc-b65e-f9db8f71556b
  479_f5b99101 [AJN] -> a2db96af-a945-45bb-9cae-8bcc4d758aa4
{
  "jobs_submitted": 150,
  "total_jobs": 328
}
