32 of 185 targets have an MSA
rep 0: 0 pairs to fold
rep 1: 12 pairs to fold
  460_2af8865f [LFD,LFS] -> 0fdec1b1-fea1-4592-b277-ea43ede90fb4
  460_2af8865f [LFT,VT1] -> 4e2cada8-ffc2-42f4-88ac-1869cd01ecbb
  460_2af8865f [UDO,UDD] -> 350e1116-e112-424a-a60f-8fe39f85635c
  470_4634f49c [VNI,VOR] -> 4c15c483-bf1d-40ac-b807-a02704389657
  497_9e5b0951 [V16] -> c0b22934-6646-4fe4-9b16-b5d411b3d7a8
  539_5aebb388 [SKX,A1AB6] -> 46ae32e6-8177-4d14-b080-57087b9159e6
  539_5aebb388 [1YN] -> d0c635a2-37c6-4e0b-9e1a-c7c50652e17a
rep 2: 12 pairs to fold
  460_2af8865f [LFD,LFS] -> 361f53a6-5120-4106-a8bc-3a0495bb1e0a
  460_2af8865f [LFT,VT1] -> c7b9fd4e-007b-474f-9f9c-7aedfa1a2432
  460_2af8865f [UDO,UDD] -> 6212864f-24a3-4868-ac2f-4c2bba50699d
  470_4634f49c [VNI,VOR] -> 17203bc8-b572-476b-b156-85bf9a6984fa
  497_9e5b0951 [V16] -> 7061c43c-dca7-4105-b501-5e7d04161abc
  539_5aebb388 [SKX,A1AB6] -> fe1653d1-cbc0-43c2-95c1-57650c3f2b60
  539_5aebb388 [1YN] -> 8f48ba43-dc1f-43ab-9bce-4e56383632f3
rep 3: 12 pairs to fold
  460_2af8865f [LFD,LFS] -> c6f42b65-4a74-4604-976c-bef240912abb
  460_2af8865f [LFT,VT1] -> f4e66be7-fee1-4757-b7b8-d894a4e3f7e6
  460_2af8865f [UDO,UDD] -> 424ec792-84bb-4d2e-ae0d-396c35059eae
  470_4634f49c [VNI,VOR] -> cabbae93-1226-4aaa-80dd-937a0f3a10dc
  497_9e5b0951 [V16] -> ab906258-2528-41e0-a24c-7099ef6d0e58
  539_5aebb388 [SKX,A1AB6] -> f71f2d82-f3c4-4c3e-a7aa-3481d396cf09
  539_5aebb388 [1YN] -> 67ee14b3-1d6e-4b11-87c0-7ce68e996521
rep 4: 149 pairs to fold
  460_2af8865f [LFD,LFS] -> c045e914-2cf3-446e-983a-a7669987f12a
  460_2af8865f [LFT,VT1] -> 861559df-7b19-4010-b96f-c344932581ba
  460_2af8865f [UDO,UDD] -> 0c718dda-756c-4613-bf8b-4f88e366a261
  467_acd53678 [25S] -> cdebc467-3ec4-4922-8af2-7995a182bda4
  469_ec879091 [18I] -> fe364cb1-bd52-48a6-89de-210268526160
  470_4634f49c [VNI,VOR] -> 82f56fa0-dc79-44ca-913a-f768afbc124f
  473_ca85e740 [VT2] -> c0890d01-afde-47e7-b40d-de74af31569e
  474_5043b011 [05D,YCG] -> d39b7c3c-7f38-41c6-b05e-b30a3c79bf42
  474_5043b011 [A1BZC,0I1] -> 000bfdaf-02b1-4144-a82d-c159a6109de8
  474_5043b011 [YCJ,A1BY9] -> 336e8853-3736-4c9d-8af3-ec09de96cc37
  474_5043b011 [A1BZE,04Y] -> 6d35c473-3c67-410f-9007-3c707f79d090
  474_5043b011 [YBS,A1BZA] -> beca08bd-dda9-48d2-8021-44898687cc29
  474_5043b011 [A1BZD,A1BZB] -> 7ec36250-9c28-473d-91d4-21845670329d
  475_74349f57 [X2N] -> 78a0d112-9919-46e9-8101-2ff000899210
  475_83a489fa [TPF] -> 05f039b4-16f1-42bb-869f-ce1abc176f96
  475_c96c5508 [U51] -> 458e6a41-6167-4fd8-b730-2e05d5e2e2e9
  476_1eccdb5d [PB2,PB2] -> ea5bdaba-ec55-4df5-8413-35db27562620
  476_1eccdb5d [TMI,06X] -> b240cf33-97b8-4162-bf3d-a24928dd431a
  476_1eccdb5d [CPZ,CGE] -> debab61c-d080-4f95-b23d-0cadaf374882
  476_1eccdb5d [TB2,TIC] -> 690d95f8-72db-48ba-bb7c-3d18637d46da
  476_1eccdb5d [0BV,8PR] -> 28c9a4e0-c3dd-4aea-a1df-6dd4d8edefaa
  476_7621de71 [CPZ] -> 09e06dd5-6d8c-4924-b190-fb6acfbb6ca3
  479_f5b99101 [SI6,PN0] -> 6cc6a21a-95fe-4250-b182-2fccd7969dfc
  479_f5b99101 [PN0,SI5] -> fbb79b3e-2b2c-41bc-9680-fe9220b3371e
  479_f5b99101 [AJN] -> ade05e47-6159-4c7c-b2a6-11060a3385fc
  480_0010cf69 [CL6,RIT] -> 4c083136-2d7f-4c5e-9653-0547db286a5d
  480_0010cf69 [A1BNX,MWY] -> 3a096371-9e98-4236-b52f-34363e0eecb1
  483_4a1aae09 [0T3,1CA] -> 3eaa7565-054d-4d1e-b844-4cbf02bcf74a
  486_f605e37d [CL6,A1ASQ] -> c1077c77-e1d4-4780-99ac-83f98e185c8d
  486_f605e37d [A1ASU,A1ASV] -> 2fb48c5b-4f0b-4ba5-ad2f-6400d685e4ed
  486_f605e37d [A1ASP,A1ASS] -> 78dfa9b9-5d8b-438f-982b-5e20e94fee1f
  486_f605e37d [A1ASO,A1ASR] -> 94c1127d-1ea6-41d6-9dc1-2a7df909cf3b
  487_32859637 [X1O,X4E] -> 330dfb3f-f6ad-459f-8b2f-e2e8efcdc6d6
  487_32859637 [X2Q,WZN] -> 1bb9207e-9179-451d-b2ec-a29c70c8decb
  487_32859637 [X1I,X2Q] -> b4d6824b-d28e-456d-90e0-9cff964c8be7
  487_32859637 [X1C,8AW] -> 82717287-68dc-4388-b75e-b4470b07d1cd
  487_32859637 [PKT,T0K] -> 30b3ae67-0887-41c4-9462-46198e0ab842
  487_32859637 [O3L,X0E] -> 231414a0-9a5a-49f8-b1ab-dbd5c303833d
  487_32859637 [A1A4S,7AW] -> 8bc79cf1-f241-4db9-8a0b-8791aba9f5f0
  487_32859637 [NH0,X7D] -> 8cdc43a0-4322-421f-afd0-c0a987e07b6d
  487_32859637 [X6S,NI6] -> e4db0590-4c47-433a-b197-65ef813965d3
  487_32859637 [X6V,Z8Z] -> c87ba9e1-3447-467a-9df8-5bf0c3cc316d
  487_32859637 [NJO,6AW] -> a8223ddc-744e-45ae-bbf0-7b58ee54b64e
  487_32859637 [D0R,X5Y] -> 0ab4c096-a58d-48ad-a74d-a490fa20f73d
  487_32859637 [X71,J9K] -> 570d922f-9dc0-4c61-a708-60663c5ad0da
  487_32859637 [A1A07,D81] -> a258ea0e-f7f8-41cc-8836-e5a2a106b9b0
  487_32859637 [Z9Z,A1APA] -> 18b1b7fa-4ce3-434a-bce5-324effed0a84
  487_32859637 [A1A4T,RIT] -> 544deedb-9e01-4754-8d23-0add547748bf
  487_32859637 [1RD,X7M] -> 883a44eb-698b-4b7b-9aac-d503a74a7618
  487_32859637 [A1A08,A1A4V] -> 7c4da3d7-4a4b-4ff9-b363-1990aad2d7b9
  487_32859637 [A1A06,X7P] -> 11f0de10-c97d-451b-9830-300709fb8e71
  487_32859637 [QEP,A1A4U] -> aff0dd8c-5db1-451d-b69c-106d415f63ef
  487_32859637 [X2B,G0V] -> f98df0d3-e4c5-4627-ae38-32e5471f8240
  487_32859637 [D7J,Y83] -> 4c5cd13f-8260-46d7-92d2-6144e012884c
  487_32859637 [A1A4K,G1J] -> 597483f2-c0f4-476a-ae85-7d1f3ff07303
  487_32859637 [80K,X6J] -> 316c4510-7193-4896-8acf-bed40cb99090
  487_32859637 [G1D,G0Y] -> 8c5a9c56-193b-4cab-8816-20ef611ab220
  487_32859637 [G0M,WZN] -> 7679f4b3-66b5-46f8-9203-b6d5a44ef116
  487_32859637 [G0D,D7M] -> 2ddc1ee4-f405-442c-aa47-7bfc9cff6082
  487_32859637 [DEJ,D7Y] -> ef0f0c14-b247-42de-af06-3b0e3ac882e7
  487_32859637 [O39,NJ0] -> 7210eba3-06ef-43ff-8a3b-0c7a8e1510d2
  487_32859637 [QDP,MYT] -> 10fe726d-bf4f-4f9a-a362-ac423ec8925b
  487_32859637 [FZV,QEA] -> 34c893df-4eeb-436a-81bf-4383e4fb5630
  487_32859637 [QES,5AW] -> 2d3bc771-6952-4cb7-9bdc-4eaf8961a310
  487_32859637 [QE4,DJ1] -> ebfeaef2-5699-402b-93a1-a163eb9af199
  487_32859637 [DEV,G0D] -> 8ba085bc-51c0-4118-857b-602aee214426
  487_32859637 [QDV,QDJ] -> c03f2851-984a-47fc-8243-7c5b04f5a18b
  487_32859637 [G0J,FZV] -> ce9ca19d-53c4-45e1-ab15-ac7cf744af95
  487_32859637 [QDY,08J] -> 60af815a-d580-405f-94f0-a6c30925313e
  487_32859637 [CFF,08Y] -> 227c1dce-82ba-4b28-bf57-9df81243377f
  487_32859637 [CFF,MWV] -> f6654bbb-45ea-4214-8006-00c40fb73c61
  487_32859637 [X8S,TCI] -> 39815499-56f4-4b3d-8787-b057b6e488ba
  487_32859637 [MWY,A1CIW] -> c7dcb5d4-6c6c-4ab2-9c43-20292393699c
  487_32859637 [MWS] -> 2b340a88-2c88-4d20-bc5b-f181fc371421
  487_ecbf61ae [RIT,08Y] -> 59320159-623d-4c34-bff5-4c8dbd91069c
  489_d6dd2913 [QHC,O4T] -> c1335889-2409-4ca6-b2ff-0c9f22de9520
  489_d6dd2913 [O4W] -> 8863fd86-150b-4045-a3c6-a496239388a8
  497_9e5b0951 [V16] -> f6377aa4-2127-418f-81e8-786a21c4d911
  509_e452cdaf [AER] -> 28958935-f9f5-4de8-bc07-e889426c4090
  539_5aebb388 [SKX,A1AB6] -> 45453700-bf07-4c6b-94f2-6e07c3457af7
  539_5aebb388 [1YN] -> 70f4eef3-6713-4c19-a556-ace9e1a2f1f7
rep 5: 199 pairs to fold
  368_3c6d23e6 [36Y,CPZ] -> 683e59d6-2a7b-43e4-a02a-d9942a0343b2
  368_3c6d23e6 [3SQ,36Y] -> afefbdae-2354-4630-b024-012c98bbc922
  403_e7509160 [KTN,9AP] -> b8286c59-d401-4580-a543-6664d629e75a
  403_e7509160 [ASD,DEB] -> 797240e8-a650-493d-8836-74d5525ce51e
  410_bc4a20dd [PQM,PQP] -> 4e11f509-617d-46fd-81e5-653eb2bac227
  410_bc4a20dd [LVC,L4I] -> 4936b79a-febc-49a3-8bb6-32ec7b61f8e0
  410_bc4a20dd [M4F,L3K] -> 6c08e6cd-70e9-4dd7-9017-a7c0d75d403e
  410_bc4a20dd [OW7,8ZU] -> 1b5c5ed8-8c14-4183-867a-32209597314a
  410_bc4a20dd [TWO,8ZU] -> e9b02932-927b-4e75-9084-404d96beb3c8
  410_bc4a20dd [K3Z,QDB] -> 3f9e0a13-36e3-4d90-b8b0-90ff5b99ed79
  410_bc4a20dd [1F1,ZRS] -> 5d41a356-8040-4ba3-ae7c-3cc671c9d91f
  410_bc4a20dd [LVK,KQR] -> 0b7d1ec0-4b1b-4292-b2dd-bd201869cc8e
  410_bc4a20dd [VLG,PQS] -> 0278b24c-cc4a-4171-9453-2fcf64eeb95c
  410_bc4a20dd [KQF,Z7Z] -> 6258179f-02ea-4ce6-b56b-0813fdaadb14
  410_bc4a20dd [JO4,JO4] -> 3be8d9ef-378b-4a4a-bad3-b77f8b00dd70
  410_bc4a20dd [FIV,JO4] -> a074fdce-fe91-4051-86a2-fb2b31c69652
  410_bc4a20dd [JO4] -> 37bc22fc-ea55-4563-90aa-51dbf5594f57
  411_e3e8183c [KLN,CL6] -> fe5a0d45-f3c8-4bc9-97ff-154a67861a16
rep 6: 199 pairs to fold
rep 7: 199 pairs to fold
{
  "jobs_submitted": 120,
  "total_jobs": 557
}
