28 of 185 targets have an MSA
rep 0: 3 pairs to fold
  414_949a8532 [KKK,6XF] -> f0477ad8-ad34-448a-b16d-b6e43fb3cf79
  450_9c481af8 [VNI] -> 8032101d-7d91-4739-8506-a1603aa576c4
rep 1: 20 pairs to fold
  414_949a8532 [KKK,6XF] -> 12a611e1-1e7b-4c52-9d46-dbfaf4f5439c
  450_9c481af8 [VNI] -> 9075cc32-3a23-4bfd-a2df-bb4ba0f892f0
  487_32859637 [QDY,08J,CFF,08Y] -> 0cfa3dcf-4453-4ee1-ab75-15e7f7de0196
  487_32859637 [CFF,MWV,X8S,TCI] -> b3902808-aeff-4c6e-b2bc-e282214e0637
  487_32859637 [MWY,A1CIW,MWS] -> 8c8d2128-234f-4bf2-8645-f20b7fc0c2df
  487_ecbf61ae [RIT,08Y] -> 8b3165b6-a2a5-432e-8f0a-eb43595a870b
  489_d6dd2913 [QHC,O4T,O4W] -> 4e6a5233-6f5c-4253-bfd8-181cf547cde1
  509_e452cdaf [AER] -> aefde950-236e-4141-9110-efa6fdd80132
rep 2: 187 pairs to fold
  368_3c6d23e6 [36Y,CPZ,3SQ,36Y] -> aa64b9a1-1ba9-4c6d-83f2-1d23af0ba13c
  403_e7509160 [KTN,9AP,ASD,DEB] -> 107a8b7b-253e-4458-a9cf-d9804a80961c
  410_bc4a20dd [PQM,PQP,LVC,L4I] -> a9c95c62-71bd-4151-8fd0-7186f230918d
  410_bc4a20dd [M4F,L3K,OW7,8ZU] -> 741f3404-2675-475a-b9ec-cd3cb58bd68f
  410_bc4a20dd [TWO,8ZU,K3Z,QDB] -> d34e450d-a50a-4127-aac7-654b3c7f32b5
  410_bc4a20dd [1F1,ZRS,LVK,KQR] -> 633d1ef7-7e82-4b72-8131-1f028e2696e2
  410_bc4a20dd [VLG,PQS,KQF,Z7Z] -> c16de001-0563-4c0d-b098-735d85b303d1
  410_bc4a20dd [JO4,JO4,FIV,JO4] -> 2a6247f7-b1d6-47a3-9488-70ad9f6a0ac1
  410_bc4a20dd [JO4] -> e9d82571-8098-4c70-8c3e-478f2f95cdc2
  411_e3e8183c [KLN,CL6,EY5] -> 24f10713-6ec8-4600-884f-afa6a24b6548
  414_949a8532 [KKK,6XF] -> ddfa5f35-a1d6-4e7d-bda2-36020c557e06
  417_0e6cd8b9 [PAM] -> ccb226a0-595a-42f3-b198-ae42ac68e718
  448_7a54e61e [VFV,VNT] -> b85b7eda-18d7-48b9-907c-5710a4105b11
  450_9c481af8 [VNI] -> 164a8d7e-db73-4922-acc4-eaa09bae6327
  453_3fc5a1f6 [TPF] -> f23cc398-9755-4d44-85c5-699ae09812c7
  455_d4843705 [TPF] -> 67bbbaff-97bb-45ea-9690-0f2ffff9554e
  458_c4bcedc3 [VNF,POZ] -> ec039214-c6b7-42f9-a401-36f74c89459d
  467_acd53678 [5PS,J5Y,TU1,WVH] -> 048e0351-7e45-4a8d-9d69-659e32fffdd8
  467_acd53678 [25S] -> 5bda68df-ef21-4ee3-a933-3ba9d7b3f0f0
  469_ec879091 [18I] -> f183502e-b19a-4b9a-9b5e-8b763fcf842c
  473_ca85e740 [VT2] -> 950c6d40-4ce2-4465-a04b-aa7b5fabbf9d
  474_5043b011 [05D,YCG,A1BZC,0I1] -> 4d69510b-c937-489e-a1a8-06c9e28c0ace
  474_5043b011 [YCJ,A1BY9,A1BZE,04Y] -> aafa8a44-5a30-4ae9-ae9e-a36d8c569d86
  474_5043b011 [YBS,A1BZA,A1BZD,A1BZB] -> b86cfc63-e4a5-477a-9624-24dbfff4bdd0
  475_74349f57 [X2N] -> 64ad5793-7ebd-4d47-bf09-c9c1f635b3b0
  475_83a489fa [TPF] -> 1a34bcbb-5dd7-4ce8-a54f-3b2afa3211f6
  475_c96c5508 [U51] -> bff2f979-ff1a-4219-8b5f-3f04fe521a69
  476_1eccdb5d [PB2,PB2,TMI,06X] -> a4d3248f-b9ba-4f08-be46-c40abf1746ba
  476_1eccdb5d [CPZ,CGE,TB2,TIC] -> 6c17b279-6918-494c-a52c-25ed878311db
  476_1eccdb5d [0BV,8PR] -> 7ec3a5da-61df-40da-9e84-b9988f0c518a
  476_7621de71 [CPZ] -> a929e89c-3e08-47e2-8bda-6b1a611fd1f9
  479_f5b99101 [SI6,PN0,PN0,SI5] -> 6adc94dd-a414-46f3-921f-975b98316e67
  479_f5b99101 [AJN] -> 3ac55f64-f3ff-4b4f-b322-c4268b6bbc89
  480_0010cf69 [CL6,RIT,A1BNX,MWY] -> f3717708-0db7-4be9-bd3b-1558263ec401
  483_4a1aae09 [0T3,1CA] -> 730d8f0f-90b1-4292-a5e2-cc3cf310b5ab
  486_f605e37d [CL6,A1ASQ,A1ASU,A1ASV] -> 2a452934-b33c-47e1-8d5a-236ef39be0cb
  486_f605e37d [A1ASP,A1ASS,A1ASO,A1ASR] -> 70cb5921-499d-4f92-b81d-2549f732948d
  487_32859637 [X1O,X4E,X2Q,WZN] -> 852d746d-aa5c-45ce-8195-45338ce3bfe8
  487_32859637 [X1I,X2Q,X1C,8AW] -> fb3dd865-2444-41a5-8c98-13700e7b4daa
  487_32859637 [PKT,T0K,O3L,X0E] -> 612b5d17-36ec-45ec-8e59-f0b78aa89280
  487_32859637 [A1A4S,7AW,NH0,X7D] -> 3d375f7b-734c-4fd8-af2f-e880e5b04493
  487_32859637 [X6S,NI6,X6V,Z8Z] -> 01b49b45-e36f-4cfb-9c6b-b4260dcf108b
  487_32859637 [NJO,6AW,D0R,X5Y] -> b06f077b-9b00-4efd-ad00-0b34e889280b
  487_32859637 [X71,J9K,A1A07,D81] -> 24bac365-05dd-4c6a-b52d-1418ffe7f7fb
  487_32859637 [Z9Z,A1APA,A1A4T,RIT] -> 2015ddfd-122c-4857-a5f0-bf3daf2828d9
  487_32859637 [1RD,X7M,A1A08,A1A4V] -> 132da1a6-ea17-46bd-a3ff-24c0e6c82e4c
  487_32859637 [A1A06,X7P,QEP,A1A4U] -> ca9e62d8-e7ad-45ef-9b4f-070096c107bd
  487_32859637 [X2B,G0V,D7J,Y83] -> e8a9872e-62a1-43ce-a46d-b3b10bcafbbd
  487_32859637 [A1A4K,G1J,80K,X6J] -> 6b406dab-af19-4e3f-855e-13611564f257
  487_32859637 [G1D,G0Y,G0M,WZN] -> 2b6982f0-1de8-46f4-8bb9-54c7641cdca0
  487_32859637 [G0D,D7M,DEJ,D7Y] -> 54dcd754-2fda-408d-b690-e5405677119f
  487_32859637 [O39,NJ0,QDP,MYT] -> 2a8a98a1-3809-4f63-803b-d7d12067243b
  487_32859637 [FZV,QEA,QES,5AW] -> d1daef5b-3f5e-442c-a4f9-c2d63b5a7131
  487_32859637 [QE4,DJ1,DEV,G0D] -> f78dfa0c-d37d-41da-9550-c7b6795e9c50
  487_32859637 [QDV,QDJ,G0J,FZV] -> fab1a78e-e623-4eb4-a59f-b763cd32825a
  487_32859637 [QDY,08J,CFF,08Y] -> bd589c56-639a-4125-a499-afefbdc7af97
  487_32859637 [CFF,MWV,X8S,TCI] -> 079d0bac-0521-4cbd-ae31-9e3a6d357a87
  487_32859637 [MWY,A1CIW,MWS] -> 5a36ce79-cc59-4089-a8ce-0026140d8a4f
  487_ecbf61ae [RIT,08Y] -> 1d123210-2117-4b20-bc71-f9d106184fe1
  489_d6dd2913 [QHC,O4T,O4W] -> 066c36de-14a5-4244-877e-328c92f1d10e
  509_e452cdaf [AER] -> cdb8e4d8-d5cb-4268-aaee-4e98b11cb862
rep 3: 187 pairs to fold
  368_3c6d23e6 [36Y,CPZ,3SQ,36Y] -> 58c27d97-802c-44c1-b2fa-9eecb3850d2d
  403_e7509160 [KTN,9AP,ASD,DEB] -> 7bc50ee1-dfa1-4a8d-b15a-aec74b07e062
  410_bc4a20dd [PQM,PQP,LVC,L4I] -> 7514e5b3-241d-4da2-b86d-f92ea4239000
  410_bc4a20dd [M4F,L3K,OW7,8ZU] -> d4e2f93b-7e95-4770-8375-8e161d907ff8
  410_bc4a20dd [TWO,8ZU,K3Z,QDB] -> fc8ad7cc-0b97-4663-9f4d-3245738d06b9
  410_bc4a20dd [1F1,ZRS,LVK,KQR] -> 32294ac2-1bd6-437c-b1d9-eeeb0638732b
  410_bc4a20dd [VLG,PQS,KQF,Z7Z] -> a179a156-f3a9-48bc-842a-0735d56b4970
  410_bc4a20dd [JO4,JO4,FIV,JO4] -> f45ddb37-5a6c-426a-9883-d59ffe075ce5
  410_bc4a20dd [JO4] -> baef326d-75e8-45dd-9b3f-fdf874b5dd70
  411_e3e8183c [KLN,CL6,EY5] -> 3819aa86-6bcc-46cb-96e4-d027e3c6ec0d
  414_949a8532 [KKK,6XF] -> b252bdae-5d30-40be-a106-d57d4dfc7f52
  417_0e6cd8b9 [PAM] -> 16c2a3b4-3f3d-48e6-9041-ba8ca17dd3b3
  448_7a54e61e [VFV,VNT] -> 5fbd917f-3343-404c-bcef-3562193894b5
  450_9c481af8 [VNI] -> 5cdc0c8e-ffa9-4441-8ace-c08fa0ca2acb
  453_3fc5a1f6 [TPF] -> 7ca33c6a-6ebf-4c63-a9f2-8d8ada0e50c8
  455_d4843705 [TPF] -> fcbc3e9d-9aea-4c95-ab45-45adc0df0e70
  458_c4bcedc3 [VNF,POZ] -> ab201120-992d-4d77-a198-c3c2b81ee8a4
  467_acd53678 [5PS,J5Y,TU1,WVH] -> 6f87456c-53a6-4fec-8d23-608677b327e7
  467_acd53678 [25S] -> fc265398-5d09-4894-bcb3-0daa6b67c652
  469_ec879091 [18I] -> 69a13c51-f463-4c1d-aaf2-4c1555bffc7b
  473_ca85e740 [VT2] -> e2eb6d8b-c8fe-4c45-8903-5e98cdb613ec
  474_5043b011 [05D,YCG,A1BZC,0I1] -> e709b59d-4bd3-4eda-bda1-5cf3fa48d7d4
  474_5043b011 [YCJ,A1BY9,A1BZE,04Y] -> ec6767c0-52ef-4a0b-b6e7-0a00cc398f13
  474_5043b011 [YBS,A1BZA,A1BZD,A1BZB] -> f645ce96-b14c-4cc9-95f8-8353f0989001
  475_74349f57 [X2N] -> 0a961691-f0a4-4a0b-ac50-09c6d35a248b
  475_83a489fa [TPF] -> b007a6f8-ecdf-4c04-a434-f1be1d34ded1
  475_c96c5508 [U51] -> 01015978-be91-4438-af4d-8bfd3d38da8c
  476_1eccdb5d [PB2,PB2,TMI,06X] -> 0c0d48cb-3543-4f8d-89ba-898bed494fe2
  476_1eccdb5d [CPZ,CGE,TB2,TIC] -> 95a075a2-f7bc-4a65-8f65-43b6b0f0afbd
  476_1eccdb5d [0BV,8PR] -> 9b825b72-a3c5-4721-adfe-4e06050fb81b
  476_7621de71 [CPZ] -> 1b070721-dfbd-4231-95c6-c459a7673bf7
  479_f5b99101 [SI6,PN0,PN0,SI5] -> 3c8dbd7f-940d-4726-95ec-f679160ff21a
  479_f5b99101 [AJN] -> 9213bd8b-e6cb-43ad-8c43-b67302ae8ca2
  480_0010cf69 [CL6,RIT,A1BNX,MWY] -> 7a263bb6-2e10-48cc-820f-e757d2819d37
  483_4a1aae09 [0T3,1CA] -> 1354d801-0038-482a-8144-084f2f4a4eb5
  486_f605e37d [CL6,A1ASQ,A1ASU,A1ASV] -> 3467e277-a5c3-4686-89c6-4933109d6fc1
  486_f605e37d [A1ASP,A1ASS,A1ASO,A1ASR] -> b17928cd-99b2-4777-b8df-13a07c31a6bc
  487_32859637 [X1O,X4E,X2Q,WZN] -> 0550d306-7600-49eb-8419-550a779fef45
  487_32859637 [X1I,X2Q,X1C,8AW] -> e50f6aea-0e57-40f3-8d11-748ec202ea73
  487_32859637 [PKT,T0K,O3L,X0E] -> c0ee7012-b6f0-467d-8a0b-010e3e223c0b
  487_32859637 [A1A4S,7AW,NH0,X7D] -> 6c475377-c800-438c-9359-70641aca8c34
  487_32859637 [X6S,NI6,X6V,Z8Z] -> 7dcdd88a-8d67-4927-a3c9-7c1eac03ea02
  487_32859637 [NJO,6AW,D0R,X5Y] -> b1496a16-09e2-4604-9354-0c3b2dcea181
  487_32859637 [X71,J9K,A1A07,D81] -> b150d780-7091-43ba-8022-58a6d6515e35
  487_32859637 [Z9Z,A1APA,A1A4T,RIT] -> 6e2298d0-7957-4d02-bcf9-adfa62572377
  487_32859637 [1RD,X7M,A1A08,A1A4V] -> 7aef7b81-cdb0-4375-9918-fffc1c0494cc
  487_32859637 [A1A06,X7P,QEP,A1A4U] -> 85a85b68-677f-4b91-bcce-962ae9735529
  487_32859637 [X2B,G0V,D7J,Y83] -> 5f811fff-e330-488e-b3e1-7e10949519d2
  487_32859637 [A1A4K,G1J,80K,X6J] -> c0526eed-12f4-4c75-a0f7-b69d19dba76e
  487_32859637 [G1D,G0Y,G0M,WZN] -> 1e02e871-bea3-454e-9784-d76de76a1e27
  487_32859637 [G0D,D7M,DEJ,D7Y] -> 2a804f68-be66-4a2d-af6b-34c609812738
  487_32859637 [O39,NJ0,QDP,MYT] -> a70e5503-ff76-4707-8ed4-d44cdc36a9f3
  487_32859637 [FZV,QEA,QES,5AW] -> 048a0cc0-28b7-44f1-89da-4797163c3e99
  487_32859637 [QE4,DJ1,DEV,G0D] -> 6f39c85a-1514-414a-a30c-c5bb5f6befe5
  487_32859637 [QDV,QDJ,G0J,FZV] -> b27f83e1-bb8d-4e29-9f82-ba09986b70d8
  487_32859637 [QDY,08J,CFF,08Y] -> 4d6a49bb-f337-48fe-9843-45be4ef7b6f6
  487_32859637 [CFF,MWV,X8S,TCI] -> 72ebf906-4095-4312-bc9e-3fbc1ba01459
  487_32859637 [MWY,A1CIW,MWS] -> 3c43cb4b-5efd-402b-825e-70d0abfa3ca7
  487_ecbf61ae [RIT,08Y] -> 8ef228d3-9f92-43ef-8a3f-df5e7ec0f730
  489_d6dd2913 [QHC,O4T,O4W] -> 0ef719e6-67da-4d48-8e69-81f494802e76
  509_e452cdaf [AER] -> 79b594f3-e797-4d18-b05c-26851d0813df
rep 4: 187 pairs to fold
  368_3c6d23e6 [36Y,CPZ,3SQ,36Y] -> 46ab6e7a-2c5b-4331-b898-333650ac17b0
  403_e7509160 [KTN,9AP,ASD,DEB] -> ae8ad618-4426-4800-bbfb-960ee37cc6ae
  410_bc4a20dd [PQM,PQP,LVC,L4I] -> 8e44c63f-8e7f-47cf-9fd6-765e65aa1209
  410_bc4a20dd [M4F,L3K,OW7,8ZU] -> ac324762-4c9a-4fdb-bb78-eb44880e6f96
  410_bc4a20dd [TWO,8ZU,K3Z,QDB] -> 7ca6fbc0-058c-4c3d-a068-fa7cc1f92b33
  410_bc4a20dd [1F1,ZRS,LVK,KQR] -> 26148c5a-1fdc-49e5-8409-f99de3a31526
  410_bc4a20dd [VLG,PQS,KQF,Z7Z] -> f872b036-e28c-4841-bdac-80cd4ad9b6b6
  410_bc4a20dd [JO4,JO4,FIV,JO4] -> 0d773906-fa1a-4a35-9825-fac94d98d8df
  410_bc4a20dd [JO4] -> 9b74aaf8-e060-4e88-a578-edf48a895457
  411_e3e8183c [KLN,CL6,EY5] -> 6850bb0e-1167-4aba-a686-41277a329dfa
  414_949a8532 [KKK,6XF] -> b4edb76f-d1a2-4b8e-a4e6-7a94af8b4ba6
  417_0e6cd8b9 [PAM] -> ad9e09b6-7631-4bc6-91bf-02e5909c64bc
  448_7a54e61e [VFV,VNT] -> bf4ea294-4180-48a0-a1db-af4b876dafa2
  450_9c481af8 [VNI] -> 544160c2-a617-43d5-a609-a772778e3f0e
  453_3fc5a1f6 [TPF] -> d0687f58-858f-4fc8-878f-a6820dcd0d94
  455_d4843705 [TPF] -> 257950c3-3157-4d71-9f62-36f2149a3857
  458_c4bcedc3 [VNF,POZ] -> 960c1bed-b51c-4639-82db-c21c6361a074
  467_acd53678 [5PS,J5Y,TU1,WVH] -> 3b99fe0f-1334-4917-9c00-3a7ed18c0042
rep 5: 187 pairs to fold
{
  "jobs_submitted": 150,
  "total_jobs": 430
}
