79 of 185 targets have an MSA
rep 0: 335 pairs to fold
  368_3c6d23e6 [36Y,CPZ] -> f540b2a9-a261-4a31-bf49-5b60c84f6845
  368_3c6d23e6 [3SQ,36Y] -> 0ad6551d-c017-44bf-b808-0d5605367b5c
  388_7e6828a0 [A1MAI,L0O] -> 127ec2ea-c9c7-4b6b-a221-1245340f0a02
  388_7e6828a0 [A1MAJ] -> 3afa6682-0940-465a-a623-ce936f0c35f7
  396_672140e8 [9KE,9KB] -> bf71370a-67d5-4d9d-bcc6-16619ae484a0
  396_672140e8 [69M,TZM] -> 8c4953e5-8284-45aa-9daa-b6be0402873a
  396_672140e8 [GGJ,69W] -> 69f56399-91b9-42f3-b4ba-ad3011c2872c
  396_672140e8 [TPF,MQN] -> 814e234a-c57f-42ed-9de0-39cde0058bc9
  396_672140e8 [69S,KEQ] -> b5dd80b5-5648-44df-91ec-29fcf2f1a3cc
  396_672140e8 [KEZ,Q47] -> f45a8018-31bc-4dd4-90d6-5408283bd9e0
  396_672140e8 [KEH,N5Z] -> fc97b343-96dc-472e-9d32-8f0496710978
  396_672140e8 [N5W,KEB] -> e6500f2c-b452-4ac7-9b22-b4788d042ced
  396_672140e8 [KEW,ULZ] -> b2c9f3a6-a516-489e-a082-0eb40a469813
  396_672140e8 [OUC,KE5] -> 635baa87-882b-4d1e-959f-1b3d0aca65bd
  396_672140e8 [N55,R2H] -> bb99cbc5-8c76-4b0d-a61c-6262e4f2779a
  396_672140e8 [KE2,YTT] -> 01f02d1a-2fd9-4095-9ce2-a60c238c5f77
  398_712f2bbf [5YG,ENK] -> b3072f34-8edc-4a5e-bc79-80cb6fc12edf
  398_712f2bbf [DQE,PG4] -> 8fbf9644-1fbe-4dec-a5b6-5103463bb78c
  398_712f2bbf [EIQ] -> f9474d0a-b9f9-464c-84c9-877af61c0140
  403_b3a2f553 [KTN] -> 4d784bf9-7ec7-4eed-bbe4-e1c7c30b7743
  403_e7509160 [KTN,9AP] -> 11ec4fab-27d9-4e31-b44b-58b29c592a15
  403_e7509160 [ASD,DEB] -> aee8f0b8-cc76-4b94-8e93-0abc28c77d06
  410_bc4a20dd [PQM,PQP] -> b5ef8703-5bb8-4336-a4fa-2ae65155d5af
  410_bc4a20dd [LVC,L4I] -> 992d5f10-e26c-4e6e-b76b-a8935144475f
  410_bc4a20dd [M4F,L3K] -> 41adae3e-9792-41fe-bc7a-964fb6ed0bbd
  410_bc4a20dd [OW7,8ZU] -> aacd7290-2079-46c7-ab5a-2e2579e6f09f
  410_bc4a20dd [TWO,8ZU] -> 2729e67e-e385-4bea-b00c-35ffad786d7e
  410_bc4a20dd [K3Z,QDB] -> 6a92679d-69a5-4196-99a2-e484f60c5e60
  410_bc4a20dd [1F1,ZRS] -> 43b5b9e4-88cb-4a10-97cc-e0b9d4d28847
  410_bc4a20dd [LVK,KQR] -> 1c741ccc-a74f-4095-b97c-1219a3684563
  410_bc4a20dd [VLG,PQS] -> e96c1563-5290-4845-a39c-5063c320a5fd
  410_bc4a20dd [KQF,Z7Z] -> e6d7139e-2831-429a-889b-8f35e6018051
  410_bc4a20dd [JO4,JO4] -> bdb42805-498d-4720-a32d-ca30fcaf60d5
  410_bc4a20dd [FIV,JO4] -> b852e86e-6f7d-4985-84e5-037335e7241d
  410_bc4a20dd [JO4] -> b5974ed3-edbb-4561-86c6-a29fd4290531
  411_e3e8183c [KLN,CL6] -> 2ec0e54d-2bbf-46ed-9b73-52a34cd86b24
  411_e3e8183c [EY5] -> 92f39454-020b-4145-a2a2-129bd437becf
  413_9f4eac9a [II2,II4] -> 69e42c65-534d-4a74-b71f-c93de7de9b2e
  414_949a8532 [KKK,6XF] -> 706527bd-e932-4690-8799-87e7fbad870d
  417_0e6cd8b9 [PAM] -> 9b840931-8a0e-4066-9f77-50d0f0e5caaf
  418_b02dd5c4 [ECL,D12] -> b0ca5f48-6029-4521-b59e-1610bcfda37b
  418_d6145562 [I6Y,JK9] -> 9e69c4f6-98aa-40e5-9f45-3b110bf037c6
  418_d6145562 [JFI,5YG] -> 2ccafa1a-cba6-45cd-99ec-d2b534a1bbc6
  418_d6145562 [EIQ,JV3] -> bfab1922-83eb-43f1-9cdc-a8c2d94ffd74
  418_d6145562 [JUR,A1H47] -> 28eaef51-beca-49b8-a794-43c224b400e3
  418_d6145562 [2QC,HIH] -> 2205080f-6f04-4f5e-9a48-f606a2720258
  418_d6145562 [KB9,JFC] -> 5a8c2f3f-fc27-46b0-93ab-dcd46303778c
  418_eb9ea735 [3QO,K2B] -> fac2694c-36c7-45fc-84bc-480c907da241
  435_2f9ec93d [B9L,B9O] -> 8f021408-7d84-4538-9f9e-179ce6058066
  435_2f9ec93d [B9L] -> 56762bb9-402a-45fa-914c-678dd6814200
  435_330d7a26 [M65,M65] -> 6a24d0cb-b037-4330-a8e2-4171f92c4430
  435_330d7a26 [VGJ,M9B] -> eec9c4f2-19ff-49f2-9251-bcc0aa27996b
  435_330d7a26 [VD3,RWZ] -> 31160e3f-6c07-4b5e-b0f3-68eaa7ea5d19
  435_b1170faa [M8N,K2B] -> 23f840d8-4bf8-4878-8d77-9e184553923d
  443_05636834 [VFV] -> 9ff0ac90-ab54-4a68-b5e8-f63f5a571a52
  446_68e6f289 [VFV,PJM] -> c4d33d9e-3c8d-4cf2-a6d9-8d7a78ded23c
  448_7a54e61e [VFV,VNT] -> 4440df44-70eb-4cf3-847d-816b100a9ae9
  450_9c481af8 [VNI] -> 821048b5-591e-43e2-9d52-d56f5b238f2c
  453_3fc5a1f6 [TPF] -> a1239490-17cf-40b6-9eb1-61e1f0598f55
  454_40de364f [JKF] -> 8715d4aa-c2e1-419d-a9f9-708b9d05d87d
  455_0c860b28 [CII] -> ed084bd3-8fe4-4180-8fce-f5fcb4e792e7
  455_48438573 [CMW,CM9] -> 8becc41f-2af6-483d-8d84-d33890f1701c
  455_48438573 [CM6,1CM] -> 2bb35dd4-2329-4890-9ebe-6536a6b76b3c
  455_d4843705 [TPF] -> 91f73c30-3faf-4c91-ae1b-482d5dbb08c5
  458_c4bcedc3 [VNF,POZ] -> 59729d0f-6847-4a7e-99a4-d30a9a9b1e92
  460_0f25ea19 [CL6] -> de7674c3-3f4e-41fd-b4df-387ef988adf8
  460_2af8865f [LFD,LFS] -> 4604e32f-1bc8-4db1-85ad-2d383fdd4343
  460_2af8865f [LFT,VT1] -> cd584b91-5902-4bb2-89df-ddf5bad75434
  460_2af8865f [UDO,UDD] -> bcdd6949-a2d8-4841-958d-98974f8d6f2f
  461_217b532e [NEE] -> f1e217fa-112d-44db-81df-37e837ba19f6
  461_b17f2608 [ECL,ECN] -> c6fb73ac-6074-4f82-bd10-6cf940492727
  461_b17f2608 [KKK] -> 80b0337f-f056-451b-b1d4-237a0ee11878
  464_4dc0771e [TPF] -> 2b8393da-3479-4bdb-a288-4c003c32f811
  467_6a91af88 [26N,TW5] -> cf88b450-e066-40e6-88fa-e965cad8652b
  467_acd53678 [5PS,J5Y] -> b8e56b07-82ff-43a9-b337-23147c4d62a4
  467_acd53678 [TU1,WVH] -> 218f24c3-5e44-41cf-b450-98ac78f0da4d
  467_acd53678 [25S] -> 7917ca03-f945-48a7-9ccb-2cf010634f35
  469_ec879091 [18I] -> 89b0747d-daba-4870-8269-41de71699612
  470_03aefc00 [T9H] -> 3e9dad04-0e05-44bb-ad24-90b9c6ccddbf
  470_4634f49c [VNI,VOR] -> 398b4b9a-c7fe-4c99-b194-e48ac8343775
  473_4b734b6b [TPF,TPF] -> d67fce2d-5738-4c7b-ab6f-33eeb0e0a23c
  473_ca85e740 [VT2] -> cfbaabbb-a27c-4f7d-a099-b77e35349bc7
  474_5043b011 [05D,YCG] -> 21cf3cf6-c145-4cd0-a927-f1dc97a4613c
  474_5043b011 [A1BZC,0I1] -> 06248706-8a4b-487c-bab2-a41f94551ae5
  474_5043b011 [YCJ,A1BY9] -> 8e22deee-fe55-46d2-bc14-edc24cc2d17f
  474_5043b011 [A1BZE,04Y] -> ce50fa43-0f48-4257-9544-74bd51df7aa4
  474_5043b011 [YBS,A1BZA] -> 757c7c02-6615-4a4e-9abb-8519a3bb9c65
  474_5043b011 [A1BZD,A1BZB] -> 87076a71-2c80-4832-aee7-f48d980f4475
  475_74349f57 [X2N] -> e2832faa-841c-4352-992a-da9ea63d6879
  475_83a489fa [TPF] -> 188f3ba5-2223-4894-b572-24dac6ffe9ac
  475_c96c5508 [U51] -> 0fa5c7bc-72e4-43cd-8224-503849a5803b
  476_042e6596 [9PL,OID] -> 6f21b4a2-f161-4466-a31c-c4345ea57d45
  476_042e6596 [LC4,OIO] -> 5605d438-bf9b-4984-84f7-a8836af87282
  476_1eccdb5d [PB2,PB2] -> 3ce02d32-807d-47d6-bcc6-65685784bebf
  476_1eccdb5d [TMI,06X] -> a34af511-900a-48b2-a97a-0413e0d4eae0
  476_1eccdb5d [CPZ,CGE] -> c179f347-0d9c-4195-a3f0-c5996ef152ca
  476_1eccdb5d [TB2,TIC] -> f5c3f82f-61c9-4111-9300-13eff07fdcbb
  476_1eccdb5d [0BV,8PR] -> d0138c87-0b5c-46db-9f18-42ace8548425
  476_5965a73b [CPZ] -> 7a9fa52b-6ba1-47dd-901b-dfa863d7111a
  476_7621de71 [CPZ] -> 84503a4d-0bab-4b21-a6eb-ddb6cb2272ab
  476_84104a34 [9PL,D2G] -> 0981de06-11ff-4d48-952c-8d7bd1c80ea8
  476_84104a34 [D3G,D4G] -> 7149b269-365d-4b6b-9426-f96a5368e9c8
  476_84104a34 [D1G,NCT] -> dcd54551-7fc5-49ec-aa94-46a1a8d67a38
  476_84104a34 [8MO] -> 992adf33-dc16-4b2d-b145-2275cccf3e20
  476_aca4f268 [0QA,9PL] -> a7dcee87-2a91-4d72-9193-297ec419f091
  476_aca4f268 [0QA,NCT] -> 2ff54e8f-2f19-4f6e-815f-aaddbf94a7f8
  476_ec577891 [06X,3QU] -> f3c5d18d-755d-4b26-a058-ee8b79f895a7
  476_ec577891 [3QO,CPZ] -> 1244f233-ed55-49f9-a194-d2a6d99feaa7
  476_ec577891 [9ZJ] -> be2a2614-ef19-402c-a401-54fb877737dd
  477_a506c224 [LFV] -> c8326b52-7eff-493e-9e22-86b6412798dd
  477_f6ac8610 [6RJ,XI1] -> cee7a1a1-146e-4928-b3f7-4ae94c68ea24
  477_f6ac8610 [FLP,6YF] -> 82d039cc-6b76-4ba9-b19c-06235ded32ab
  478_9f6a0c23 [1CI] -> a4a05f55-6710-44ca-8a85-cc7a2fd8864d
  479_af4ae158 [PN0] -> fb02f4ef-dae5-43b4-b928-ce515a5d6dee
  479_f5b99101 [SI6,PN0] -> 078bdedb-c308-44aa-8e07-253621bc8546
  479_f5b99101 [PN0,SI5] -> fdb0712a-200e-4700-870a-47206edba8df
  479_f5b99101 [AJN] -> ad402b70-96f5-48e5-abdc-2897776c7fad
  480_0010cf69 [CL6,RIT] -> 6a4ab054-9dc2-4274-9996-d925a71692b3
  480_0010cf69 [A1BNX,MWY] -> 5c6541f1-42f5-48b4-a60d-ab5ab5d954e4
  483_4a1aae09 [0T3,1CA] -> e98d001a-f806-4059-8d2b-641aeca29ef2
  485_6cd5c2fe [KLN,RIT] -> c21a53ce-4e1e-4336-80be-d123aaf16c6d
  485_6cd5c2fe [MYT,ERY] -> fcd9faef-5b3c-44c2-9ff6-2e5bd6217377
  486_ee37fc5f [HC9] -> 05252ae1-0bba-43b6-9d16-11defd173a1b
  486_f605e37d [CL6,A1ASQ] -> ca33e0e7-dd0a-4df5-a6ee-8175ad2dfae4
  486_f605e37d [A1ASU,A1ASV] -> b3acf87f-a900-4e23-8e1d-8a1e4424b9fc
  486_f605e37d [A1ASP,A1ASS] -> 8275ef00-08d7-4056-baa9-f7039fc55cef
  486_f605e37d [A1ASO,A1ASR] -> e4fa6d8a-8686-4a87-b906-922532265f6a
  486_fe430384 [MYT] -> cd27c17a-a34a-42cd-9470-3b329e1bd29b
  487_32859637 [X1O,X4E] -> f1112f47-39cb-403d-b516-dfd428569d5a
  487_32859637 [X2Q,WZN] -> b4133079-51aa-45ac-8c46-3ec616302045
  487_32859637 [X1I,X2Q] -> 859be874-6a0a-4bbd-9475-ba2cc519e5f0
  487_32859637 [X1C,8AW] -> 35588b32-8b2b-4a85-b5ab-f606247abbfe
  487_32859637 [PKT,T0K] -> 6dfb849c-27db-4025-8f32-87aa2c6abdff
  487_32859637 [O3L,X0E] -> f713bc0e-7390-4150-ad45-6c54ca35ca04
  487_32859637 [A1A4S,7AW] -> be17b97c-141f-427c-aa6d-1a82d4f85621
  487_32859637 [NH0,X7D] -> ee351057-5e79-4147-867b-1580a4148a90
  487_32859637 [X6S,NI6] -> 1d2948dc-8c25-4702-92fb-56340ea36240
  487_32859637 [X6V,Z8Z] -> de48612b-42fe-447c-a1d0-4808aca2b273
  487_32859637 [NJO,6AW] -> d0170305-e390-4cc4-b2a2-1bac32569d96
  487_32859637 [D0R,X5Y] -> 7ff4fd37-38d8-43d8-926a-95555c929861
  487_32859637 [X71,J9K] -> 7911f39e-6662-4128-8402-f592d95196f2
  487_32859637 [A1A07,D81] -> c0f3a3e9-10f4-4ebf-8377-c3e8170cb658
  487_32859637 [Z9Z,A1APA] -> 1927a114-47c3-4098-874a-efa6fe69d6cc
  487_32859637 [A1A4T,RIT] -> 7619c054-8e42-48c3-970d-e614b3c29f62
  487_32859637 [1RD,X7M] -> b4ea2e38-4c60-4219-9e15-610ac7d7844f
  487_32859637 [A1A08,A1A4V] -> 53b60932-2a4c-4e0e-9b3b-cccf5e961a97
  487_32859637 [A1A06,X7P] -> 20d0b52e-f1cf-4fd9-ba29-4cb1d6abcbbf
  487_32859637 [QEP,A1A4U] -> 8c53476c-9f55-47ed-8051-f89f6784b47a
  487_32859637 [X2B,G0V] -> 0a856617-1368-40a8-9ded-27d6043db974
  487_32859637 [D7J,Y83] -> c24782bf-7c72-4882-ae19-3f58819bf3a9
{
  "jobs_submitted": 150,
  "total_jobs": 2946
}
