51 of 185 targets have an MSA
rep 0: 2 pairs to fold
  470_03aefc00 [T9H] -> ffddc20c-62b3-434e-902c-1747b7ebed43
  486_fe430384 [MYT] -> 0a243bd8-4ced-481d-bda8-66ed79a6990d
rep 1: 14 pairs to fold
  470_03aefc00 [T9H] -> fe42fdb8-9cbe-4fb3-969f-b7d9d1fce082
  473_4b734b6b [TPF,TPF] -> 8e447597-17c0-4147-8239-5bfafd822ba3
  485_6cd5c2fe [KLN,RIT] -> 61126db9-a52c-48e7-a4f8-67842e6842fe
  485_6cd5c2fe [MYT,ERY] -> f4d50fd3-9540-4da3-b435-5223690c7304
  486_fe430384 [MYT] -> 4c3ce486-676f-4e47-a20f-e03d3ed118ab
  487_8538537b [X74,X7J] -> 48c653ab-f6b9-4281-8333-e0bad70662e4
  487_8538537b [NXR,NYF] -> 8b11d432-10e5-4969-ac0e-ce0596dedae6
  490_6a8e1ea2 [X2N,VT1] -> 12b6e779-b07a-49a4-b2b8-97c81fc12750
rep 2: 50 pairs to fold
  396_672140e8 [9KE,9KB] -> 554014c7-9746-4e3d-8419-e48fcb8ddf8e
  396_672140e8 [69M,TZM] -> 589cb0a7-629c-4b6d-a432-338ce5a7856f
  396_672140e8 [GGJ,69W] -> f9710ca4-04b7-4739-b8b2-6dec0ff62386
  396_672140e8 [TPF,MQN] -> 18c971f2-277a-44eb-8fe3-f9546e8ced8e
  396_672140e8 [69S,KEQ] -> ea2d75eb-5506-4b23-b440-46cfc4d2b341
  396_672140e8 [KEZ,Q47] -> 6a00474e-4062-4ed1-9430-1d916d1cae3a
  396_672140e8 [KEH,N5Z] -> 54f67e9f-829d-4da4-be3f-f6f30f599999
  396_672140e8 [N5W,KEB] -> ec3d1fbc-75de-46e4-9f31-3e7c593d8088
  396_672140e8 [KEW,ULZ] -> bba31d48-9417-4eff-8b21-614c20d07c4a
  396_672140e8 [OUC,KE5] -> bb388498-6f4b-45e6-8a5c-8417ec117740
  396_672140e8 [N55,R2H] -> a0a764f8-df05-43cf-807d-a57266844dc3
  396_672140e8 [KE2,YTT] -> 46cb148c-93c7-461b-a304-7f256ed0cdf7
  418_eb9ea735 [3QO,K2B] -> 722d67ce-cfdd-4dee-b17d-3b8c824da6b8
  454_40de364f [JKF] -> 01134bab-67c5-4f98-b09f-b680201f115a
  461_b17f2608 [ECL,ECN] -> be162cfc-c63d-44b3-ab9d-ba1526014ae6
  461_b17f2608 [KKK] -> 5b17f5e1-37e8-4ffb-b84d-492ea763aff1
  470_03aefc00 [T9H] -> 381fd3fd-cb75-47d7-835b-c79d7a34edff
  473_4b734b6b [TPF,TPF] -> f4972c8d-5fdf-46f2-9585-c8f968a63da6
  476_aca4f268 [0QA,9PL] -> 80087dc0-9812-4b5b-8952-c19559b4fc5f
  476_aca4f268 [0QA,NCT] -> 734fce0c-5828-43d7-b5c2-566034ae2f5d
  477_a506c224 [LFV] -> ec7ec80c-c9f3-47d3-89e4-27603bd1717d
  485_6cd5c2fe [KLN,RIT] -> f5c2dd49-3e7a-4d66-8922-0cd863b4b9b5
  485_6cd5c2fe [MYT,ERY] -> 033b4c9a-5979-463a-8441-6ef6df2a8482
  486_fe430384 [MYT] -> ce5ae1a3-8f76-46e7-b337-a07a6c639054
  487_8538537b [X74,X7J] -> c50d2e6f-08c8-48ac-b5b8-4d11f3e4ca3c
  487_8538537b [NXR,NYF] -> eca18bee-cb22-4902-8e58-e52f18df1f21
  490_6a8e1ea2 [X2N,VT1] -> 8be8eb56-230f-45ae-a491-1b28a62f6380
  515_00bd6347 [1YN] -> ea18f21e-0554-4fc5-8d90-e835dd6ad5e1
rep 3: 65 pairs to fold
  396_672140e8 [9KE,9KB] -> 1db1a26f-d5a5-48aa-ac85-1a21dc8a4ecf
  396_672140e8 [69M,TZM] -> b4cba786-ed0f-4dac-ba29-9ee71a724f68
  396_672140e8 [GGJ,69W] -> 5490f4a9-3d35-4e08-a3b5-40a43266ed78
  396_672140e8 [TPF,MQN] -> 49fddc60-d374-41dc-b816-9e2722c584ec
  396_672140e8 [69S,KEQ] -> 707566c6-0396-46f5-88bc-05f3d5b8a821
  396_672140e8 [KEZ,Q47] -> 49fe35db-d96e-4553-8d46-1222a8703321
  396_672140e8 [KEH,N5Z] -> faac5194-2258-462c-9067-fca261cd201e
  396_672140e8 [N5W,KEB] -> b6571b3f-5ed4-4b99-a6a3-d3f3f16bf03b
  396_672140e8 [KEW,ULZ] -> 3767601c-76a2-4dbf-bb24-724f8c6047f1
  396_672140e8 [OUC,KE5] -> a1ee5675-6d5b-49fc-80f7-99a10085fb33
  396_672140e8 [N55,R2H] -> 07eef06a-c2ac-4567-92e7-3750250a68c9
  396_672140e8 [KE2,YTT] -> 2d92024f-2db2-4d22-8f20-4fdfe1ff129d
  418_eb9ea735 [3QO,K2B] -> aa85953e-e1a4-46d5-9dca-f1c55097c2c8
  435_b1170faa [M8N,K2B] -> e18c2ed3-3d25-4870-82f6-028a5bd31f5e
  443_05636834 [VFV] -> 5d7a2ada-3291-4e80-9268-d29b11ebeecf
  446_68e6f289 [VFV,PJM] -> e273b3fc-772e-418c-ac0c-9c898a6313e3
  454_40de364f [JKF] -> 312e7e0d-3c89-49f9-8397-0438f4bf7b12
  461_217b532e [NEE] -> 346f5f0d-1489-47fc-9a87-188d37191312
  461_b17f2608 [ECL,ECN] -> 84482a02-003c-4d1c-a924-79640b04257d
  461_b17f2608 [KKK] -> c16ce955-38b6-4a89-82b6-d45f7f52c3f9
  467_6a91af88 [26N,TW5] -> 3763d283-6656-4f03-97ad-b43eb01eba7b
  470_03aefc00 [T9H] -> 4f340d39-3f0a-4292-a291-f03b760bb677
  473_4b734b6b [TPF,TPF] -> 4133401b-4d49-4a62-9239-1c4bb6bd1c48
  476_84104a34 [9PL,D2G] -> 3d654d03-2fe3-46d6-a3b6-6a9bbf341ec9
  476_84104a34 [D3G,D4G] -> 7c06621a-5741-48e7-a1b7-e35c88f8c77d
  476_84104a34 [D1G,NCT] -> 0a78d562-5369-4e4d-b798-261bd204dc46
  476_84104a34 [8MO] -> 536d9c60-0658-4a42-827a-fcc5219a6038
  476_aca4f268 [0QA,9PL] -> 2edc4292-ef9f-45ac-afb0-c913401eb08a
  476_aca4f268 [0QA,NCT] -> 6f04736d-b34a-4a4b-a13f-4a2122df78c2
  477_a506c224 [LFV] -> 48ae57cb-8366-4534-a82c-bb2b2ae9f4b8
  485_6cd5c2fe [KLN,RIT] -> 59bdf99e-b9d1-4297-9e33-849bbb895959
  485_6cd5c2fe [MYT,ERY] -> 767e4d87-d086-4cd3-89d0-53c11db11c1e
  486_fe430384 [MYT] -> 6279e861-8be1-4172-912e-342933557477
  487_8538537b [X74,X7J] -> 2de28b8f-4993-4b88-b546-95c0721995a2
  487_8538537b [NXR,NYF] -> d670c28f-0701-44cb-a554-34dc08e5abac
  490_6a8e1ea2 [X2N,VT1] -> f3b7cbf8-57af-4aed-84db-3e1bdad7cd9b
  515_00bd6347 [1YN] -> 65ba921c-f025-43c8-9ecf-c7705d1797c1
rep 4: 65 pairs to fold
  396_672140e8 [9KE,9KB] -> c36f2b26-f143-4507-9c72-0783655115dd
  396_672140e8 [69M,TZM] -> 6f10cf20-1aad-4b59-a02b-eeb086477dd1
  396_672140e8 [GGJ,69W] -> 64ad4c15-88ef-4591-8ba5-27fa5bb530ad
  396_672140e8 [TPF,MQN] -> 0636cc2a-0139-485c-9ea6-01721aadb998
  396_672140e8 [69S,KEQ] -> 27c0a734-b63b-42af-b2b1-3a9474013a80
  396_672140e8 [KEZ,Q47] -> 8b679d5a-22af-4cd9-b0db-e767a1fe7bfd
  396_672140e8 [KEH,N5Z] -> fd30d80c-8a90-4259-97d8-109c5138c590
  396_672140e8 [N5W,KEB] -> 4e441875-f57b-4b63-9bbc-bfc595a6606d
  396_672140e8 [KEW,ULZ] -> bb6f3ea6-d5c8-420a-95ce-169b0bf8001c
  396_672140e8 [OUC,KE5] -> be5e2cfc-f99e-483e-8759-d31abe7d98e3
  396_672140e8 [N55,R2H] -> 072ea976-8f71-4efc-aca5-cab9bc39fe6c
  396_672140e8 [KE2,YTT] -> 0f95901c-775c-413e-b294-a16204ee5095
  418_eb9ea735 [3QO,K2B] -> 32408799-d3c8-49af-bf52-a9cf8b5a9130
  435_b1170faa [M8N,K2B] -> f91ed12a-b4f3-41e9-ada9-5ed27b44d011
  443_05636834 [VFV] -> 2e56126b-0cfd-4cad-aff1-611c23f45afc
  446_68e6f289 [VFV,PJM] -> 08b5a295-922c-4257-801a-999334ae8d07
  454_40de364f [JKF] -> 7c7ed2dd-9e3a-4782-b68d-436555751fbb
  461_217b532e [NEE] -> d0334863-d2b4-4796-ba69-03adafbec824
  461_b17f2608 [ECL,ECN] -> e71c77e8-6ed2-4ca9-b374-7990c15b3a44
  461_b17f2608 [KKK] -> 0a142a4f-290f-4488-b623-72465a0a99de
  467_6a91af88 [26N,TW5] -> 14a04415-ea0d-493b-aca3-a1d5b5957d3c
  470_03aefc00 [T9H] -> 9485d6f2-9dd9-4e87-a195-eb7766b01ebf
  473_4b734b6b [TPF,TPF] -> 3c7f69f5-2601-40ef-a0d4-b7825e40af0e
  476_84104a34 [9PL,D2G] -> 91cdcaa1-fa22-46a8-b9ef-68e16fddc75a
  476_84104a34 [D3G,D4G] -> 84e9d396-6117-40e4-b75b-014c3f43b778
  476_84104a34 [D1G,NCT] -> 3b7e0d19-dff8-4f3a-98d9-c60ce25f6435
  476_84104a34 [8MO] -> c34a03fd-5f57-445b-abe6-b2a510751cb4
  476_aca4f268 [0QA,9PL] -> 65756a1b-8aad-4f52-aaea-c3b35260f61a
  476_aca4f268 [0QA,NCT] -> eac5d8d3-cc06-401b-b156-c25cb792aa2f
  477_a506c224 [LFV] -> cfbd2246-f83b-4d73-9a80-536c1c641b37
  485_6cd5c2fe [KLN,RIT] -> aac07c18-d81f-4073-9c34-88f82e0ec6f1
  485_6cd5c2fe [MYT,ERY] -> 0fc7b4fd-50d3-49b1-82d6-d8971288f542
  486_fe430384 [MYT] -> 342a59b7-a002-4a8a-a1c9-6d25d404a00a
  487_8538537b [X74,X7J] -> f736e974-ecb9-4167-bb19-b4d7f505ba51
  487_8538537b [NXR,NYF] -> 39b7abac-b9fc-4259-aa56-9ee4aae41e4c
  490_6a8e1ea2 [X2N,VT1] -> 957099be-9101-4dee-bf59-1d5eaed6ff55
  515_00bd6347 [1YN] -> af58fd0c-f117-4cb1-89ce-0706f7591df0
rep 5: 229 pairs to fold
  396_672140e8 [9KE,9KB] -> a2f4e53c-ac2b-450e-9a9f-58d1a7d40830
  396_672140e8 [69M,TZM] -> cb814a8f-163d-4e01-8da7-af9881d5e492
  396_672140e8 [GGJ,69W] -> c17bef21-eff5-4ab7-ab16-067f6b822202
  396_672140e8 [TPF,MQN] -> bf265f95-5a1f-401e-a9fd-81e567b1bb65
  396_672140e8 [69S,KEQ] -> c80b2622-b6ba-4f9c-80b3-30021499692f
  396_672140e8 [KEZ,Q47] -> 09beb57f-1c0e-4727-a6f0-821f801f5b4f
  396_672140e8 [KEH,N5Z] -> dafc2d89-7697-4c01-878d-223988ad993c
  396_672140e8 [N5W,KEB] -> 8a9d3f92-87b1-411a-a27d-b67d51473e12
  396_672140e8 [KEW,ULZ] -> 7a996cee-6aaa-4e57-aadd-f9b848dad172
  396_672140e8 [OUC,KE5] -> 660c55e8-1f0d-4c34-8e4d-e68fd4543add
  396_672140e8 [N55,R2H] -> 21d266ed-2a49-4445-9a9e-f0a2fc4cc918
  396_672140e8 [KE2,YTT] -> 39c7aad8-9627-4646-b7ae-512ab72e2916
  411_e3e8183c [EY5] -> 19bac98f-a74c-4602-8333-fefa82f2a0a3
  414_949a8532 [KKK,6XF] -> cd224db1-1e1f-4694-a5f2-56fe2161eb64
  417_0e6cd8b9 [PAM] -> fad07df7-e0c7-4718-a806-d71debcb5cc2
  418_eb9ea735 [3QO,K2B] -> a87690c7-351a-4f24-9224-526a10d82010
  435_b1170faa [M8N,K2B] -> b3c4809b-a9c5-4c12-945a-3a9ced4b0307
  443_05636834 [VFV] -> 96c7315e-8be3-452f-ba63-f8dc768de408
  446_68e6f289 [VFV,PJM] -> d75dd34e-3e64-4a51-bf9d-f5529eff801c
  448_7a54e61e [VFV,VNT] -> c5295050-d223-4b20-b5c8-2f4056a89878
  450_9c481af8 [VNI] -> 0a22c6c4-32a4-4c59-8966-4df969177f38
  453_3fc5a1f6 [TPF] -> f67f2d19-37c2-4d16-afc0-72b59aa28058
  454_40de364f [JKF] -> 6399bff6-774b-4a6a-be32-da5ffaf8588a
  455_d4843705 [TPF] -> 38ba028b-1eab-4e67-bb56-6827004a8834
  458_c4bcedc3 [VNF,POZ] -> cf59de15-7226-47ca-b99a-5f535d0bf627
  460_2af8865f [LFD,LFS] -> 14634f5a-23b1-49a1-9e2f-f37b69b60e15
  460_2af8865f [LFT,VT1] -> be84b2f0-3e78-4d93-bee2-95ddb74f7f16
  460_2af8865f [UDO,UDD] -> 9c6f29a1-1164-486d-83db-ece0d525bfe7
  461_217b532e [NEE] -> a773166d-54b6-4eb0-bfb3-0e7b290067bb
  461_b17f2608 [ECL,ECN] -> 84669f2e-f191-4502-b921-b133f1101774
  461_b17f2608 [KKK] -> 43f2fa0b-ea89-4461-89c0-f55597e938d6
  467_6a91af88 [26N,TW5] -> 0d020038-e397-4774-92ad-9d67f0724381
  467_acd53678 [5PS,J5Y] -> f0e29822-2ddf-490c-b86d-e85eb06a1faa
  467_acd53678 [TU1,WVH] -> a6643a38-4b48-4418-ba77-2f3fc4aa5262
  467_acd53678 [25S] -> 1c0b1898-8b16-4834-b567-d7160d793154
  469_ec879091 [18I] -> f986136f-109c-410b-86f8-17c0a4146796
  470_03aefc00 [T9H] -> 6353e3b0-315d-4b24-8543-f11c8ed3f6f0
  470_4634f49c [VNI,VOR] -> 8acf1695-7ac8-4f42-aaa8-0e7dee2e9c74
rep 6: 264 pairs to fold
rep 7: 264 pairs to fold
rep 8: 264 pairs to fold
rep 9: 264 pairs to fold
rep 10: 264 pairs to fold
rep 11: 264 pairs to fold
{
  "jobs_submitted": 150,
  "total_jobs": 1098
}
