41 of 185 targets have an MSA
skipping 24 pairs esmfold2 cannot fold
rep 0: 33 pairs to fold
  435_b1170faa [M8N,K2B] -> 32158a9a-ce00-44b9-94c0-8c220a3c5672
  443_05636834 [VFV] -> a9f28c2b-f81b-4063-b5fb-b95cea6892da
  446_68e6f289 [VFV,PJM] -> cb372a44-1e8a-4077-95cb-71bc2cb316b8
  460_2af8865f [LFD,LFS] -> 2ecab89c-bb23-4419-8382-6ffe724e9120
  460_2af8865f [LFT,VT1] -> 0bb1b74a-49e3-4965-959b-a556d9078e0d
  460_2af8865f [UDO,UDD] -> e7495493-5fc8-4dff-a061-bd62f81d0434
  461_217b532e [NEE] -> 2487db86-9d81-4f18-a55c-4e07b22f6529
  467_6a91af88 [26N,TW5] -> 6e957293-8319-4bf0-b5d2-616bb898fd1e
  470_4634f49c [VNI,VOR] -> a5cba139-bb69-43e7-add2-884780fe18a0
  476_84104a34 [9PL,D2G] -> 13bc1a4d-2363-4206-a4c9-58cbfeb12a3a
  476_84104a34 [D3G,D4G] -> 2d7794ae-86ea-4821-b90c-bf7fc9bfe9b5
  476_84104a34 [D1G,NCT] -> 437fbeee-2aec-4f87-a113-a75bc223697b
  476_84104a34 [8MO] -> cef7c215-b1b9-4b01-952f-7e53299ee13f
  476_aca4f268 [0QA,9PL] -> 750c1730-09c5-4acc-810f-27a67871b706
  476_aca4f268 [0QA,NCT] -> 8f994946-7920-4726-a6d3-4efb7931174a
  477_a506c224 [LFV] -> 51e10408-a427-40d4-944c-2e408de3fcfe
  497_9e5b0951 [V16] -> 6c26ddaf-c01a-4036-899e-47e791ed030d
  515_00bd6347 [1YN] -> 64b09516-3727-41e1-b381-f59a6d0e1aef
  539_5aebb388 [SKX,A1AB6] -> aa0d3c67-8614-4623-a7d7-0c50180fd81a
  539_5aebb388 [1YN] -> 5f6e1fd8-843d-422b-bdbb-160207d6c8f2
rep 1: 33 pairs to fold
  435_b1170faa [M8N,K2B] -> 508ca8e1-f836-4a6a-b84c-1063c6ada378
  443_05636834 [VFV] -> 49c877be-8e52-4be3-8e2d-8576044aa0dd
  446_68e6f289 [VFV,PJM] -> efb354ef-18eb-4a28-88de-d8f541c12d83
  460_2af8865f [LFD,LFS] -> ba4b0a54-dd62-4b5b-86a4-78c4fa4227f3
  460_2af8865f [LFT,VT1] -> 72c0ae3e-ff00-4876-9d66-237210917ff8
  460_2af8865f [UDO,UDD] -> 71150085-7c39-47bb-9f94-462c3deef51e
  461_217b532e [NEE] -> 5984461d-cbac-49c1-8340-f55edf7b6a14
  467_6a91af88 [26N,TW5] -> 00c64eda-3f7a-42bf-a9c0-27ac908fa5c9
  470_4634f49c [VNI,VOR] -> 5759bee4-40fd-4fa3-9dae-eddc498a1faf
  476_84104a34 [9PL,D2G] -> 03c28822-e426-4509-8dbc-4db45ca53233
  476_84104a34 [D3G,D4G] -> 875e0a3a-8527-4c82-92ce-47c3df943c95
  476_84104a34 [D1G,NCT] -> fe5a5f85-867d-45cb-9ee4-85ee8e111960
  476_84104a34 [8MO] -> 7309fb8c-c91d-459b-84ae-842e4a1582de
  476_aca4f268 [0QA,9PL] -> abb8ccc8-150a-4399-afa1-82b7ecc3f037
  476_aca4f268 [0QA,NCT] -> c76599ce-08ae-4db8-a6b8-7ac19a12376e
  477_a506c224 [LFV] -> 462798bd-c0c4-4124-bd78-dec1b10caed5
  497_9e5b0951 [V16] -> 659844d0-1df8-461b-9110-60daa223e7d0
  515_00bd6347 [1YN] -> 91308a5a-741c-486c-9bd6-87c64b2b443c
  539_5aebb388 [SKX,A1AB6] -> d0b34585-dead-4323-a4d4-4a5f22bff6af
  539_5aebb388 [1YN] -> 32c7160f-a71e-492b-a239-4dc88ee1c076
rep 2: 74 pairs to fold
  435_b1170faa [M8N,K2B] -> fe4774e5-fe2c-4fc1-b347-d2bf37f88bb4
  443_05636834 [VFV] -> 1923a054-c5b7-413e-ace6-06ff79c3cfc7
  446_68e6f289 [VFV,PJM] -> d81842dd-ac4c-4deb-8e7c-8873cea672b4
  460_2af8865f [LFD,LFS] -> 8521f9ad-ec23-4464-8c6f-511abfb0c12c
  460_2af8865f [LFT,VT1] -> a4db7ef6-2a5c-427a-ab20-68c6b13fd398
  460_2af8865f [UDO,UDD] -> d2298385-1ca1-4ad0-be8d-c9cd8f737ac4
  461_217b532e [NEE] -> 5ad51b3a-a33a-4ce0-a0e3-6fc02265c34c
  467_6a91af88 [26N,TW5] -> ca954fd8-a258-4f56-9dde-e18348bf8be9
  470_4634f49c [VNI,VOR] -> 22abbaf0-f73b-4c71-b6cb-4f7942db8d54
  476_84104a34 [9PL,D2G] -> ef9d61b4-0bd3-4b45-9386-8419b3477821
  476_84104a34 [D3G,D4G] -> 2fb4b96e-7c43-4685-bb6f-37b494721937
  476_84104a34 [D1G,NCT] -> 3e30c422-6f73-488a-b2b2-befc8be9db51
  476_84104a34 [8MO] -> caa7469e-c614-4fea-92f2-f35eb992a218
  476_aca4f268 [0QA,9PL] -> 2117ba0f-2b29-47b1-bb2c-c1d6b7a197c2
  476_aca4f268 [0QA,NCT] -> 2b95f442-37e9-4aba-b2b8-5b935ecb0b14
  477_a506c224 [LFV] -> 347619a8-4222-4ec4-8ae3-e428efc52275
  487_32859637 [A1A06,X7P] -> 47fc5dac-fd27-482a-9935-47f600e98ad1
  487_32859637 [QEP,A1A4U] -> 96e7d55d-971a-4a62-8443-17f2ea262680
  487_32859637 [A1A4K,G1J] -> 85ccfe69-404d-4603-a8be-8679fa499c26
  487_32859637 [80K,X6J] -> 5b009b25-3360-4960-a00c-792e2d223696
  487_32859637 [G0D,D7M] -> 1e88be4e-c11c-4efd-b1ca-0de4e7c3d10c
  487_32859637 [DEJ,D7Y] -> 0b720fa0-b223-451f-8098-0c8dbe18f890
  487_32859637 [O39,NJ0] -> e530fa72-6691-48ae-9b7f-668fe59f1616
  487_32859637 [QDP,MYT] -> f4a857fd-7510-4ab8-b2c3-1ddb4923d8c9
  487_32859637 [FZV,QEA] -> d9d34feb-79fe-46f3-81d2-03b653a86ebc
  487_32859637 [QES,5AW] -> afa8223a-6dd2-429a-a742-6bf3fba84231
  487_32859637 [QE4,DJ1] -> bb037aef-d67d-4868-bc30-472e13c03c6a
  487_32859637 [DEV,G0D] -> 54fd7478-014f-4519-aab4-d940d87e3e1c
  487_32859637 [QDV,QDJ] -> b1fe507b-8057-48f7-b8a8-ecf67e59058f
  487_32859637 [G0J,FZV] -> 40a0d212-2915-4c54-b564-57a0d62e6df2
  487_32859637 [QDY,08J] -> fee6c097-1ddc-4419-948f-6e036153cbcc
  487_32859637 [CFF,08Y] -> f8968c0a-51fc-4c01-b18d-25ab6a00e2c4
  487_32859637 [MWY,A1CIW] -> 001b0f44-4bcd-4f1e-8166-54755e7b50eb
  487_32859637 [MWS] -> 994117bf-45d9-4e73-9d71-349749caa2db
  487_ecbf61ae [RIT,08Y] -> f318f03b-3d1c-4850-a59d-a7845b1277e0
  489_d6dd2913 [QHC,O4T] -> b263f378-b7bf-4e6c-b3f0-a876ce7d9566
  489_d6dd2913 [O4W] -> 32cd64e8-9803-44c9-876e-1b020486f7ff
  497_9e5b0951 [V16] -> 784154de-24b6-4f9b-91b1-b838a2bf1bf0
  509_e452cdaf [AER] -> 8ce8510b-0d81-4e59-9d62-a2d365175f6e
  515_00bd6347 [1YN] -> c32e101a-5514-4a67-9e15-852b659772b2
  539_5aebb388 [SKX,A1AB6] -> 1d7dc9a7-47ab-4292-bfdc-f3ca942dc20f
  539_5aebb388 [1YN] -> 10e9b3b4-efd1-4e94-9f93-b56a9e1acedc
rep 3: 196 pairs to fold
  368_3c6d23e6 [36Y,CPZ] -> 0dc837ca-c83b-4c91-bd54-9cad321c4c26
  368_3c6d23e6 [3SQ,36Y] -> 658b4439-eaef-4820-a2c2-e3fc0065ca6b
  403_e7509160 [KTN,9AP] -> 52e6f007-865d-455b-8669-58ec5d291620
  403_e7509160 [ASD,DEB] -> 8177a8ec-9219-45b6-b4f9-dde14f863b18
  410_bc4a20dd [PQM,PQP] -> 85dfbd60-01a4-464b-ae75-52eab7e1c1fb
  410_bc4a20dd [LVC,L4I] -> 0019c645-be27-4396-a5f9-f3bcb7100d9d
  410_bc4a20dd [M4F,L3K] -> 189d7538-3404-4aff-b37a-48f9084a708e
  410_bc4a20dd FAIL HTTPError: Status code 400
on resource: https://api.openprotein.ai/api/v1/fold/models/esmfold2
{"status":"Invalid request","error":"invalid request: batch item 0: invalid 
  410_bc4a20dd [TWO,8ZU] -> f9f6b3b9-a8a8-4dd8-a9b1-9dcac123bdb0
  410_bc4a20dd [K3Z,QDB] -> e5b2f69c-8757-4985-a4b7-222088903d1f
  410_bc4a20dd [1F1,ZRS] -> fa2ac72f-c7b3-49c9-9a0c-27c3c92096c7
  410_bc4a20dd [LVK,KQR] -> 311d3f70-8849-4211-9f8a-3b6e09685369
  410_bc4a20dd [VLG,PQS] -> 61640cbc-cc25-470b-955c-21c395b86b4e
  410_bc4a20dd [KQF,Z7Z] -> b4cde9b4-e552-4d3e-8531-b744a96a6be6
  410_bc4a20dd [JO4,JO4] -> a5272f9d-aec6-42ef-9cee-156d8b2eb911
  410_bc4a20dd [FIV,JO4] -> 9bdec4e2-dcc1-4518-8f7f-ab2d89557ff0
  410_bc4a20dd [JO4] -> 5e37a686-5c2c-4642-8740-b635248e738e
  411_e3e8183c [KLN,CL6] -> 955464d7-7104-4b1a-a9ce-d73792357e1d
  411_e3e8183c [EY5] -> 7992786b-ccee-4b11-b519-8ecde256a2a7
  414_949a8532 [KKK,6XF] -> e70e6eaa-7d0a-4bec-8013-520c495473ed
  417_0e6cd8b9 [PAM] -> 426269ea-c83b-4df7-8087-a5860a5c958d
  435_b1170faa [M8N,K2B] -> a40a2b86-fc6e-4f75-8b79-92822f196d74
  443_05636834 [VFV] -> ee80a213-8fd6-473d-aefc-740298140068
  446_68e6f289 [VFV,PJM] -> f4527ccf-f784-4dd7-b186-37c519f548a9
  448_7a54e61e [VFV,VNT] -> 87129eb6-c5be-4a9c-8531-c90558b0d83f
  450_9c481af8 [VNI] -> 258c54d6-3153-4272-b13f-f4b7d45a410b
  453_3fc5a1f6 [TPF] -> ca6e8e80-e007-4108-ad4b-7479f73d3564
  455_d4843705 [TPF] -> b677fb03-b9a1-4bbd-bb10-623e539977a4
  458_c4bcedc3 [VNF,POZ] -> dee711fa-2ffb-49ca-961c-02d3fdb1f58d
  460_2af8865f [LFD,LFS] -> 3ec64aa7-10d8-4141-8b0e-19d8a4aaf0cb
  460_2af8865f [LFT,VT1] -> 42100685-05e4-4b4e-bbe2-7b27d3b889e5
  460_2af8865f [UDO,UDD] -> 6971df98-b41c-4e8e-b7a5-4265fa66b8e5
  461_217b532e [NEE] -> 3e35b12b-f829-49da-8f91-444e51bb2bb9
  467_6a91af88 [26N,TW5] -> e220114e-31c7-471f-8595-189061057d27
  467_acd53678 [5PS,J5Y] -> 285106c7-1b3b-4db3-910c-d8c6cfdc5fe1
  467_acd53678 [TU1,WVH] -> 600fcf22-f881-4ca1-96e7-26b83ae1c1f6
  467_acd53678 [25S] -> 8f07c9b4-39b6-45e6-9064-3e7845f5a52c
  469_ec879091 [18I] -> 5e08464a-0bc7-441d-9306-50ab120688ab
  470_4634f49c [VNI,VOR] -> 776d7c7c-2f4e-4331-9f19-7cd30983ea1a
  473_ca85e740 [VT2] -> fae9e5ec-0243-441a-8166-ace59a39510f
  474_5043b011 [05D,YCG] -> 00e190fa-43b2-4362-91a7-107dae24ad7e
  474_5043b011 [A1BZC,0I1] -> dc18333b-c0a6-47f2-b51d-21f791f55acc
  474_5043b011 [YCJ,A1BY9] -> eb798311-4d25-4ee9-aa98-85dc0628db98
  474_5043b011 [A1BZE,04Y] -> ddc22fed-59b1-479e-a113-87de28eafc2d
  474_5043b011 [YBS,A1BZA] -> aee4a8f2-61ee-4f73-9952-eb59cf9a6a02
  474_5043b011 [A1BZD,A1BZB] -> 21c4f369-920d-478c-a0a6-9360b06a6d2e
  475_74349f57 [X2N] -> 8f8a0ca7-beac-4028-b1bf-f25dbff74605
  475_83a489fa [TPF] -> b971d0f6-c2aa-49d1-ac6f-60786fdf4610
  475_c96c5508 [U51] -> 920cb906-5ae1-416b-9775-48af1e5233ec
  476_1eccdb5d [PB2,PB2] -> 2ca09253-b040-4a36-b074-88ea2effbb3f
  476_1eccdb5d [TMI,06X] -> a603ee7b-157f-4d82-b22c-66a6e00166af
  476_1eccdb5d [CPZ,CGE] -> 544b999f-041c-4089-bb27-e2d926a1e219
  476_1eccdb5d [TB2,TIC] -> 4bce9f5f-4c79-45d7-b842-02b89441e3e8
  476_1eccdb5d [0BV,8PR] -> 5c3c1a13-49c5-4e34-ac2f-bc373d3b5c20
  476_7621de71 [CPZ] -> 0c928954-dcd6-4d9c-8108-7d6e83c6b2c2
  476_84104a34 [9PL,D2G] -> 010389b4-8ca6-45b3-8f26-5d654c59ca46
  476_84104a34 [D3G,D4G] -> bd688e6e-0f6e-42ed-b3d0-93eb99e9784b
  476_84104a34 [D1G,NCT] -> 55b51c21-64ba-4a19-827c-3c6cccd3de69
  476_84104a34 [8MO] -> f74c64fc-f48f-4f29-b0da-843c9b6264c6
rep 4: 196 pairs to fold
rep 5: 196 pairs to fold
{
  "jobs_submitted": 140,
  "total_jobs": 762
}
