26 of 185 targets have an MSA
rep 0: 10 pairs to fold
  475_83a489fa [TPF] -> afa8fd10-f958-450e-a4b5-aa13e2b75dde
  479_f5b99101 [SI6,PN0,PN0,SI5] -> 8ee448f2-53fc-4c27-aa2c-773c18f2d355
  479_f5b99101 [AJN] -> 7f35db43-e308-40f0-b537-cadbb0e8e17a
  489_d6dd2913 [QHC,O4T,O4W] -> 52cd241a-d293-436d-818b-7bd6a49d1dd8
  509_e452cdaf [AER] -> 96769815-9d56-45ab-9119-df141c4d8626
rep 1: 135 pairs to fold
  473_ca85e740 [VT2] -> 4606c5b4-84fa-4c20-85ba-98d94c9cd319
  474_5043b011 [05D,YCG,A1BZC,0I1] -> cd29d8ec-3e1a-4f0c-a854-7e0b11a2a131
  474_5043b011 [YCJ,A1BY9,A1BZE,04Y] -> 1743ef90-d61b-4f42-ad60-cbe7024c43ee
  474_5043b011 [YBS,A1BZA,A1BZD,A1BZB] -> 3f2a4d4c-262e-428d-9285-43fceecece89
  475_74349f57 [X2N] -> 114e54c1-116f-4619-8850-75d1c22945fd
  475_83a489fa [TPF] -> b3d71191-9233-462d-9e38-99abf97190ef
  475_c96c5508 [U51] -> 2a548bae-d2f3-497a-ad64-b9ffbfb83450
  476_1eccdb5d [PB2,PB2,TMI,06X] -> 6362de3b-1e98-4cbc-9ef3-18491af96588
  476_1eccdb5d [CPZ,CGE,TB2,TIC] -> dc662568-99be-41cd-9123-d4fa92c77702
  476_1eccdb5d [0BV,8PR] -> 3e7262f9-c2af-424e-9ec6-0741d2afcc74
  476_7621de71 [CPZ] -> e7807dda-1078-440c-a225-a33008e36276
  479_f5b99101 [SI6,PN0,PN0,SI5] -> e9e675f8-2661-46aa-b3eb-0c7da73723df
  479_f5b99101 [AJN] -> 480ed77d-6ce7-4b75-80d3-22a10b127979
  480_0010cf69 [CL6,RIT,A1BNX,MWY] -> 2fab21df-59dc-4781-a662-5f46de463741
  483_4a1aae09 [0T3,1CA] -> 3560bc72-2420-4aa7-880e-e4b7691e8dc1
  486_f605e37d [CL6,A1ASQ,A1ASU,A1ASV] -> 8b10960f-a5db-4795-8629-b8fba17b205f
  486_f605e37d [A1ASP,A1ASS,A1ASO,A1ASR] -> 28c12cfd-e6a1-402a-97bc-70c56f89223b
  487_32859637 [X1O,X4E,X2Q,WZN] -> d6aa9564-e628-4045-8a17-bc55e2d8eee0
  487_32859637 [X1I,X2Q,X1C,8AW] -> d89f84d3-aa36-47b6-9c64-3f374a18c380
  487_32859637 [PKT,T0K,O3L,X0E] -> 4948a0e1-48a9-483a-b19b-01cd9111102c
  487_32859637 [A1A4S,7AW,NH0,X7D] -> 408678d1-d47a-4e3b-948c-c66b911a6d14
  487_32859637 [X6S,NI6,X6V,Z8Z] -> 5addce2b-e0ec-4e2e-938f-285c5acc9192
  487_32859637 [NJO,6AW,D0R,X5Y] -> fb84fff6-9d5f-4339-a166-d493e9e0765e
  487_32859637 [X71,J9K,A1A07,D81] -> f55b4e06-6e4c-47db-b2d3-1cc7f4d5e13e
  487_32859637 [Z9Z,A1APA,A1A4T,RIT] -> 3f0ed025-347c-4ac5-8ff6-c7c08e72a584
  487_32859637 [1RD,X7M,A1A08,A1A4V] -> 39cd699b-7633-4a71-8d8b-8c2537da9d73
  487_32859637 [A1A06,X7P,QEP,A1A4U] -> c17afe0e-838e-4d07-938d-b110846f5dca
  487_32859637 [X2B,G0V,D7J,Y83] -> f29795dd-2798-4ad5-b43d-47ed462d349f
  487_32859637 [A1A4K,G1J,80K,X6J] -> 63577586-0c79-4070-8fa0-27ceec52128d
  487_32859637 [G1D,G0Y,G0M,WZN] -> 35b16e6d-a714-4c2f-8f6a-0461e29ddc4e
  487_32859637 [G0D,D7M,DEJ,D7Y] -> fc69ebbb-4efe-448e-8f58-eee4393875d6
  487_32859637 [O39,NJ0,QDP,MYT] -> fa05ee39-e96a-4481-9a19-f2e6e8959338
  487_32859637 [FZV,QEA,QES,5AW] -> ec496bd7-2000-40bb-863d-3133accd20c4
  487_32859637 [QE4,DJ1,DEV,G0D] -> 32cf7787-43aa-4de4-9140-4ad4b91bc594
  487_32859637 [QDV,QDJ,G0J,FZV] -> ed71c972-3bb7-4c05-b3fa-5e2c8c78d8e5
rep 2: 184 pairs to fold
rep 3: 184 pairs to fold
rep 4: 184 pairs to fold
rep 5: 184 pairs to fold
{
  "jobs_submitted": 40,
  "total_jobs": 178
}
