22 of 185 targets have an MSA
rep 0: 138 pairs to fold
  411_e3e8183c [KLN,CL6,EY5] -> 509c305c-ddd0-459b-8773-f720f903f1d6
  448_7a54e61e [VFV,VNT] -> 4b283a6f-64ff-4177-9efb-718bde0aa262
  453_3fc5a1f6 [TPF] -> deb8cad3-a723-441c-bb99-201fadb7d65b
  458_c4bcedc3 [VNF,POZ] -> daaab20b-74cb-4439-8d7d-cdc51aef7b79
  467_acd53678 [5PS,J5Y,TU1,WVH] -> 75ae8376-ee13-4ac5-9459-4a6a81a93e94
  467_acd53678 [25S] -> ed4a8146-1d11-40b8-9515-80a4740533e8
  473_ca85e740 [VT2] -> 7d59726e-0465-4e43-914c-ea7c3a805fa5
  474_5043b011 [05D,YCG,A1BZC,0I1] -> f78a7dc1-741c-4964-a9c3-4483e026116b
  474_5043b011 [YCJ,A1BY9,A1BZE,04Y] -> ab5c6b09-bbe8-4652-a8c9-03334d92042c
  474_5043b011 [YBS,A1BZA,A1BZD,A1BZB] -> 53729bad-f9c5-4fba-a692-582c052095c9
  475_74349f57 [X2N] -> 3dfa3c87-4449-47de-9677-d80a6c3cc078
  475_c96c5508 [U51] -> 7a157b4f-4f12-46da-9ae2-983a5f954243
  476_1eccdb5d [PB2,PB2,TMI,06X] -> 4b4e0230-630d-47b7-8093-7d08767c371e
  476_1eccdb5d [CPZ,CGE,TB2,TIC] -> 0817b2ad-6237-4c0c-aa9d-88e8c129d5f0
  476_1eccdb5d [0BV,8PR] -> e92031d4-bc5b-4e10-ba5f-86f34a434b7b
  476_7621de71 [CPZ] -> 17aba892-5324-424c-97e9-be70441eb484
  480_0010cf69 [CL6,RIT,A1BNX,MWY] -> 1c97ec8f-42ac-4f0f-a4e1-a6229d4de1a1
  483_4a1aae09 [0T3,1CA] -> 69a437db-d232-4fd0-8bc0-58cfb9384217
  486_f605e37d [CL6,A1ASQ,A1ASU,A1ASV] -> 94bd6a05-e89d-4bde-8206-c994f7cca018
  486_f605e37d [A1ASP,A1ASS,A1ASO,A1ASR] -> 6df335e5-cde4-4b55-a1f4-779d419456bf
  487_32859637 [X1O,X4E,X2Q,WZN] -> 5a6d4416-bae4-4d2a-8ab7-d2d6368e4a30
  487_32859637 [X1I,X2Q,X1C,8AW] -> 56a650b5-1b43-47df-8c8b-414620471b6d
  487_32859637 [PKT,T0K,O3L,X0E] -> 06f2e347-9ce9-47f7-8627-9c5be31fb39f
  487_32859637 [A1A4S,7AW,NH0,X7D] -> 66fa5d59-f410-44e8-b601-9f8dd40dabb8
  487_32859637 [X6S,NI6,X6V,Z8Z] -> 18ffb8e3-2895-494f-be53-a4fe87389639
  487_32859637 [NJO,6AW,D0R,X5Y] -> 81e579f3-74ae-4545-88bc-0ebc0a3d50c3
  487_32859637 [X71,J9K,A1A07,D81] -> 96c856f5-507b-4fe1-ba67-5156e090a9a6
  487_32859637 [Z9Z,A1APA,A1A4T,RIT] -> ead840ac-ee56-4017-a5f4-5bb8829c73b5
