49 of 185 targets have an MSA
skipping 24 pairs esmfold2 cannot fold
rep 0: 42 pairs to fold
  396_672140e8 [9KE,9KB] -> bacc3e47-f2a0-4fcd-82de-40bf31aba29a
  396_672140e8 [69M,TZM] -> 4a3e6305-4a9c-4818-bc33-6b3bcbd09a85
  396_672140e8 [GGJ,69W] -> da037660-a8a8-496c-85af-47fc67441398
  396_672140e8 [TPF,MQN] -> c0b4b74b-454d-4595-90a9-47948158acd9
  396_672140e8 [69S,KEQ] -> 3a2db668-432e-4dd8-a607-4d34e20b719a
  396_672140e8 [KEZ,Q47] -> ce56b134-a699-4c0d-b259-676ab8faef7e
  396_672140e8 [KEH,N5Z] -> 245c89fb-c178-4a58-aa7d-27b77a806175
  396_672140e8 [N5W,KEB] -> f567e637-6a60-4d09-ab0a-779be95c2220
  396_672140e8 [KEW,ULZ] -> 3f46c021-3d18-4240-9e74-949e6b6423e3
  396_672140e8 [OUC,KE5] -> 19223c8f-209e-4da0-b382-627b7d5c23a3
  396_672140e8 [N55,R2H] -> 0448b490-ceca-42fb-938b-37e89bf4d5bd
  396_672140e8 [KE2,YTT] -> 937c57f1-a55c-4ac8-99e1-56f8276861fe
  418_eb9ea735 [3QO,K2B] -> 84e5de4d-a3f8-4a0a-9fbd-8e93534bfc5e
  454_40de364f [JKF] -> 82557ac4-2371-4dbc-bb91-e773216cbcd2
  461_b17f2608 [ECL,ECN] -> dc187e56-6dc6-4598-b18c-3ea5009e47bc
  461_b17f2608 [KKK] -> a0307824-1b93-4f6b-ab3e-e76f2f31773d
  473_4b734b6b [TPF,TPF] -> 3ed70009-daf5-42af-8bff-d6e9cbeaedfa
  485_6cd5c2fe [KLN,RIT] -> d8f041c7-d223-484f-8e79-b25a87cbec74
  485_6cd5c2fe [MYT,ERY] -> dd02e9a6-acc7-45de-9c64-0f4e61b06a75
  487_8538537b [X74,X7J] -> dec85feb-8e9f-4fb0-9edc-275b41a3b7d5
  487_8538537b [NXR,NYF] -> 152aac33-8aa8-479a-9cdf-1bf0339ea701
  490_6a8e1ea2 [X2N,VT1] -> c7756038-84bd-4c82-8083-ba312af1fd92
rep 1: 42 pairs to fold
  396_672140e8 [9KE,9KB] -> 50371791-5d31-4713-9d58-281b3aaf5905
  396_672140e8 [69M,TZM] -> 6eb50136-3868-4008-a54c-3fb7dac9a029
  396_672140e8 [GGJ,69W] -> 4f90f8e5-d0b5-4792-ae8e-fc537a3d3aaa
  396_672140e8 [TPF,MQN] -> 9f475207-40bc-477c-81f4-6ec284998a8d
  396_672140e8 [69S,KEQ] -> 0bde2f1b-7ef7-41fa-8ef5-7ead0494c1aa
  396_672140e8 [KEZ,Q47] -> dab5a59a-9678-4d08-98e9-11c80afb2a9d
  396_672140e8 [KEH,N5Z] -> 650627aa-5820-4020-ac44-af782e952c5d
  396_672140e8 [N5W,KEB] -> 647a6b94-e862-46d1-8588-515d8ab77dea
  396_672140e8 [KEW,ULZ] -> e192e146-82a3-4492-8155-e8c61c8c1e71
  396_672140e8 [OUC,KE5] -> f3a166dd-e52d-43f0-bfb6-4eb088c93d1d
  396_672140e8 [N55,R2H] -> e4512493-707f-482a-b6a3-961190f8daf7
  396_672140e8 [KE2,YTT] -> 48fe3627-f28e-46b7-9d8e-d22bcb4b9d55
  418_eb9ea735 [3QO,K2B] -> 1052c0da-b368-470d-9539-ede8261052c9
  454_40de364f [JKF] -> 09d69eee-0b06-44ed-8f21-471ec6a45429
  461_b17f2608 [ECL,ECN] -> d9d7256c-bd73-40bf-b38b-34e822d5a559
  461_b17f2608 [KKK] -> 9e3d1ef2-ecac-4415-a413-c55a9edafb00
  473_4b734b6b [TPF,TPF] -> 14b57c3c-bac6-481d-a4e5-029c233ccdb5
  485_6cd5c2fe [KLN,RIT] -> 416b02ef-994a-476c-9297-befa859ad9e1
  485_6cd5c2fe [MYT,ERY] -> 6f74215b-01e7-4a79-955a-4233ac0927be
  487_8538537b [X74,X7J] -> 311907ff-91fa-40d5-8cb8-4b7973c37a12
  487_8538537b [NXR,NYF] -> cdaf70f9-6a5a-4852-a24a-949c76ad8571
  490_6a8e1ea2 [X2N,VT1] -> ead82438-c0e4-448a-81b9-b444b8839970
rep 2: 42 pairs to fold
  396_672140e8 [9KE,9KB] -> 800dcc87-3ad5-43ef-828d-03c2b7a7cfbb
  396_672140e8 [69M,TZM] -> 3eac40ac-91d1-4c00-9129-98038391af95
  396_672140e8 [GGJ,69W] -> 3c60984a-980e-4735-816e-34b677e53c80
  396_672140e8 [TPF,MQN] -> 689bb4fa-75b3-4e2e-9de9-917cbf0a28e5
  396_672140e8 [69S,KEQ] -> 778d8f07-75ad-4b0a-831c-91060028f28b
  396_672140e8 [KEZ,Q47] -> 0f186604-08f9-47b0-9517-92c144e7e4f7
  396_672140e8 [KEH,N5Z] -> 57ab651d-cd19-440b-9562-27b4c1a42cf5
  396_672140e8 [N5W,KEB] -> 56ae2891-6982-4a0a-a76d-f7b61ff13558
  396_672140e8 [KEW,ULZ] -> 011e3a84-7ce1-42dd-99b5-2e57ef0098cf
  396_672140e8 [OUC,KE5] -> 6d1be716-6c0f-48f1-aa66-1e8bbdcc7e21
  396_672140e8 [N55,R2H] -> 30e95b15-daa5-4440-99dc-610810a63c03
  396_672140e8 [KE2,YTT] -> 19a3682d-33fd-4380-bc4d-1513c691cefe
  418_eb9ea735 [3QO,K2B] -> 9599f63a-2194-48b7-a77b-0fac60f2cdf8
  454_40de364f [JKF] -> 450c695c-0c64-4389-b9db-ec9ee905522e
  461_b17f2608 [ECL,ECN] -> 778cfe44-717a-4199-8733-e95d49787050
  461_b17f2608 [KKK] -> 6429f083-da53-4371-a9ab-6cc6a25132bf
  473_4b734b6b [TPF,TPF] -> 26021f81-75db-4814-a941-b75868dbe15f
  485_6cd5c2fe [KLN,RIT] -> 454ba136-d4b3-4013-a9cf-8b6fec0815b5
  485_6cd5c2fe [MYT,ERY] -> f0cf55da-c3b8-48f9-8091-436af667ee47
  487_8538537b [X74,X7J] -> aa0c8e72-bac2-4c77-9c74-2d05b6c357d4
  487_8538537b [NXR,NYF] -> 83d9283f-e873-44e7-9b06-5663288c9e54
  490_6a8e1ea2 [X2N,VT1] -> 5cd97acc-8dc0-4baa-995f-5fe3b63f511c
rep 3: 138 pairs to fold
  396_672140e8 [9KE,9KB] -> 6e63f0eb-2f64-4091-b5b7-6b09f4bbca42
  396_672140e8 [69M,TZM] -> c0406867-d6f5-4321-990d-6c60cd12080d
  396_672140e8 [GGJ,69W] -> 78b906e5-ade2-446f-a868-dad21ef49b3f
  396_672140e8 [TPF,MQN] -> 24357cae-61e0-470d-9bd2-961a1a2f1bf9
  396_672140e8 [69S,KEQ] -> ee11d833-220d-41ab-9950-b619a6b4a95c
  396_672140e8 [KEZ,Q47] -> febb6875-7ef9-40f5-aed0-6b767c8c7258
  396_672140e8 [KEH,N5Z] -> b6df9317-0075-4010-b795-50fbe2b4b916
  396_672140e8 [N5W,KEB] -> ebd68e8b-4cd3-4cf7-b439-b96c0b6fe88d
  396_672140e8 [KEW,ULZ] -> bfe1e296-1f16-4388-9b61-c961c064777b
  396_672140e8 [OUC,KE5] -> 91ea9489-6dc7-40b3-b68f-b8830e3bfcd5
  396_672140e8 [N55,R2H] -> 71a50e46-ffa2-4508-93fd-30e0670ffc76
  396_672140e8 [KE2,YTT] -> 647df966-0cb9-4afe-9f70-b48a82f65e3e
  410_bc4a20dd [OW7,8ZU] -> 04fcb733-ccff-477a-bf67-f38abd0695bd
  418_eb9ea735 [3QO,K2B] -> fb5cea01-3679-425f-bf10-54ed8c0c72ba
  454_40de364f [JKF] -> 0ecb91e8-b1f4-4383-bd52-4fdb8fc6e670
  461_b17f2608 [ECL,ECN] -> 1a84ecfa-d9be-48db-a846-e29275a62619
  461_b17f2608 [KKK] -> b12d0b98-9e2e-4028-93c8-31ac5c82252f
  473_4b734b6b [TPF,TPF] -> ca0e54f7-9b45-4a0e-b2e6-6a3251b39370
  476_aca4f268 [0QA,9PL] -> 57df4830-f65d-419a-98f7-9a93f2a6e39f
  476_aca4f268 [0QA,NCT] -> d7343f29-4b9f-4bc4-9aad-b99f338c1b92
  477_a506c224 [LFV] -> 841d539b-04f1-4ad0-9c5a-a8f4cf2820dc
  479_f5b99101 [SI6,PN0] -> 1d54ff6c-9680-4e61-acb2-53c9cee2774b
  479_f5b99101 [PN0,SI5] -> b3ce1d02-653c-4afd-89e9-acee71c6a587
  479_f5b99101 [AJN] -> 4d34eb8c-dbce-4c55-b783-71210370afa7
  480_0010cf69 [CL6,RIT] -> 2cdd4883-3008-4595-9f14-952ebc7030d8
  480_0010cf69 [A1BNX,MWY] -> 21f8f481-6bf7-4824-8acc-4d1f160c0fb2
  483_4a1aae09 [0T3,1CA] -> 2a3ee8f3-b5be-4238-9921-2b51cec08dc1
  485_6cd5c2fe [KLN,RIT] -> f2aaa1ec-f4ca-4db8-aaaa-34be83dd4369
  485_6cd5c2fe [MYT,ERY] -> 03daff55-4498-4133-8949-1ea2b2b0387e
  486_f605e37d [CL6,A1ASQ] -> f95f7be9-11db-4482-b8fe-8500942eecb4
  486_f605e37d [A1ASU,A1ASV] -> a33a772b-cd53-4267-834f-2b5d80e24a41
  486_f605e37d [A1ASP,A1ASS] -> 8f69785a-9dfb-41d9-90ed-92cabff108f3
  486_f605e37d [A1ASO,A1ASR] -> 951b3aaf-2e32-4720-8ae5-58ee52e1bad3
  487_32859637 [A1A4S,7AW] -> d7bbfd87-a0d7-4a86-9023-3e7b42c84c37
  487_32859637 [NH0,X7D] -> 0a923c47-08bf-4685-9772-da216a32800a
  487_32859637 [X6S,NI6] -> 5b0912bb-1839-4849-8f95-2694dfb31143
  487_32859637 [X6V,Z8Z] -> fe3696b4-ddfe-4150-9f61-0b1e867e12db
  487_32859637 [NJO,6AW] -> 3aba4dd1-5f71-4df2-b729-e8d601e731e4
  487_32859637 [D0R,X5Y] -> 853dce47-81df-4611-a147-fdb0ca435340
  487_32859637 [X71,J9K] -> 46883026-274a-4045-a6a3-981c903406bc
  487_32859637 [A1A07,D81] -> 5ea450ee-7789-472a-a395-c47cc3ab9dc2
  487_32859637 [Z9Z,A1APA] -> 27fd8405-7595-4b4f-81f0-31ead373845c
  487_32859637 [A1A4T,RIT] -> 4c3e936d-b714-4b58-abfe-5d3e5e7cecf0
  487_32859637 [1RD,X7M] -> cf9bc192-fb1d-47b6-bfcf-9e9dc19216ab
  487_32859637 [A1A08,A1A4V] -> 68de6443-2261-408e-8896-0c1830539660
  487_32859637 [A1A06,X7P] -> 9bb0c174-4618-4fcf-b850-75729979ab32
  487_32859637 [QEP,A1A4U] -> 0fb3cc77-ca8c-40bd-a206-16a3ab706adc
  487_32859637 [A1A4K,G1J] -> ddede1a5-e778-4229-9677-6564823dcb39
  487_32859637 [80K,X6J] -> 7992a751-540f-4195-ae62-28edd2864afd
  487_32859637 [G0D,D7M] -> 22cdad90-e909-42e6-bf8f-d68599334377
  487_32859637 [DEJ,D7Y] -> 8787fcea-6bd5-48c8-887b-d12f1d298162
  487_32859637 [O39,NJ0] -> 25aef8a5-50c3-4942-a67a-b8159a0a7c7a
  487_32859637 [QDP,MYT] -> 98066460-a819-48e3-9dd5-750eb769e1bc
  487_32859637 [FZV,QEA] -> efd53e06-1040-4fde-a8fb-83750e6458d8
  487_32859637 [QES,5AW] -> 6239a2df-4078-4ac7-8f1b-b89c2c47bb0e
  487_32859637 [QE4,DJ1] -> cf001ab0-e279-46c8-b6f0-bbc3b1177e67
  487_32859637 [DEV,G0D] -> 8a4023dd-3c74-4948-a96d-fc20fad00a94
  487_32859637 [QDV,QDJ] -> 74d9d55d-831d-4291-b10e-22e3adfbd9ba
  487_32859637 [G0J,FZV] -> f078d105-91c8-4ab2-ad29-f8a75d8f7d72
  487_32859637 [QDY,08J] -> e24244fb-c60b-45fa-9776-e9caefcdf17a
  487_32859637 [CFF,08Y] -> b22f9535-2533-4f79-a31a-08b75e58dcfb
  487_32859637 [MWY,A1CIW] -> fa7d778f-9a47-4c2f-9af4-5d30d0641780
  487_32859637 [MWS] -> 04a1fbc2-6887-48c7-a8a7-68aeb39c066b
  487_8538537b [X74,X7J] -> c6f3520b-093b-461a-b3a8-a5ec8cb8950a
rep 4: 238 pairs to fold
rep 5: 238 pairs to fold
{
  "jobs_submitted": 130,
  "total_jobs": 930
}
