26 of 185 targets have an MSA
rep 0: 23 pairs to fold
  475_83a489fa [TPF] -> 39c41aa2-c46d-40d2-abc8-86eb832703bc
  479_f5b99101 [SI6,PN0,PN0,SI5] -> 7e23468b-4dff-4c98-8d2c-766aa949fd32
  479_f5b99101 [AJN] -> 35507d28-c573-43ca-a549-5e5e8406e823
  487_32859637 [QDY,08J,CFF,08Y] -> 3f067b9d-6c93-41cd-9419-a1627f1d7d3e
  487_32859637 [CFF,MWV,X8S,TCI] -> dbaab9f4-4fc1-4fa1-b7ed-66e928d8e351
  487_32859637 [MWY,A1CIW,MWS] -> e0361d28-83bf-4435-af84-4e38f7efe91b
  487_ecbf61ae [RIT,08Y] -> 768936db-31e0-4bab-a8b5-a88fe327bb79
  489_d6dd2913 [QHC,O4T,O4W] -> c936d539-d510-4408-b4b8-1d8a3520c5d8
  509_e452cdaf [AER] -> 3794c0a2-1875-4f81-b799-1458ef1a94e1
rep 1: 184 pairs to fold
  368_3c6d23e6 [36Y,CPZ,3SQ,36Y] -> 2d7fed3b-be47-4551-a72b-2de72e976d5f
  403_e7509160 [KTN,9AP,ASD,DEB] -> 476a4064-0aa0-43ae-9a76-d80c9ca4021a
  410_bc4a20dd [PQM,PQP,LVC,L4I] -> fc42a5a3-d2fa-4e13-8daa-58a29267eebc
  410_bc4a20dd [M4F,L3K,OW7,8ZU] -> 336d0f69-049b-4518-b412-bc7a3de620da
  410_bc4a20dd [TWO,8ZU,K3Z,QDB] -> 7cd4efe1-8845-4d50-8faa-5b0501531f90
  410_bc4a20dd [1F1,ZRS,LVK,KQR] -> 9a654408-d56e-4118-a829-0eec8ad6fa99
  410_bc4a20dd [VLG,PQS,KQF,Z7Z] -> c8783499-3818-4f65-b05f-98789e8af540
  410_bc4a20dd [JO4,JO4,FIV,JO4] -> 8b4a04b5-19b1-40a7-b8d3-60b6a22d75ad
  410_bc4a20dd [JO4] -> 817c45c3-6f62-4d8a-a5ea-7c3b9a2f9f70
  411_e3e8183c [KLN,CL6,EY5] -> d79ee0e1-d4be-48f7-aade-709f4e8b9f11
  417_0e6cd8b9 [PAM] -> 6979191d-6f01-4910-9e1c-fe2c4417aa5a
  448_7a54e61e [VFV,VNT] -> 28a433b2-16bb-426c-934c-fc2e936d405d
  453_3fc5a1f6 [TPF] -> 417fd230-ea6e-4ec2-bc3e-8c9b26cf9375
  455_d4843705 [TPF] -> bd479fe4-01a2-48c2-a4db-476f31ffb602
  458_c4bcedc3 [VNF,POZ] -> 02f3fdf8-2f5e-406c-81da-25ca88382a3f
  467_acd53678 [5PS,J5Y,TU1,WVH] -> 4a47c47b-f8df-446f-a27b-afa7df94326e
  467_acd53678 [25S] -> 2687434b-6661-4d66-80ac-e89efd55ee04
  469_ec879091 [18I] -> 2a3b73b2-000f-49b1-a953-7333baf9e39b
  473_ca85e740 [VT2] -> 239fd2ec-ea30-407f-a2bb-57a1b7bc1ba1
  474_5043b011 [05D,YCG,A1BZC,0I1] -> ea7a69a4-653d-425a-a365-714e99f8184b
  474_5043b011 [YCJ,A1BY9,A1BZE,04Y] -> 21599ecd-f606-41df-9675-5e512a5ea648
  474_5043b011 [YBS,A1BZA,A1BZD,A1BZB] -> f97ec53c-21e3-48a1-9525-d51588399cf6
  475_74349f57 [X2N] -> de560abd-1ed3-4ff8-9bde-06c2ed5e8714
  475_83a489fa [TPF] -> 8ba08d07-0134-4ebd-ba7f-a5645a0077c2
  475_c96c5508 [U51] -> b722488d-2a9e-401f-ad2d-c95d4d8674a5
