41 of 185 targets have an MSA
rep 0: 21 pairs to fold
  435_b1170faa [M8N,K2B] -> e11a27f6-6efe-485b-8da0-af16a04d61fc
  443_05636834 [VFV] -> 21210986-320c-42c3-8fba-7555c4ebfa99
  446_68e6f289 [VFV,PJM] -> ed181740-73c2-4cd4-95d6-b9079fea9705
  461_217b532e [NEE] -> 10581bfa-3193-4cff-829a-72007fa15897
  467_6a91af88 [26N,TW5] -> 038f7f5d-ba6a-48fd-bb08-f6c9e11e9257
  476_84104a34 [9PL,D2G] -> 3ace06f9-ab7a-41c5-8e56-c0cdcf7e91ce
  476_84104a34 [D3G,D4G] -> 3d72e8b1-8108-46db-9e3e-66d69b9a7107
  476_84104a34 [D1G,NCT] -> 484d247e-a638-48c3-bcf5-5b0d889138b2
  476_84104a34 [8MO] -> 3aabd4e5-9411-498d-88a1-6dae3b292e30
  476_aca4f268 [0QA,9PL] -> ecde954c-b73a-4307-898c-d4a8855be02b
  476_aca4f268 [0QA,NCT] -> 9855fced-c997-4b3f-ac3d-fd94b1483ec5
  477_a506c224 [LFV] -> 187eae01-a613-4491-8ab1-1c4eb7a47fe5
  515_00bd6347 [1YN] -> d88a9ff0-4436-41b4-95e6-67d125e6c1fd
rep 1: 21 pairs to fold
  435_b1170faa [M8N,K2B] -> c0f73c19-b023-484f-bbf9-eaa5583c758d
  443_05636834 [VFV] -> 9ffe53b1-db3d-4060-9cb9-2e638b645c1e
  446_68e6f289 [VFV,PJM] -> ce018119-0f8d-43b1-b329-b99d7cea1329
  461_217b532e [NEE] -> bec38348-636b-4e91-ab32-2c78b1881b09
  467_6a91af88 [26N,TW5] -> 841de0d0-756f-4145-9e4a-3399e9e7b2fd
  476_84104a34 [9PL,D2G] -> 4b70bfe0-f258-43d8-a540-05a501b1b942
  476_84104a34 [D3G,D4G] -> 03dd3452-c7a4-4228-b8ef-cca62fe1e75a
  476_84104a34 [D1G,NCT] -> 06f08095-7b99-4497-aaa8-fdffd449fa14
  476_84104a34 [8MO] -> 1ae9bea2-f5ce-4ab4-94a2-958b97e33ce4
  476_aca4f268 [0QA,9PL] -> f20d451a-39e7-4f41-9e95-faea02eaa040
  476_aca4f268 [0QA,NCT] -> 2e322e74-f452-4a6c-a5d8-3e2b41d27901
  477_a506c224 [LFV] -> 748250c6-280e-4a85-a9a8-f7f2d37078ab
  515_00bd6347 [1YN] -> 362f6b52-4f38-44c0-a426-29d53ed24567
rep 2: 21 pairs to fold
  435_b1170faa [M8N,K2B] -> faddb603-05a1-45b5-890d-43396d076b39
  443_05636834 [VFV] -> 9ac038c2-2972-4e07-b850-30d408b9ff1c
  446_68e6f289 [VFV,PJM] -> 209a3154-65dd-4954-9bac-10ee9429c132
  461_217b532e [NEE] -> 0974d912-4139-453e-a71d-79be4e08f189
  467_6a91af88 [26N,TW5] -> d3e80556-09ea-468c-aedf-022fcd9f7955
  476_84104a34 [9PL,D2G] -> 9a83d34b-0039-4fc1-8945-dc9f1e0650e1
  476_84104a34 [D3G,D4G] -> 01905a17-fcc5-4de9-9d3e-e9540bf96e45
  476_84104a34 [D1G,NCT] -> ce85cac9-6d23-4fc0-b710-e0c24aa4c00c
  476_84104a34 [8MO] -> 0264fe05-3944-43ae-a196-76d6a2539a09
  476_aca4f268 [0QA,9PL] -> 7f77aa64-8c0d-48d9-b6e4-202aad587de7
  476_aca4f268 [0QA,NCT] -> 7b9a8a72-f2a8-4f86-8b0c-fe20e52b27bb
  477_a506c224 [LFV] -> 7c6ae3ee-74f3-4299-af6c-7e1d69bc9f7e
  515_00bd6347 [1YN] -> 576d71fe-e447-4a62-9d60-d088772a0dda
rep 3: 21 pairs to fold
  435_b1170faa [M8N,K2B] -> 56449e2b-8eb1-42ef-bbd0-2286d4ae9590
  443_05636834 [VFV] -> 7cc9fc2e-fa5b-462c-bf34-2f0f5e6fb31e
  446_68e6f289 [VFV,PJM] -> 87cf09cf-ed7a-49d9-a0b5-7a9a7e93914e
  461_217b532e [NEE] -> 6d4fc744-3fae-4f89-baf3-21637587ad52
  467_6a91af88 [26N,TW5] -> 0c918162-06b7-4f3a-99e4-7aab889d3c28
  476_84104a34 [9PL,D2G] -> 1cf2d82a-ca00-4f9f-9b5a-9775fce10022
  476_84104a34 [D3G,D4G] -> 3a87badd-a613-4cb8-9f79-cc17001125ed
  476_84104a34 [D1G,NCT] -> d42f0fba-4fe5-4f76-8017-30a1bef412e7
  476_84104a34 [8MO] -> 34ed2fe8-37ca-4cf5-a065-77d54782109c
  476_aca4f268 [0QA,9PL] -> 6ce52f54-ffc3-4ab6-ab05-d2cb3935c82e
  476_aca4f268 [0QA,NCT] -> eacdcde4-43fd-4e1f-8ffd-cd0dc886906f
  477_a506c224 [LFV] -> 72f7baab-36ec-4e68-93e3-292a79a6d246
  515_00bd6347 [1YN] -> 73177064-b1c7-411f-977b-c1a95c2ee7a2
rep 4: 21 pairs to fold
  435_b1170faa [M8N,K2B] -> 2f00ebbd-a2cd-4f8e-980f-ec7cf6ee669c
  443_05636834 [VFV] -> dd7eb8db-195a-492a-ab7d-39cb7b8d958d
  446_68e6f289 [VFV,PJM] -> 1f5c2579-7148-4b09-90d8-251dd5ac182e
  461_217b532e [NEE] -> b1378290-85e0-42f1-9694-f35c193c7060
  467_6a91af88 [26N,TW5] -> 2219fa59-0bc4-4887-b11f-f02688d84bc6
  476_84104a34 [9PL,D2G] -> 50ab27e1-f78c-4fb1-a80d-8379f39b0cfc
  476_84104a34 [D3G,D4G] -> c673613e-d3ec-4e4c-bba4-ce2fcd21db5e
  476_84104a34 [D1G,NCT] -> d1afebf4-5624-4ab2-a13b-bd8ac10e8a42
  476_84104a34 [8MO] -> c5b43745-07e6-43e1-ad35-ecb7a174d12a
  476_aca4f268 [0QA,9PL] -> 3edfdec2-1e66-431a-8221-2402d7219009
  476_aca4f268 [0QA,NCT] -> 4a196e9e-e180-41bd-9cb0-c4e19312cd98
  477_a506c224 [LFV] -> d8ddae55-7976-4a91-8f17-df65a72982db
  515_00bd6347 [1YN] -> f3e80b84-521f-49cf-a43f-5da855a8d4df
rep 5: 185 pairs to fold
  411_e3e8183c [EY5] -> ab1f0888-fc99-451d-8743-fc1eb39ce978
  414_949a8532 [KKK,6XF] -> eff82b3f-191a-476a-b9e1-4806c9df2a91
  417_0e6cd8b9 [PAM] -> 6efbe25b-9cd9-42db-a2b9-bf60f0399df1
  435_b1170faa [M8N,K2B] -> df018ddf-d479-4d68-bf1d-8448a2aa1c98
  443_05636834 [VFV] -> ad05a52c-425c-465e-b07c-1cfeb9f3fd8a
  446_68e6f289 [VFV,PJM] -> df95ca79-6573-479f-b3d2-0666b2228b7b
  448_7a54e61e [VFV,VNT] -> 6abb3742-8efe-4b12-8b00-6728a0a22442
  450_9c481af8 [VNI] -> a15005d6-e58f-408e-88fd-2b8396f99f34
  453_3fc5a1f6 [TPF] -> 3207632e-8210-4cbf-a3f3-72caddeb2697
  455_d4843705 [TPF] -> dbaa72d5-2907-4c56-b396-82e1afdfd178
  458_c4bcedc3 [VNF,POZ] -> 3f859eee-0583-4603-be2d-5517fb40f1f1
  460_2af8865f [LFD,LFS] -> 0ae7fdba-922d-4fd2-abae-afd253659e76
  460_2af8865f [LFT,VT1] -> 73a77ad0-8e4e-409f-a69c-3de505681e7f
  460_2af8865f [UDO,UDD] -> dd3eaa51-82a5-4814-88c1-2ed19c1a473e
  461_217b532e [NEE] -> d0c82103-a841-4853-af21-31993fc90fe9
  467_6a91af88 [26N,TW5] -> bcd2b507-c2b9-457b-96a6-3f60d5e712fb
  467_acd53678 [5PS,J5Y] -> 9771154c-5ac6-4ed2-b2d7-71c6c7fcdc1b
  467_acd53678 [TU1,WVH] -> cc47f085-7af9-43bc-a1b1-8dacb2be6f75
  467_acd53678 [25S] -> eb786c3f-bf42-4474-b704-d042f446f1e7
  469_ec879091 [18I] -> d5767bc5-f64b-4bca-ac51-6386692a1fa8
  470_4634f49c [VNI,VOR] -> 78ec4cbf-1df9-4f32-83be-c0f941c8a2ac
  473_ca85e740 [VT2] -> 02213169-0396-424a-8621-669614618fa8
  474_5043b011 [05D,YCG] -> 0c337a8a-579d-43a2-8a26-2e4cbdb32cc3
  474_5043b011 [A1BZC,0I1] -> 4749a356-7107-4530-842d-540d342aeeb8
  474_5043b011 [YCJ,A1BY9] -> 3428eb66-2dc5-4559-b587-ddbb10ebfb0a
  474_5043b011 [A1BZE,04Y] -> 5c649ef9-6746-4056-af85-9d97004a2773
  474_5043b011 [YBS,A1BZA] -> dbd44ead-8f0f-4b64-b2df-bdeabed434f6
  474_5043b011 [A1BZD,A1BZB] -> b726dfcd-83a5-42b8-8e6b-65499da2a3ff
  475_74349f57 [X2N] -> a55574aa-d0bb-4ab7-b4fa-d78b3d028744
  475_83a489fa [TPF] -> 82d22c7b-3bab-42f0-8dde-6b50133812f2
  475_c96c5508 [U51] -> 78fa37b8-d08a-49f2-a01d-d0339754accd
  476_1eccdb5d [PB2,PB2] -> 0555f913-af9b-416a-bba4-cc2e265a0360
  476_1eccdb5d [TMI,06X] -> 141267a2-8425-4c98-8c7f-b40e75519757
  476_1eccdb5d [CPZ,CGE] -> f9dbf7fb-7354-4db2-8849-d7b753920e07
  476_1eccdb5d [TB2,TIC] -> 07534525-4cdf-4ccc-885e-4d71f10f55d7
  476_1eccdb5d [0BV,8PR] -> 14b33698-e1ef-4237-94b5-9fe807681a87
  476_7621de71 [CPZ] -> 088973aa-3698-4f34-871e-3710bc833619
  476_84104a34 [9PL,D2G] -> ab99b600-8881-4a6e-87b3-9615b00a31a0
  476_84104a34 [D3G,D4G] -> 99acd6d5-0ab6-467b-96dd-576eea37d0a1
  476_84104a34 [D1G,NCT] -> eed49641-b5af-4949-960a-697f0c22fe90
  476_84104a34 [8MO] -> 4b15aea4-0cdc-4f28-8233-3eeeb90ef287
  476_aca4f268 [0QA,9PL] -> 672bd08a-0640-4d0b-a540-29b8d8ece242
  476_aca4f268 [0QA,NCT] -> 292a7c68-6433-40a6-8082-bd38d9d05fb5
  477_a506c224 [LFV] -> 6f8207a3-9f25-42ce-b030-92109a0861ce
  479_f5b99101 [SI6,PN0] -> 9ccdb32d-1323-43c2-822e-89803608a07e
  479_f5b99101 [PN0,SI5] -> d1f57eb6-9da1-4e89-8895-2d774c49fa35
  479_f5b99101 [AJN] -> 7bb1667d-c390-4e9e-9c55-15c4c9b2d3e6
  480_0010cf69 [CL6,RIT] -> 15fe1efc-0430-4f45-bf16-70ddaeef0134
  480_0010cf69 [A1BNX,MWY] -> 8c3eddd3-83c2-4089-921a-521db183bbb6
  483_4a1aae09 [0T3,1CA] -> c17bd572-9a2e-4e4c-9d18-c41a3d314816
  486_f605e37d [CL6,A1ASQ] -> 8770c8e4-85e5-4de1-a5cb-c27758f2372a
  486_f605e37d [A1ASU,A1ASV] -> 46e8bef1-6dbe-47d3-b222-1e381e70db47
  486_f605e37d [A1ASP,A1ASS] -> 5818d9b7-f717-4af5-92d6-c94fc5ed8e8f
  486_f605e37d [A1ASO,A1ASR] -> 830e2709-ca54-46fb-a2ef-1f0f833a6d7c
  487_32859637 [X1O,X4E] -> dafaca4d-6208-4abd-ad8b-b26e3c00dbef
  487_32859637 [X2Q,WZN] -> 55e87479-d188-4c0d-8230-ab2051ca5a29
  487_32859637 [X1I,X2Q] -> fd8326d9-20c7-4502-9c5b-fcdc53b14040
  487_32859637 [X1C,8AW] -> 5bb3876d-7f25-422e-ab36-07714a76f3a0
  487_32859637 [PKT,T0K] -> 1b4a0401-b47e-4def-8c9e-7ccf3bf7a734
  487_32859637 [O3L,X0E] -> e76e180c-a5bc-4b06-8180-bb3973c1f5a5
  487_32859637 [A1A4S,7AW] -> 71a7ef4b-763e-4bb8-a743-cdfad617525e
  487_32859637 [NH0,X7D] -> c0108731-8e28-4c3e-89cc-ac9c77d3f9a7
  487_32859637 [X6S,NI6] -> 67616a71-45b8-4241-a534-5b5a7f12699f
  487_32859637 [X6V,Z8Z] -> 6c460f32-87e5-4f31-a73e-57ef86e9d0e9
  487_32859637 [NJO,6AW] -> ce2c6eac-4d6f-4a04-b03a-57d849932a65
  487_32859637 [D0R,X5Y] -> ecbfda76-474d-45bf-aec0-0b944be5afdc
  487_32859637 [X71,J9K] -> b7e8da1e-a8ac-4cc4-80f0-cfb239d7355a
  487_32859637 [A1A07,D81] -> 13441d6d-b470-4247-a537-8f2d3c91a5da
  487_32859637 [Z9Z,A1APA] -> 738a5c39-8329-43ab-90ed-0738bacdf269
  487_32859637 [A1A4T,RIT] -> a9dc2b24-abf4-44b7-9294-1fee283869c9
  487_32859637 [1RD,X7M] -> d9a00732-de33-4bc3-9be8-649b55cb7d4b
  487_32859637 [A1A08,A1A4V] -> 7a1c7da9-9c1d-4375-8a2f-acfebaaf97ff
  487_32859637 [A1A06,X7P] -> cf8b43a7-bec8-41d0-b274-b07722c1ebe7
  487_32859637 [QEP,A1A4U] -> 229bb20d-59ae-48a0-9255-9d79b800f8d7
  487_32859637 [X2B,G0V] -> 3e53cfe1-9e23-4610-8946-55d95a974e13
rep 6: 220 pairs to fold
rep 7: 220 pairs to fold
rep 8: 220 pairs to fold
rep 9: 220 pairs to fold
{
  "jobs_submitted": 140,
  "total_jobs": 727
}
