49 of 185 targets have an MSA
rep 0: 42 pairs to fold
  396_672140e8 [9KE,9KB] -> 7fa4b1fa-d3be-42dd-80f0-9a53720bfe93
  396_672140e8 [69M,TZM] -> b9a07438-96bb-43a5-997a-6c2f82b37579
  396_672140e8 [GGJ,69W] -> 448b9de9-bce6-459f-847b-67f652dd2a50
  396_672140e8 [TPF,MQN] -> f7780c49-2caa-4a26-8954-2bb8c08e5792
  396_672140e8 [69S,KEQ] -> f9f4de3d-6c5b-4f31-961f-560b4233763d
  396_672140e8 [KEZ,Q47] -> 6020f0ed-4bf3-4429-8854-09192614e160
  396_672140e8 [KEH,N5Z] -> 5f98a7df-ce2a-4e79-9a92-ca8636715f3a
  396_672140e8 [N5W,KEB] -> 92967b87-c6f3-4c4c-ba64-7b14d559fe4c
  396_672140e8 [KEW,ULZ] -> 4c36d7a8-d8d0-47b6-b256-e41f692a7c48
  396_672140e8 [OUC,KE5] -> 3d06cefe-7686-49b6-9191-9f2fe460b2c1
  396_672140e8 [N55,R2H] -> a38ec9af-05ca-43bb-957a-a0fb1b499902
  396_672140e8 [KE2,YTT] -> 60676dc6-345a-4119-9901-b02ae55ca35b
  418_eb9ea735 [3QO,K2B] -> 39304467-4530-4e0d-b3bc-9b1f428e86d7
  454_40de364f [JKF] -> d8de98f1-19a1-4cf4-a879-c90a7902d5db
  461_b17f2608 [ECL,ECN] -> f7d4eb39-91ce-426e-8427-ebc98b5d25f1
  461_b17f2608 [KKK] -> c3f9976e-a933-4f95-9e66-6dfb297ae915
  473_4b734b6b [TPF,TPF] -> 2737eff2-7b30-4324-aa8c-4fcd77b33f07
  485_6cd5c2fe [KLN,RIT] -> 3277c009-b865-4e25-a0fe-835447aca450
  485_6cd5c2fe [MYT,ERY] -> 3c7bb259-d545-4bee-8bca-815e67c4b6d0
  487_8538537b [X74,X7J] -> b64ef868-6aa1-45d4-b5b9-096e511da9c7
  487_8538537b [NXR,NYF] -> 039ee09c-96db-45b9-873d-fc84016b2ca0
  490_6a8e1ea2 [X2N,VT1] -> d1f68481-6be1-43e3-80a2-f7bd797c95e3
rep 1: 42 pairs to fold
  396_672140e8 [9KE,9KB] -> a3674a16-db81-44e2-92c2-ba95fde9b784
  396_672140e8 [69M,TZM] -> 65cf5129-a00c-433e-8c94-aef92e54d82c
  396_672140e8 [GGJ,69W] -> 53c7938e-7702-4f5b-930a-450ea23d4e31
  396_672140e8 [TPF,MQN] -> 65bf9912-1e87-4510-b63b-9e2e92009818
  396_672140e8 [69S,KEQ] -> 661bea67-4c33-44dd-b049-c68a324c6711
  396_672140e8 [KEZ,Q47] -> 67d4c354-6fe6-4e5d-84c2-3678cde14613
  396_672140e8 [KEH,N5Z] -> 3e11db9d-619f-4256-aa29-0c4d54603a60
  396_672140e8 [N5W,KEB] -> b671f111-1fc7-4b26-81f2-e6c25be04921
  396_672140e8 [KEW,ULZ] -> fc6f9ebe-ddf8-4e61-8760-b9f1604e6cbb
  396_672140e8 [OUC,KE5] -> ddaea928-4bd3-4041-85a8-1011730167dc
  396_672140e8 [N55,R2H] -> 337c8346-9384-47e4-9931-08900fe74d65
  396_672140e8 [KE2,YTT] -> 86cdf787-469f-4779-b8ba-6dbd7c43e7d0
  418_eb9ea735 [3QO,K2B] -> a8041e37-b9c7-463b-be1d-565263cc2356
  454_40de364f [JKF] -> cbaee300-a21d-440f-875b-d19c05173c2b
  461_b17f2608 [ECL,ECN] -> d9c3b15a-5d74-4b4e-be72-3a312f1dded3
  461_b17f2608 [KKK] -> 0486f6df-b591-402b-9009-43501873439b
  473_4b734b6b [TPF,TPF] -> 5dad1db8-7a7c-4dae-8f1a-ad9096aebabd
  485_6cd5c2fe [KLN,RIT] -> e88a6f6c-3eb1-413a-be34-b3f9a4fb6d70
  485_6cd5c2fe [MYT,ERY] -> 963f76f6-e8bb-4df9-ad96-e0ade045a162
  487_8538537b [X74,X7J] -> cd43bf64-d8b4-47f6-ab3c-2128a84def6d
  487_8538537b [NXR,NYF] -> 31545c74-f2ec-4989-b45c-0d0ce3b9d785
  490_6a8e1ea2 [X2N,VT1] -> 28aafb67-6133-45a6-af62-cbd943cb00be
rep 2: 48 pairs to fold
  396_672140e8 [9KE,9KB] -> edb2dca6-3401-4915-b91c-70ab6fff9335
  396_672140e8 [69M,TZM] -> e7abc954-cf67-41fe-80ed-2f82b5420d19
  396_672140e8 [GGJ,69W] -> 5fd6fecc-9e61-4713-8a1f-daf03d9fbf44
  396_672140e8 [TPF,MQN] -> 0595ae51-5288-44c6-a163-77543e325235
  396_672140e8 [69S,KEQ] -> 390b5c21-5f0b-4334-8304-d304b9e50e21
  396_672140e8 [KEZ,Q47] -> 8efffe55-33e5-421e-9b04-f24baddc025b
  396_672140e8 [KEH,N5Z] -> 0082ea70-f124-4885-a14e-47feaba21efd
  396_672140e8 [N5W,KEB] -> f99f820c-f79a-4912-a8c2-d228ac507c06
  396_672140e8 [KEW,ULZ] -> 21bcfcd5-766f-425d-984f-0bd22904069d
  396_672140e8 [OUC,KE5] -> f75915df-55cb-472e-a4d5-cac78df83172
  396_672140e8 [N55,R2H] -> 0a012668-f271-48fb-9b7b-2444dcc59802
  396_672140e8 [KE2,YTT] -> 1605be30-c10f-4cfe-b9e1-c30c7165748a
  418_eb9ea735 [3QO,K2B] -> 643b7de9-1a16-4992-a82d-4e72be02a3ef
  454_40de364f [JKF] -> 27213f9e-16e4-42cc-8e05-4bbb00ac2f9f
  461_b17f2608 [ECL,ECN] -> 8b89e62d-44d9-4f52-b8cc-967fa6529563
  461_b17f2608 [KKK] -> 6b587edf-a153-4737-a5cb-b8f76eefeca5
  473_4b734b6b [TPF,TPF] -> 1ed49abe-ac61-4f83-94d7-8245c532d266
  476_aca4f268 [0QA,9PL] -> 77ca95d3-b4d1-465c-b425-937eed4e9bdc
  476_aca4f268 [0QA,NCT] -> a3bf62d1-f826-4fd7-b2ed-d1954ce161d2
  477_a506c224 [LFV] -> 2faa229c-8931-427a-921d-5cada451cbca
  485_6cd5c2fe [KLN,RIT] -> 1f9ec02a-0174-45c6-b0af-4dba1c0f0f70
  485_6cd5c2fe [MYT,ERY] -> 52f456b3-29df-4772-8be5-04fc6d3a692b
  487_8538537b [X74,X7J] -> d18df472-114a-4f8b-9504-e604bf42166c
  487_8538537b [NXR,NYF] -> d6607682-2d9e-4a21-8daa-89f5930c69be
  490_6a8e1ea2 [X2N,VT1] -> 2ebb30b1-2e0e-4b68-a5e9-f42e7a480c08
  515_00bd6347 [1YN] -> 5ecfd01e-cb5b-480c-8561-ca21d8edcaeb
rep 3: 63 pairs to fold
  396_672140e8 [9KE,9KB] -> f220dfab-02d2-4d1b-a3dc-d64668d889cf
  396_672140e8 [69M,TZM] -> 1fcb4184-1486-4fe6-9983-b56a538494e6
  396_672140e8 [GGJ,69W] -> 1e47d9b4-5d11-4dd1-aee1-9290b2e4da56
  396_672140e8 [TPF,MQN] -> a6beae83-41ae-4b71-ad09-efa5119b0ed8
  396_672140e8 [69S,KEQ] -> 80abe35d-6b8b-4669-907a-60b37c91fc07
  396_672140e8 [KEZ,Q47] -> d04e2f1a-8697-4418-93d4-98ffa1bd0924
  396_672140e8 [KEH,N5Z] -> b610b00b-bb60-4fb6-abac-afbd1495d035
  396_672140e8 [N5W,KEB] -> c4be3026-7766-42b7-964d-eb037d546fc5
  396_672140e8 [KEW,ULZ] -> 2a184ffc-da1d-4db0-93b1-00d1f20d3547
  396_672140e8 [OUC,KE5] -> 259b7d81-79c4-46c8-a8f0-64b483172669
  396_672140e8 [N55,R2H] -> 0be622e3-9d85-4d47-8554-5482a97f950c
  396_672140e8 [KE2,YTT] -> 49402736-1ad0-4227-9448-2d9d36e96326
  418_eb9ea735 [3QO,K2B] -> 89942817-19f4-4674-a6d4-46a8bb6c1170
  435_b1170faa [M8N,K2B] -> cacb70fd-5404-4731-bc09-834d1b4b7d00
  443_05636834 [VFV] -> f694ac56-356f-4551-ad64-745d574a14a5
  446_68e6f289 [VFV,PJM] -> 843d9fe7-a2c4-4ac8-b383-743667f1914e
  454_40de364f [JKF] -> f349f08c-b1cc-43d9-80e0-0a9b3acbc676
  461_217b532e [NEE] -> 4bb6e172-d9a3-4437-9d5e-760fdab990eb
  461_b17f2608 [ECL,ECN] -> 527476c3-0c9e-49c0-9627-b2c8aeee4221
  461_b17f2608 [KKK] -> 190b3c3d-2555-4f88-b396-d5186e978bcc
  467_6a91af88 [26N,TW5] -> a254d16c-4e7d-4ad3-be72-71d585ddf0a3
  473_4b734b6b [TPF,TPF] -> 3d487496-206b-4922-b255-a7980acd83d0
  476_84104a34 [9PL,D2G] -> e189d07a-6de3-4843-8d57-150032eefcab
  476_84104a34 [D3G,D4G] -> 6c055f9b-1bd8-47fb-9372-72967421eb18
  476_84104a34 [D1G,NCT] -> 5e855822-1832-4df5-92fc-74079f9ac425
  476_84104a34 [8MO] -> 7ef8e59c-777a-442f-bf55-82ac4e96769e
  476_aca4f268 [0QA,9PL] -> 06a6e774-94e4-4043-8110-4319c9d30102
  476_aca4f268 [0QA,NCT] -> 912f7773-785b-471e-84e7-6412508560ac
  477_a506c224 [LFV] -> 05d1f35f-9e59-41d6-9dd2-fd21ae56d336
  485_6cd5c2fe [KLN,RIT] -> 9c63d262-6971-4a86-a638-771cf00d3368
  485_6cd5c2fe [MYT,ERY] -> 0daba167-0aed-4e78-ae7e-c45ed1112da6
  487_8538537b [X74,X7J] -> a533ae24-1767-4581-b5d0-0d45cd2fdb5c
  487_8538537b [NXR,NYF] -> 760b66e5-a9a0-4b9b-af76-aed8c84246fc
  490_6a8e1ea2 [X2N,VT1] -> c584e777-5f6b-4deb-8743-48f1b04aae96
  515_00bd6347 [1YN] -> 6e76e4f1-2d08-4e6b-b999-2f25336862db
rep 4: 63 pairs to fold
  396_672140e8 [9KE,9KB] -> 44c5aa12-5154-45ed-ada1-fb1ea4f5185d
  396_672140e8 [69M,TZM] -> 17db8410-f525-4f54-b365-e176e3b5a4d9
  396_672140e8 [GGJ,69W] -> 51ddeaab-4145-4aed-8ef6-b157733fe6e9
  396_672140e8 [TPF,MQN] -> 3b853a2f-a7c4-4252-b68a-40483e75ae16
  396_672140e8 [69S,KEQ] -> ed1416b0-af27-4596-a93c-fb79d6c84b51
  396_672140e8 [KEZ,Q47] -> 4adc3860-d4ee-489c-994a-8fc26d13e384
  396_672140e8 [KEH,N5Z] -> 449aff37-2927-492c-856e-9d07f1fe2f5a
  396_672140e8 [N5W,KEB] -> 5d2d1725-6b75-4ad0-b917-7c459aa0793b
  396_672140e8 [KEW,ULZ] -> 217b3455-ab7d-4c27-9b17-45f7c9e52536
  396_672140e8 [OUC,KE5] -> 70de3d20-cf74-481b-afc2-a47509a8213d
  396_672140e8 [N55,R2H] -> e75fe514-d479-451f-a5a3-4933f3245701
  396_672140e8 [KE2,YTT] -> f3eb7c39-f4ba-497f-af2a-d996593f2454
  418_eb9ea735 [3QO,K2B] -> f36fbe95-7d30-4d08-b405-c87d1928bdae
  435_b1170faa [M8N,K2B] -> 0b7fabd1-6df7-4227-b5e2-598980662c12
  443_05636834 [VFV] -> 59cf448e-41ff-469f-a231-657888d7b7a5
  446_68e6f289 [VFV,PJM] -> b0025d13-3a45-44b5-a546-5ae6478499ae
  454_40de364f [JKF] -> 048472ef-827b-4ea1-a8ed-ddfb7d5f370f
  461_217b532e [NEE] -> cee48984-81ea-4767-a3b1-8312a29f9db2
  461_b17f2608 [ECL,ECN] -> 3c95d4e5-94d6-462c-829d-8643365d6310
  461_b17f2608 [KKK] -> f45d5bab-4cb8-4689-bb88-d7e13b726624
  467_6a91af88 [26N,TW5] -> e017b2bb-fbee-4198-a389-2046f5458ec0
  473_4b734b6b [TPF,TPF] -> 354bc581-305f-421c-ba6f-759fe7f1e8fc
  476_84104a34 [9PL,D2G] -> 41676f92-9812-416d-9afc-7bcf8ce3f23e
  476_84104a34 [D3G,D4G] -> b7a84bed-97b1-4c17-a256-10963533eb63
  476_84104a34 [D1G,NCT] -> fb953854-e08f-43a7-b319-1f362c89dd06
rep 5: 227 pairs to fold
rep 6: 262 pairs to fold
rep 7: 262 pairs to fold
rep 8: 262 pairs to fold
rep 9: 262 pairs to fold
{
  "jobs_submitted": 130,
  "total_jobs": 892
}
